<html>
<body>
<pre>
<h1>礦ision Build Log</h1>
<h2>Project:</h2>
D:\Keil 5 Stm32 Projects\STM32F407-Explorer\简易MP3播放器\OUTPUT\My_Project.uvproj
Project File Date:  04/24/2015

<h2>Output:</h2>
Build target 'My_Project'
linking...
Program Size: Code=73100 RO-data=20376 RW-data=264 ZI-data=1225920  
FromELF: creating hex file...
".\My_Project.axf" - 0 Error(s), 0 Warning(s).
Load "D:\\Keil 5 Stm32 Projects\\STM32F407-Explorer\\简易MP3播放器\\OUTPUT\\My_Project.axf" 
Set JLink Project File to "D:\Keil 5 Stm32 Projects\STM32F407-Explorer\简易MP3播放器\OUTPUT\JLinkSettings.ini"
 
JLink info:
------------
DLL: V4.35b, compiled Sep  2 2011 18:34:46
Firmware: J-Link ARM V8 compiled May 27 2009 17:31:22
Hardware: V8.00
S/N : 799713843 
Feature(s) : RDI,FlashDL,FlashBP,JFlash,GDBFULL 
 
* JLink Info: Found SWD-DP with ID 0x2BA01477
* JLink Info: TPIU fitted.
* JLink Info: ETM fitted.
* JLink Info:   FPUnit: 6 code (BP) slots and 2 literal slots
* JLink Info: Found Cortex-M4 r0p1, Little endian.
ROMTableAddr = 0xE00FF003
* JLink Info: Found SWD-DP with ID 0x2BA01477
* JLink Info: TPIU fitted.
* JLink Info: ETM fitted.
* JLink Info:   FPUnit: 6 code (BP) slots and 2 literal slots
* JLink Info: Found Cortex-M4 r0p1, Little endian.
 
Target info:
------------
Device: STM32F407ZG
VTarget = 3.313V
State of Pins: 
TCK: 0, TDI: 1, TDO: 1, TMS: 0, TRES: 1, TRST: 1
Hardware-Breakpoints: 6
Software-Breakpoints: 8192
Watchpoints:          4
JTAG speed: 4800 kHz
 
Erase Done.
Programming Done.
Verify OK.
* JLink Info: Found SWD-DP with ID 0x2BA01477
* JLink Info: TPIU fitted.
* JLink Info: ETM fitted.
* JLink Info:   FPUnit: 6 code (BP) slots and 2 literal slots
* JLink Info: Found Cortex-M4 r0p1, Little endian.
Application running ...
</pre>
</body>
</html>
