<html>
<body>
<pre>
<h1>礦ision Build Log</h1>
<h2>Tool Versions:</h2>
IDE-Version: μVision V5.20.0.0
Copyright (C) 2016 ARM Ltd and ARM Germany GmbH. All rights reserved.
License Information: zzk zzk, ccsu, LIC=76F56-D59QT-12KLE-5T3GZ-SW4Z5-CQ2T1
 
Tool Versions:
Toolchain:       MDK-ARM Plus  Version: 5.20
Toolchain Path:  D:\Keil_v5\ARM\ARMCC\Bin
C Compiler:      Armcc.exe V5.06 update 2 (build 183)
Assembler:       Armasm.exe V5.06 update 2 (build 183)
Linker/Locator:  ArmLink.exe V5.06 update 2 (build 183)
Library Manager: ArmAr.exe V5.06 update 2 (build 183)
Hex Converter:   FromElf.exe V5.06 update 2 (build 183)
CPU DLL:         SARMCM3.DLL V5.20
Dialog DLL:      DCM.DLL V1.13.7.0
Target DLL:      STLink\ST-LINKIII-KEIL_SWO.dll V2.0.18.0
Dialog DLL:      TCM.DLL V1.14.9.0
 
<h2>Project:</h2>
E:\STM32F4xx资料\STM32F429\ATKF429开发板库函数版例程\ATKSTM32F429开发板库函数版例程V6.0\STM32F429 LWIP例程\网络实验8 NETCONN_TCP客户端实验\USER\NETWORK.uvprojx
Project File Date:  02/24/2016

<h2>Output:</h2>
*** Using Compiler 'V5.06 update 2 (build 183)', folder: 'D:\Keil_v5\ARM\ARMCC\Bin'
Build target 'NETWORK'
assembling startup_stm32f429xx.s...
compiling stm32f4xx_it.c...
compiling stm32f4xx_hal_pwr.c...
compiling stm32f4xx_hal.c...
compiling main.c...
compiling system_stm32f4xx.c...
compiling stm32f4xx_hal_cortex.c...
compiling stm32f4xx_hal_gpio.c...
compiling stm32f4xx_hal_pwr_ex.c...
compiling stm32f4xx_hal_rcc_ex.c...
compiling stm32f4xx_hal_dma_ex.c...
compiling stm32f4xx_hal_usart.c...
compiling stm32f4xx_hal_rcc.c...
compiling stm32f4xx_hal_dma.c...
compiling stm32f4xx_hal_uart.c...
compiling stm32f4xx_hal_tim_ex.c...
compiling stm32f4xx_hal_tim.c...
compiling stm32f4xx_hal_sdram.c...
compiling stm32f4xx_ll_fmc.c...
compiling stm32f4xx_hal_ltdc_ex.c...
compiling stm32f4xx_hal_sram.c...
compiling stm32f4xx_hal_ltdc.c...
compiling stm32f4xx_hal_dma2d.c...
compiling stm32f4xx_hal_eth.c...
compiling delay.c...
compiling sys.c...
compiling usart.c...
compiling led.c...
compiling key.c...
compiling lcd.c...
compiling timer.c...
compiling sdram.c...
compiling lan8720.c...
compiling usmart.c...
compiling pcf8574.c...
compiling myiic.c...
compiling ltdc.c...
compiling malloc.c...
compiling usmart_str.c...
compiling ethernetif.c...
compiling tcp_client_demo.c...
compiling usmart_config.c...
compiling etharp.c...
compiling lwip_comm.c...
compiling autoip.c...
compiling inet.c...
compiling icmp.c...
compiling inet_chksum.c...
compiling ip_addr.c...
compiling igmp.c...
compiling ip.c...
compiling ip_frag.c...
compiling def.c...
compiling dhcp.c...
compiling init.c...
compiling mem.c...
compiling dns.c...
compiling memp.c...
compiling netif.c...
compiling pbuf.c...
compiling raw.c...
compiling stats.c...
compiling tcp_in.c...
compiling tcp_out.c...
..\LWIP\lwip-1.4.1\src\core\tcp_out.c(845): warning:  #550-D: variable "tcphdr" was set but never used
    struct tcp_hdr *tcphdr;
..\LWIP\lwip-1.4.1\src\core\tcp_out.c(1367): warning:  #550-D: variable "tcphdr" was set but never used
    struct tcp_hdr *tcphdr;
..\LWIP\lwip-1.4.1\src\core\tcp_out.c: 2 warnings, 0 errors
compiling tcp.c...
compiling timers.c...
compiling udp.c...
compiling sys_arch.c...
compiling api_lib.c...
compiling err.c...
compiling netbuf.c...
compiling api_msg.c...
compiling cpu_c.c...
compiling cpu_core.c...
compiling netdb.c...
assembling cpu_a.asm...
compiling lib_ascii.c...
compiling netifapi.c...
compiling lib_math.c...
assembling lib_mem_a.asm...
compiling lib_mem.c...
compiling lib_str.c...
compiling os_core.c...
compiling os_flag.c...
compiling os_mbox.c...
compiling os_mem.c...
compiling os_q.c...
compiling os_mutex.c...
compiling os_sem.c...
compiling os_tmr.c...
compiling os_time.c...
compiling os_task.c...
assembling os_cpu_a.asm...
compiling tcpip.c...
compiling cpu_bsp.c...
compiling sockets.c...
compiling bsp.c...
compiling app_hooks.c...
compiling os_cpu_c.c...
linking...
Program Size: Code=102970 RO-data=20018 RW-data=752 ZI-data=33690632  
FromELF: creating hex file...
"..\OBJ\Tempate.axf" - 0 Error(s), 2 Warning(s).

<h2>Collection of Component include folders:</h2>
  E:\STM32F4xx资料\STM32F429\ATKF429开发板库函数版例程\ATKSTM32F429开发板库函数版例程V6.0\STM32F429 LWIP例程\网络实验8 NETCONN_TCP客户端实验\USER\RTE
  D:\Keil_v5\ARM\PACK\Keil\STM32F4xx_DFP\2.7.0\Drivers\CMSIS\Device\ST\STM32F4xx\Include

<h2>Collection of Component Files used:</h2>
Build Time Elapsed:  00:01:53
</pre>
</body>
</html>
