Component: ARM Compiler 5.06 update 4 (build 422) Tool: armlink [4d35d2]

==============================================================================

Section Cross References

    startup_stm32f40xx.o(RESET) refers to startup_stm32f40xx.o(STACK) for __initial_sp
    startup_stm32f40xx.o(RESET) refers to startup_stm32f40xx.o(.text) for Reset_Handler
    startup_stm32f40xx.o(RESET) refers to stm32f4xx_it.o(i.NMI_Handler) for NMI_Handler
    startup_stm32f40xx.o(RESET) refers to stm32f4xx_it.o(i.HardFault_Handler) for HardFault_Handler
    startup_stm32f40xx.o(RESET) refers to stm32f4xx_it.o(i.MemManage_Handler) for MemManage_Handler
    startup_stm32f40xx.o(RESET) refers to stm32f4xx_it.o(i.BusFault_Handler) for BusFault_Handler
    startup_stm32f40xx.o(RESET) refers to stm32f4xx_it.o(i.UsageFault_Handler) for UsageFault_Handler
    startup_stm32f40xx.o(RESET) refers to port.o(.emb_text) for SVC_Handler
    startup_stm32f40xx.o(RESET) refers to stm32f4xx_it.o(i.DebugMon_Handler) for DebugMon_Handler
    startup_stm32f40xx.o(RESET) refers to port.o(i.SysTick_Handler) for SysTick_Handler
    startup_stm32f40xx.o(RESET) refers to stm32f4xx_it.o(i.EXTI2_IRQHandler) for EXTI2_IRQHandler
    startup_stm32f40xx.o(RESET) refers to bsp_wm8978.o(i.DMA1_Stream3_IRQHandler) for DMA1_Stream3_IRQHandler
    startup_stm32f40xx.o(RESET) refers to bsp_wm8978.o(i.DMA1_Stream4_IRQHandler) for DMA1_Stream4_IRQHandler
    startup_stm32f40xx.o(RESET) refers to stm32f4xx_it.o(i.USART3_IRQHandler) for USART3_IRQHandler
    startup_stm32f40xx.o(RESET) refers to stm32f4xx_it.o(i.UART4_IRQHandler) for UART4_IRQHandler
    startup_stm32f40xx.o(RESET) refers to stm32f4xx_it.o(i.UART5_IRQHandler) for UART5_IRQHandler
    startup_stm32f40xx.o(RESET) refers to stm32f4xx_it.o(i.ETH_IRQHandler) for ETH_IRQHandler
    startup_stm32f40xx.o(.text) refers to system_stm32f4xx.o(i.SystemInit) for SystemInit
    startup_stm32f40xx.o(.text) refers to entry.o(.ARM.Collect$$$$00000000) for __main
    system_stm32f4xx.o(i.SystemCoreClockUpdate) refers to system_stm32f4xx.o(.data) for .data
    system_stm32f4xx.o(i.SystemInit) refers to system_stm32f4xx.o(i.SetSysClock) for SetSysClock
    stm32f4xx_adc.o(i.ADC_DeInit) refers to stm32f4xx_rcc.o(i.RCC_APB2PeriphResetCmd) for RCC_APB2PeriphResetCmd
    stm32f4xx_can.o(i.CAN_DeInit) refers to stm32f4xx_rcc.o(i.RCC_APB1PeriphResetCmd) for RCC_APB1PeriphResetCmd
    stm32f4xx_can.o(i.CAN_GetITStatus) refers to stm32f4xx_can.o(i.CheckITStatus) for CheckITStatus
    stm32f4xx_cryp.o(i.CRYP_DeInit) refers to stm32f4xx_rcc.o(i.RCC_AHB2PeriphResetCmd) for RCC_AHB2PeriphResetCmd
    stm32f4xx_cryp_aes.o(i.CRYP_AES_CBC) refers to stm32f4xx_cryp.o(i.CRYP_KeyStructInit) for CRYP_KeyStructInit
    stm32f4xx_cryp_aes.o(i.CRYP_AES_CBC) refers to stm32f4xx_cryp.o(i.CRYP_KeyInit) for CRYP_KeyInit
    stm32f4xx_cryp_aes.o(i.CRYP_AES_CBC) refers to stm32f4xx_cryp.o(i.CRYP_Init) for CRYP_Init
    stm32f4xx_cryp_aes.o(i.CRYP_AES_CBC) refers to stm32f4xx_cryp.o(i.CRYP_IVInit) for CRYP_IVInit
    stm32f4xx_cryp_aes.o(i.CRYP_AES_CBC) refers to stm32f4xx_cryp.o(i.CRYP_FIFOFlush) for CRYP_FIFOFlush
    stm32f4xx_cryp_aes.o(i.CRYP_AES_CBC) refers to stm32f4xx_cryp.o(i.CRYP_Cmd) for CRYP_Cmd
    stm32f4xx_cryp_aes.o(i.CRYP_AES_CBC) refers to stm32f4xx_cryp.o(i.CRYP_GetCmdStatus) for CRYP_GetCmdStatus
    stm32f4xx_cryp_aes.o(i.CRYP_AES_CBC) refers to stm32f4xx_cryp.o(i.CRYP_GetFlagStatus) for CRYP_GetFlagStatus
    stm32f4xx_cryp_aes.o(i.CRYP_AES_CBC) refers to stm32f4xx_cryp.o(i.CRYP_DataIn) for CRYP_DataIn
    stm32f4xx_cryp_aes.o(i.CRYP_AES_CBC) refers to stm32f4xx_cryp.o(i.CRYP_DataOut) for CRYP_DataOut
    stm32f4xx_cryp_aes.o(i.CRYP_AES_CCM) refers to stm32f4xx_cryp.o(i.CRYP_KeyStructInit) for CRYP_KeyStructInit
    stm32f4xx_cryp_aes.o(i.CRYP_AES_CCM) refers to stm32f4xx_cryp.o(i.CRYP_FIFOFlush) for CRYP_FIFOFlush
    stm32f4xx_cryp_aes.o(i.CRYP_AES_CCM) refers to stm32f4xx_cryp.o(i.CRYP_KeyInit) for CRYP_KeyInit
    stm32f4xx_cryp_aes.o(i.CRYP_AES_CCM) refers to stm32f4xx_cryp.o(i.CRYP_IVInit) for CRYP_IVInit
    stm32f4xx_cryp_aes.o(i.CRYP_AES_CCM) refers to stm32f4xx_cryp.o(i.CRYP_Init) for CRYP_Init
    stm32f4xx_cryp_aes.o(i.CRYP_AES_CCM) refers to stm32f4xx_cryp.o(i.CRYP_PhaseConfig) for CRYP_PhaseConfig
    stm32f4xx_cryp_aes.o(i.CRYP_AES_CCM) refers to stm32f4xx_cryp.o(i.CRYP_DataIn) for CRYP_DataIn
    stm32f4xx_cryp_aes.o(i.CRYP_AES_CCM) refers to stm32f4xx_cryp.o(i.CRYP_Cmd) for CRYP_Cmd
    stm32f4xx_cryp_aes.o(i.CRYP_AES_CCM) refers to stm32f4xx_cryp.o(i.CRYP_GetCmdStatus) for CRYP_GetCmdStatus
    stm32f4xx_cryp_aes.o(i.CRYP_AES_CCM) refers to stm32f4xx_cryp.o(i.CRYP_GetFlagStatus) for CRYP_GetFlagStatus
    stm32f4xx_cryp_aes.o(i.CRYP_AES_CCM) refers to stm32f4xx_cryp.o(i.CRYP_DataOut) for CRYP_DataOut
    stm32f4xx_cryp_aes.o(i.CRYP_AES_CTR) refers to stm32f4xx_cryp.o(i.CRYP_KeyStructInit) for CRYP_KeyStructInit
[...]
    0x08049244   0x000000d8   Code   RO        13431    i.aes_setkey_dec    aes.o
    0x0804931c   0x000001b4   Code   RO        13432    i.aes_setkey_enc    aes.o
    0x080494d0   0x0000004c   Code   RO         7748    i.alloc_socket      sockets.o
    0x0804951c   0x0000004a   Code   RO        13510    i.arc4_crypt        arc4.o
    0x08049566   0x00000036   Code   RO        13511    i.arc4_setup        arc4.o
    0x0804959c   0x0000001c   Code   RO         9394    i.arp_timer         timers.o
    0x080495b8   0x0000004e   Code   RO        15806    i.asn1_get_bitstring  x509parse.o
    0x08049606   0x00000032   Code   RO        15807    i.asn1_get_bool     x509parse.o
    0x08049638   0x0000004a   Code   RO        15808    i.asn1_get_int      x509parse.o
    0x08049682   0x00000062   Code   RO        15809    i.asn1_get_len      x509parse.o
    0x080496e4   0x00000026   Code   RO        15810    i.asn1_get_mpi      x509parse.o
    0x0804970a   0x00000076   Code   RO        15811    i.asn1_get_sequence_of  x509parse.o
    0x08049780   0x00000028   Code   RO        15812    i.asn1_get_tag      x509parse.o
    0x080497a8   0x0000010c   Code   RO        13531    i.base64_decode     base64.o
    0x080498b4   0x00000012   Code   RO         6785    i.bcd2bin           hym8563.o
    0x080498c6   0x00000016   Code   RO         6786    i.bin2bcd           hym8563.o
    0x080498dc   0x0000002c   Code   RO        11227    i.buffer_skip_whitespace  cjson.o
    0x08049908   0x00000004   Code   RO        11233    i.cJSON_AddItemToArray  cjson.o
    0x0804990c   0x00000014   Code   RO        11234    i.cJSON_AddItemToObject  cjson.o
    0x08049920   0x00000030   Code   RO        11237    i.cJSON_AddNumberToObject  cjson.o
    0x08049950   0x00000030   Code   RO        11240    i.cJSON_AddStringToObject  cjson.o
    0x08049980   0x00000018   Code   RO        11243    i.cJSON_CreateArray  cjson.o
    0x08049998   0x00000078   Code   RO        11251    i.cJSON_CreateNumber  cjson.o
    0x08049a10   0x00000018   Code   RO        11252    i.cJSON_CreateObject  cjson.o
    0x08049a28   0x00000030   Code   RO        11255    i.cJSON_CreateString  cjson.o
    0x08049a58   0x00000048   Code   RO        11259    i.cJSON_Delete      cjson.o
    0x08049aa0   0x0000000c   Code   RO        11268    i.cJSON_GetArrayItem  cjson.o
    0x08049aac   0x0000001a   Code   RO        11269    i.cJSON_GetArraySize  cjson.o
    0x08049ac6   0x00000006   Code   RO        11271    i.cJSON_GetObjectItem  cjson.o
    0x08049acc   0x00000016   Code   RO        11288    i.cJSON_New_Item    cjson.o
    0x08049ae2   0x00000008   Code   RO        11289    i.cJSON_Parse       cjson.o
    0x08049aea   0x00000002   PAD
    0x08049aec   0x000000e4   Code   RO        11290    i.cJSON_ParseWithOpts  cjson.o
    0x08049bd0   0x0000000c   Code   RO        11294    i.cJSON_PrintUnformatted  cjson.o
    0x08049bdc   0x00000028   Code   RO        11303    i.cJSON_strdup      cjson.o
    0x08049c04   0x00000020   Code   RO        12298    i.calcCommandsBBC   readcard.o
    0x08049c24   0x00000096   Code   RO        13821    i.camellia_crypt_cbc  camellia.o
    0x08049cba   0x0000016e   Code   RO        13824    i.camellia_crypt_ecb  camellia.o
    0x08049e28   0x00000088   Code   RO        13825    i.camellia_feistel  camellia.o
    0x08049eb0   0x0000008a   Code   RO        13826    i.camellia_setkey_dec  camellia.o
    0x08049f3a   0x00000002   PAD
    0x08049f3c   0x00000414   Code   RO        13827    i.camellia_setkey_enc  camellia.o
    0x0804a350   0x00000048   Code   RO         5758    i.check_passwd      time_stamp.o
    0x0804a398   0x00000028   Code   RO        14190    i.debug_fmt         debug.o
    0x0804a3c0   0x000000fc   Code   RO        14191    i.debug_print_buf   debug.o
    0x0804a4bc   0x00000100   Code   RO        14192    i.debug_print_crt   debug.o
    0x0804a5bc   0x000001b0   Code   RO        14193    i.debug_print_mpi   debug.o
    0x0804a76c   0x0000004c   Code   RO        14194    i.debug_print_msg   debug.o
    0x0804a7b8   0x00000064   Code   RO        14195    i.debug_print_ret   debug.o
    0x0804a81c   0x000004d4   Code   RO        12299    i.decodeReadBlock   readcard.o
    0x0804acf0   0x00000096   Code   RO        14265    i.des3_crypt_cbc    des.o
    0x0804ad86   0x00000002   PAD
    0x0804ad88   0x000003a4   Code   RO        14266    i.des3_crypt_ecb    des.o
    0x0804b12c   0x0000007c   Code   RO        14270    i.des3_set3key      des.o
    0x0804b1a8   0x0000001e   Code   RO        14271    i.des3_set3key_dec  des.o
    0x0804b1c6   0x0000001e   Code   RO        14272    i.des3_set3key_enc  des.o
    0x0804b1e4   0x00000088   Code   RO        14273    i.des_crypt_cbc     des.o
    0x0804b26c   0x000001d4   Code   RO        14274    i.des_crypt_ecb     des.o
    0x0804b440   0x00000324   Code   RO        14278    i.des_setkey        des.o
    0x0804b764   0x0000003a   Code   RO        14279    i.des_setkey_dec    des.o
    0x0804b79e   0x00000002   PAD
    0x0804b7a0   0x00000034   Code   RO         8322    i.dhcp_arp_reply    dhcp.o
    0x0804b7d4   0x00000104   Code   RO         8323    i.dhcp_bind         dhcp.o
    0x0804b8d8   0x00000030   Code   RO         8324    i.dhcp_check        dhcp.o
    0x0804b908   0x00000060   Code   RO         8326    i.dhcp_coarse_tmr   dhcp.o
    0x0804b968   0x0000016c   Code   RO         8327    i.dhcp_create_msg   dhcp.o
    0x0804bad4   0x00000078   Code   RO         8328    i.dhcp_decline      dhcp.o
    0x0804bb4c   0x00000040   Code   RO         8329    i.dhcp_delete_msg   dhcp.o
    0x0804bb8c   0x000000bc   Code   RO         8330    i.dhcp_discover     dhcp.o
    0x0804bc48   0x00000034   Code   RO         8331    i.dhcp_fine_tmr     dhcp.o
    0x0804bc7c   0x00000084   Code   RO         8332    i.dhcp_handle_ack   dhcp.o
    0x0804bd00   0x00000042   Code   RO         8334    i.dhcp_network_changed  dhcp.o
    0x0804bd42   0x00000020   Code   RO         8335    i.dhcp_option       dhcp.o
    0x0804bd62   0x00000010   Code   RO         8336    i.dhcp_option_byte  dhcp.o
    0x0804bd72   0x00000042   Code   RO         8337    i.dhcp_option_long  dhcp.o
    0x0804bdb4   0x00000022   Code   RO         8338    i.dhcp_option_short  dhcp.o
    0x0804bdd6   0x00000002   PAD
    0x0804bdd8   0x00000054   Code   RO         8339    i.dhcp_option_trailer  dhcp.o
    0x0804be2c   0x00000284   Code   RO         8340    i.dhcp_parse_reply  dhcp.o
    0x0804c0b0   0x00000088   Code   RO         8341    i.dhcp_rebind       dhcp.o
    0x0804c138   0x000000a0   Code   RO         8342    i.dhcp_reboot       dhcp.o
    0x0804c1d8   0x00000114   Code   RO         8343    i.dhcp_recv         dhcp.o
    0x0804c2ec   0x000000a4   Code   RO         8344    i.dhcp_release      dhcp.o
    0x0804c390   0x00000084   Code   RO         8345    i.dhcp_renew        dhcp.o
    0x0804c414   0x000000e8   Code   RO         8346    i.dhcp_select       dhcp.o
    0x0804c4fc   0x00000010   Code   RO         8347    i.dhcp_set_state    dhcp.o
    0x0804c50c   0x000000b4   Code   RO         8349    i.dhcp_start        dhcp.o
    0x0804c5c0   0x00000054   Code   RO         8350    i.dhcp_stop         dhcp.o
    0x0804c614   0x00000088   Code   RO         8351    i.dhcp_timeout      dhcp.o
    0x0804c69c   0x0000001c   Code   RO         9395    i.dhcp_timer_coarse  timers.o
    0x0804c6b8   0x0000001c   Code   RO         9396    i.dhcp_timer_fine   timers.o
    0x0804c6d4   0x00000064   Code   RO        14366    i.dhm_calc_secret   dhm.o
    0x0804c738   0x00000058   Code   RO        14367    i.dhm_check_range   dhm.o
    0x0804c790   0x0000003c   Code   RO        14368    i.dhm_free          dhm.o
    0x0804c7cc   0x0000007c   Code   RO        14370    i.dhm_make_public   dhm.o
    0x0804c848   0x0000003c   Code   RO        14371    i.dhm_read_bignum   dhm.o
    0x0804c884   0x00000078   Code   RO        14372    i.dhm_read_params   dhm.o
    0x0804c8fc   0x000000e4   Code   RO         7141    i.dnsAnalysis_DNSfound  dnsanalysis.o
    0x0804c9e0   0x000000b8   Code   RO         8493    i.dns_check_entry   dns.o
    0x0804ca98   0x000000b4   Code   RO         8494    i.dns_enqueue       dns.o
    0x0804cb4c   0x00000098   Code   RO         8495    i.dns_gethostbyname  dns.o
    0x0804cbe4   0x00000060   Code   RO         8497    i.dns_init          dns.o
    0x0804cc44   0x00000022   Code   RO         8498    i.dns_parse_name    dns.o
    0x0804cc66   0x00000002   PAD
    0x0804cc68   0x0000016c   Code   RO         8499    i.dns_recv          dns.o
    0x0804cdd4   0x000000b8   Code   RO         8500    i.dns_send          dns.o
    0x0804ce8c   0x00000024   Code   RO         8501    i.dns_setserver     dns.o
    0x0804ceb0   0x0000001c   Code   RO         9397    i.dns_timer         timers.o
    0x0804cecc   0x00000020   Code   RO         8502    i.dns_tmr           dns.o
    0x0804ceec   0x00000054   Code   RO         7438    i.do_close          api_msg.o
    0x0804cf40   0x000000f0   Code   RO         7439    i.do_close_internal  api_msg.o
    0x0804d030   0x000000b4   Code   RO         7440    i.do_connect        api_msg.o
    0x0804d0e4   0x00000062   Code   RO         7441    i.do_connected      api_msg.o
    0x0804d146   0x00000096   Code   RO         7442    i.do_delconn        api_msg.o
    0x0804d1dc   0x0000006c   Code   RO         7445    i.do_getaddr        api_msg.o
    0x0804d248   0x00000020   Code   RO         7448    i.do_newconn        api_msg.o
    0x0804d268   0x00000044   Code   RO         7449    i.do_recv           api_msg.o
    0x0804d2ac   0x00000080   Code   RO         7450    i.do_send           api_msg.o
    0x0804d32c   0x00000042   Code   RO         7451    i.do_write          api_msg.o
    0x0804d36e   0x0000010a   Code   RO         7452    i.do_writemore      api_msg.o
    0x0804d478   0x0000008a   Code   RO        11305    i.ensure            cjson.o
    0x0804d502   0x00000092   Code   RO         7453    i.err_tcp           api_msg.o
    0x0804d594   0x000000ec   Code   RO         9587    i.etharp_arp_input  etharp.o
    0x0804d680   0x00000030   Code   RO         9588    i.etharp_cleanup_netif  etharp.o
    0x0804d6b0   0x000000f0   Code   RO         9590    i.etharp_find_entry  etharp.o
    0x0804d7a0   0x00000040   Code   RO         9591    i.etharp_free_entry  etharp.o
    0x0804d7e0   0x00000100   Code   RO         9592    i.etharp_output     etharp.o
    0x0804d8e0   0x00000044   Code   RO         9593    i.etharp_output_to_arp_index  etharp.o
    0x0804d924   0x00000108   Code   RO         9594    i.etharp_query      etharp.o
    0x0804da2c   0x000000a0   Code   RO         9595    i.etharp_raw        etharp.o
    0x0804dacc   0x00000024   Code   RO         9596    i.etharp_request    etharp.o
    0x0804daf0   0x00000020   Code   RO         9597    i.etharp_send_ip    etharp.o
    0x0804db10   0x00000048   Code   RO         9598    i.etharp_tmr        etharp.o
    0x0804db58   0x00000090   Code   RO         9599    i.etharp_update_arp_entry  etharp.o
    0x0804dbe8   0x00000090   Code   RO         9600    i.ethernet_input    etharp.o
    0x0804dc78   0x00000028   Code   RO         9681    i.ethernetif_init   ethernetif.o
    0x0804dca0   0x00000026   Code   RO         9682    i.ethernetif_input  ethernetif.o
    0x0804dcc6   0x00000002   PAD
    0x0804dcc8   0x000000f4   Code   RO         7749    i.event_callback    sockets.o
    0x0804ddbc   0x00000028   Code   RO         6135    i.fputc             bsp_debug_usart.o
    0x0804dde4   0x00000064   Code   RO         5759    i.generate_password  time_stamp.o
    0x0804de48   0x00000016   Code   RO        11306    i.get_array_item    cjson.o
    0x0804de5e   0x00000070   Code   RO        11307    i.get_object_item   cjson.o
    0x0804dece   0x0000015e   Code   RO         5239    i.get_sm3_pass      sm3.o
    0x0804e02c   0x0000001c   Code   RO         7750    i.get_socket        sockets.o
    0x0804e048   0x00000158   Code   RO        12300    i.handleMsg         readcard.o
    0x0804e1a0   0x0000019c   Code   RO        10434    i.http_ConnectErr   http_client_iap.o
    0x0804e33c   0x00000020   Code   RO        10435    i.http_EraseFlash   http_client_iap.o
    0x0804e35c   0x000000a8   Code   RO        10436    i.http_client_PostRequest  http_client_iap.o
    0x0804e404   0x000000d8   Code   RO        10437    i.http_client_connected  http_client_iap.o
    0x0804e4dc   0x00000068   Code   RO        10438    i.http_client_connection_close  http_client_iap.o
    0x0804e544   0x000002a8   Code   RO        10439    i.http_client_iap_MainFunction  http_client_iap.o
    0x0804e7ec   0x000000dc   Code   RO        10440    i.http_client_iap_connect  http_client_iap.o
    0x0804e8c8   0x00000010   Code   RO        10441    i.http_client_iap_disconnect  http_client_iap.o
    0x0804e8d8   0x00000084   Code   RO        10442    i.http_client_iap_parameter  http_client_iap.o
    0x0804e95c   0x00000014   Code   RO        10443    i.http_client_iap_sendMsg  http_client_iap.o
    0x0804e970   0x00000028   Code   RO        10444    i.http_client_poll  http_client_iap.o
    0x0804e998   0x000003ac   Code   RO        10445    i.http_client_recv  http_client_iap.o
    0x0804ed44   0x0000002a   Code   RO        10446    i.http_wrFlash      http_client_iap.o
    0x0804ed6e   0x00000010   Code   RO        12509    i.https_Task        main.o
    0x0804ed7e   0x00000002   PAD
    0x0804ed80   0x00000064   Code   RO         6787    i.hym8563_Currenttime  hym8563.o
    0x0804ede4   0x0000001c   Code   RO         6788    i.hym8563_i2c_read_regs  hym8563.o
    0x0804ee00   0x0000001c   Code   RO         6789    i.hym8563_i2c_set_regs  hym8563.o
    0x0804ee1c   0x000000bc   Code   RO         6790    i.hym8563_read_datetime  hym8563.o
    0x0804eed8   0x0000013c   Code   RO         6791    i.hym8563_set_time  hym8563.o
    0x0804f014   0x00000040   Code   RO         6188    i.i2c_Ack           bsp_i2c_gpio.o
    0x0804f054   0x000000a8   Code   RO         6189    i.i2c_CfgGpio       bsp_i2c_gpio.o
    0x0804f0fc   0x0000000c   Code   RO         6191    i.i2c_Delay         bsp_i2c_gpio.o
    0x0804f108   0x00000034   Code   RO         6192    i.i2c_NAck          bsp_i2c_gpio.o
    0x0804f13c   0x00000050   Code   RO         6193    i.i2c_ReadByte      bsp_i2c_gpio.o
    0x0804f18c   0x00000060   Code   RO         6194    i.i2c_SendByte      bsp_i2c_gpio.o
    0x0804f1ec   0x00000040   Code   RO         6195    i.i2c_Start         bsp_i2c_gpio.o
    0x0804f22c   0x0000002c   Code   RO         6196    i.i2c_Stop          bsp_i2c_gpio.o
    0x0804f258   0x00000048   Code   RO         6197    i.i2c_WaitAck       bsp_i2c_gpio.o
    0x0804f2a0   0x0000008a   Code   RO         6198    i.i2c_master_reg8_recv  bsp_i2c_gpio.o
    0x0804f32a   0x00000002   PAD
    0x0804f32c   0x0000001c   Code   RO        12510    i.iap_Task          main.o
    0x0804f348   0x00000008   Code   RO         8047    i.icmp_dest_unreach  icmp.o
    0x0804f350   0x000000fc   Code   RO         8048    i.icmp_input        icmp.o
    0x0804f44c   0x00000064   Code   RO         8049    i.icmp_send_response  icmp.o
    0x0804f4b0   0x00000008   Code   RO         8050    i.icmp_time_exceeded  icmp.o
    0x0804f4b8   0x0000000c   Code   RO         8094    i.inet_chksum       inet_chksum.o
    0x0804f4c4   0x00000048   Code   RO         8095    i.inet_chksum_pbuf  inet_chksum.o
    0x0804f50c   0x00000050   Code   RO        16476    i.internal_alloc    mc_w.l(mallocr.o)
    0x0804f55c   0x0000002e   Code   RO         8180    i.ip4_addr_isbroadcast  ip_addr.o
    0x0804f58a   0x00000002   PAD
    0x0804f58c   0x00000164   Code   RO         8234    i.ip_frag           ip_frag.o
    0x0804f6f0   0x00000008   Code   RO         8235    i.ip_frag_free_pbuf_custom_ref  ip_frag.o
    0x0804f6f8   0x00000178   Code   RO         8129    i.ip_input          ip.o
    0x0804f870   0x00000034   Code   RO         8130    i.ip_output         ip.o
    0x0804f8a4   0x000000a8   Code   RO         8131    i.ip_output_if      ip.o
    0x0804f94c   0x000001a4   Code   RO         8236    i.ip_reass          ip_frag.o
    0x0804faf0   0x000000e8   Code   RO         8237    i.ip_reass_chain_frag_into_datagram_and_validate  ip_frag.o
    0x0804fbd8   0x00000024   Code   RO         8238    i.ip_reass_dequeue_datagram  ip_frag.o
    0x0804fbfc   0x00000070   Code   RO         8239    i.ip_reass_free_complete_datagram  ip_frag.o
    0x0804fc6c   0x00000074   Code   RO         8240    i.ip_reass_remove_oldest_datagram  ip_frag.o
    0x0804fce0   0x0000001c   Code   RO         9398    i.ip_reass_timer    timers.o
    0x0804fcfc   0x0000002c   Code   RO         8241    i.ip_reass_tmr      ip_frag.o
    0x0804fd28   0x00000040   Code   RO         8132    i.ip_route          ip.o
    0x0804fd68   0x00000014   Code   RO         8182    i.ipaddr_addr       ip_addr.o
    0x0804fd7c   0x000000f8   Code   RO         8183    i.ipaddr_aton       ip_addr.o
    0x0804fe74   0x00000016   Code   RO         8242    i.ipfrag_free_pbuf_custom  ip_frag.o
    0x0804fe8a   0x00000026   Code   RO         6792    i.is_leap_year      hym8563.o
    0x0804feb0   0x00000110   Code   RO         9683    i.low_level_init    ethernetif.o
    0x0804ffc0   0x000000ac   Code   RO         9684    i.low_level_input   ethernetif.o
    0x0805006c   0x000000ac   Code   RO         9685    i.low_level_output  ethernetif.o
    0x08050118   0x00000042   Code   RO         7753    i.lwip_close        sockets.o
    0x0805015a   0x00000002   PAD
    0x0805015c   0x00000084   Code   RO         7754    i.lwip_connect      sockets.o
    0x080501e0   0x00000004   Code   RO         8293    i.lwip_htonl        def.o
    0x080501e4   0x00000004   Code   RO         8294    i.lwip_htons        def.o
    0x080501e8   0x00000022   Code   RO         8560    i.lwip_init         init.o
    0x0805020a   0x00000004   Code   RO         8295    i.lwip_ntohl        def.o
    0x0805020e   0x00000004   Code   RO         8296    i.lwip_ntohs        def.o
    0x08050212   0x0000000e   Code   RO         7763    i.lwip_read         sockets.o
    0x08050220   0x000001bc   Code   RO         7765    i.lwip_recvfrom     sockets.o
    0x080503dc   0x00000078   Code   RO         7768    i.lwip_send         sockets.o
    0x08050454   0x000000d8   Code   RO         7769    i.lwip_sendto       sockets.o
    0x0805052c   0x00000070   Code   RO         7772    i.lwip_shutdown     sockets.o
    0x0805059c   0x0000006c   Code   RO         7773    i.lwip_socket       sockets.o
    0x08050608   0x00000002   Code   RO         7774    i.lwip_socket_init  sockets.o
    0x0805060a   0x00000056   Code   RO         8098    i.lwip_standard_chksum  inet_chksum.o
    0x08050660   0x00000006   Code   RO         7775    i.lwip_write        sockets.o
    0x08050666   0x00000002   PAD
    0x08050668   0x0000005c   Code   RO        12511    i.main              main.o
    0x080506c4   0x00000020   Code   RO        14462    i.md                md.o
    0x080506e4   0x0000002c   Code   RO        15013    i.md5               md5.o
    0x08050710   0x00000006   Code   RO        14567    i.md5_ctx_alloc     md_wrap.o
    0x08050716   0x00000004   Code   RO        14568    i.md5_ctx_free      md_wrap.o
    0x0805071a   0x00000002   PAD
    0x0805071c   0x00000008   Code   RO        14569    i.md5_file_wrap     md_wrap.o
    0x08050724   0x000000c4   Code   RO        15014    i.md5_finish        md5.o
    0x080507e8   0x00000004   Code   RO        14570    i.md5_finish_wrap   md_wrap.o
    0x080507ec   0x00000032   Code   RO        15015    i.md5_hmac          md5.o
    0x0805081e   0x00000032   Code   RO        15016    i.md5_hmac_finish   md5.o
    0x08050850   0x00000004   Code   RO        14571    i.md5_hmac_finish_wrap  md_wrap.o
    0x08050854   0x00000018   Code   RO        15017    i.md5_hmac_reset    md5.o
    0x0805086c   0x00000004   Code   RO        14572    i.md5_hmac_reset_wrap  md_wrap.o
    0x08050870   0x0000006a   Code   RO        15018    i.md5_hmac_starts   md5.o
    0x080508da   0x00000004   Code   RO        14573    i.md5_hmac_starts_wrap  md_wrap.o
    0x080508de   0x00000004   Code   RO        15019    i.md5_hmac_update   md5.o
    0x080508e2   0x00000004   Code   RO        14574    i.md5_hmac_update_wrap  md_wrap.o
    0x080508e6   0x00000002   PAD
    0x080508e8   0x000007f4   Code   RO        15020    i.md5_process       md5.o
    0x080510dc   0x00000024   Code   RO        15021    i.md5_starts        md5.o
    0x08051100   0x00000004   Code   RO        14575    i.md5_starts_wrap   md_wrap.o
    0x08051104   0x00000072   Code   RO        15022    i.md5_update        md5.o
    0x08051176   0x00000004   Code   RO        14576    i.md5_update_wrap   md_wrap.o
    0x0805117a   0x00000002   PAD
    0x0805117c   0x0000001c   Code   RO        14464    i.md_finish         md.o
    0x08051198   0x00000044   Code   RO        14472    i.md_info_from_type  md.o
    0x080511dc   0x00000030   Code   RO        14473    i.md_init_ctx       md.o
    0x0805120c   0x0000001c   Code   RO        14475    i.md_starts         md.o
    0x08051228   0x0000001c   Code   RO        14476    i.md_update         md.o
    0x08051244   0x00000044   Code   RO         8594    i.mem_free          mem.o
    0x08051288   0x0000003c   Code   RO         8595    i.mem_init          mem.o
    0x080512c4   0x000000d0   Code   RO         8596    i.mem_malloc        mem.o
    0x08051394   0x000000e0   Code   RO         8597    i.mem_trim          mem.o
    0x08051474   0x00000018   Code   RO         8650    i.memp_free         memp.o
    0x0805148c   0x00000058   Code   RO         8651    i.memp_init         memp.o
    0x080514e4   0x00000048   Code   RO         8652    i.memp_malloc       memp.o
    0x0805152c   0x0000007c   Code   RO        15201    i.mgf_mask          rsa.o
    0x080515a8   0x000000b6   Code   RO        13554    i.mpi_add_abs       bignum.o
    0x0805165e   0x0000004e   Code   RO        13556    i.mpi_add_mpi       bignum.o
    0x080516ac   0x00000060   Code   RO        13557    i.mpi_cmp_abs       bignum.o
    0x0805170c   0x0000002e   Code   RO        13558    i.mpi_cmp_int       bignum.o
    0x0805173a   0x00000088   Code   RO        13559    i.mpi_cmp_mpi       bignum.o
    0x080517c2   0x0000004e   Code   RO        13560    i.mpi_copy          bignum.o
    0x08051810   0x0000033c   Code   RO        13562    i.mpi_div_mpi       bignum.o
    0x08051b4c   0x00000326   Code   RO        13563    i.mpi_exp_mod       bignum.o
    0x08051e72   0x0000003e   Code   RO        13564    i.mpi_fill_random   bignum.o
    0x08051eb0   0x00000024   Code   RO        13565    i.mpi_free          bignum.o
    0x08051ed4   0x00000054   Code   RO        13570    i.mpi_grow          bignum.o
    0x08051f28   0x00000010   Code   RO        13571    i.mpi_init          bignum.o
    0x08051f38   0x00000038   Code   RO        13575    i.mpi_lset          bignum.o
    0x08051f70   0x00000062   Code   RO        13577    i.mpi_mod_mpi       bignum.o
    0x08051fd2   0x000000ae   Code   RO        13578    i.mpi_montmul       bignum.o
    0x08052080   0x00000022   Code   RO        13579    i.mpi_montred       bignum.o
    0x080520a2   0x0000002c   Code   RO        13580    i.mpi_msb           bignum.o
    0x080520ce   0x00000a42   Code   RO        13581    i.mpi_mul_hlp       bignum.o
    0x08052b10   0x00000018   Code   RO        13582    i.mpi_mul_int       bignum.o
    0x08052b28   0x000000c4   Code   RO        13583    i.mpi_mul_mpi       bignum.o
    0x08052bec   0x00000068   Code   RO        13584    i.mpi_read_binary   bignum.o
    0x08052c54   0x00000096   Code   RO        13587    i.mpi_shift_l       bignum.o
    0x08052cea   0x00000066   Code   RO        13588    i.mpi_shift_r       bignum.o
    0x08052d50   0x0000000c   Code   RO        13589    i.mpi_size          bignum.o
    0x08052d5c   0x0000006e   Code   RO        13590    i.mpi_sub_abs       bignum.o
    0x08052dca   0x0000004c   Code   RO        13591    i.mpi_sub_hlp       bignum.o
    0x08052e16   0x0000002e   Code   RO        13592    i.mpi_sub_int       bignum.o
    0x08052e44   0x00000050   Code   RO        13593    i.mpi_sub_mpi       bignum.o
    0x08052e94   0x00000046   Code   RO        13595    i.mpi_write_binary  bignum.o
    0x08052eda   0x00000002   Code   RO         7005    i.my_debug          tcp_client_shortconnect.o
    0x08052edc   0x00000014   Code   RO        15080    i.net_close         net.o
    0x08052ef0   0x00000066   Code   RO        15081    i.net_connect       net.o
    0x08052f56   0x00000014   Code   RO        15082    i.net_is_blocking   net.o
    0x08052f6a   0x0000003a   Code   RO        15083    i.net_recv          net.o
    0x08052fa4   0x0000003a   Code   RO        15084    i.net_send          net.o
    0x08052fde   0x00000022   Code   RO         7614    i.netbuf_delete     netbuf.o
    0x08053000   0x0000003c   Code   RO         7616    i.netbuf_free       netbuf.o
    0x0805303c   0x00000060   Code   RO         7619    i.netbuf_ref        netbuf.o
    0x0805309c   0x0000007e   Code   RO         7454    i.netconn_alloc     api_msg.o
    0x0805311a   0x00000002   PAD
    0x0805311c   0x00000054   Code   RO         7284    i.netconn_close_shutdown  api_lib.o
    0x08053170   0x0000005c   Code   RO         7285    i.netconn_connect   api_lib.o
    0x080531cc   0x00000024   Code   RO         7286    i.netconn_delete    api_lib.o
    0x080531f0   0x00000090   Code   RO         7455    i.netconn_drain     api_msg.o
    0x08053280   0x0000001e   Code   RO         7456    i.netconn_free      api_msg.o
    0x0805329e   0x00000002   PAD
    0x080532a0   0x000000ac   Code   RO         7288    i.netconn_getaddr   api_lib.o
    0x0805334c   0x00000048   Code   RO         7291    i.netconn_new_with_proto_and_callback  api_lib.o
    0x08053394   0x000000f0   Code   RO         7292    i.netconn_recv      api_lib.o
    0x08053484   0x0000012c   Code   RO         7293    i.netconn_recv_data  api_lib.o
    0x080535b0   0x0000003c   Code   RO         7294    i.netconn_recv_tcp_pbuf  api_lib.o
    0x080535ec   0x0000002c   Code   RO         7295    i.netconn_recved    api_lib.o
    0x08053618   0x00000054   Code   RO         7296    i.netconn_send      api_lib.o
    0x0805366c   0x0000000e   Code   RO         7298    i.netconn_shutdown  api_lib.o
    0x0805367a   0x00000002   PAD
    0x0805367c   0x000000c8   Code   RO         7299    i.netconn_write_partly  api_lib.o
    0x08053744   0x0000004c   Code   RO         8698    i.netif_add         netif.o
    0x08053790   0x00000002   Code   RO         8700    i.netif_init        netif.o
    0x08053792   0x00000020   Code   RO         8702    i.netif_set_addr    netif.o
    0x080537b2   0x00000002   PAD
    0x080537b4   0x0000000c   Code   RO         8703    i.netif_set_default  netif.o
    0x080537c0   0x0000001a   Code   RO         8704    i.netif_set_down    netif.o
    0x080537da   0x00000008   Code   RO         8705    i.netif_set_gw      netif.o
    0x080537e2   0x00000002   PAD
    0x080537e4   0x00000068   Code   RO         8706    i.netif_set_ipaddr  netif.o
    0x0805384c   0x00000008   Code   RO         8707    i.netif_set_link_callback  netif.o
    0x08053854   0x0000001a   Code   RO         8708    i.netif_set_link_down  netif.o
    0x0805386e   0x00000042   Code   RO         8709    i.netif_set_link_up  netif.o
    0x080538b0   0x00000008   Code   RO         8710    i.netif_set_netmask  netif.o
    0x080538b8   0x00000020   Code   RO         8711    i.netif_set_up      netif.o
    0x080538d8   0x000000ac   Code   RO        10330    i.ntpclient_Rcv_callback  ntpclient.o
    0x08053984   0x00000044   Code   RO        10331    i.ntpclient_Release  ntpclient.o
    0x080539c8   0x00000084   Code   RO        10332    i.ntpclient_Send    ntpclient.o
    0x08053a4c   0x000000dc   Code   RO        10334    i.ntpclient_connect  ntpclient.o
    0x08053b28   0x000000cc   Code   RO        11308    i.parse_array       cjson.o
    0x08053bf4   0x00000040   Code   RO        11309    i.parse_hex4        cjson.o
    0x08053c34   0x00000100   Code   RO        11310    i.parse_number      cjson.o
    0x08053d34   0x00000106   Code   RO        11311    i.parse_object      cjson.o
    0x08053e3a   0x00000126   Code   RO        11312    i.parse_string      cjson.o
    0x08053f60   0x000000fc   Code   RO        11313    i.parse_value       cjson.o
    0x0805405c   0x00000120   Code   RO         8797    i.pbuf_alloc        pbuf.o
    0x0805417c   0x00000054   Code   RO         8798    i.pbuf_alloced_custom  pbuf.o
    0x080541d0   0x00000064   Code   RO         8799    i.pbuf_cat          pbuf.o
    0x08054234   0x00000012   Code   RO         8800    i.pbuf_chain        pbuf.o
    0x08054246   0x00000012   Code   RO         8801    i.pbuf_clen         pbuf.o
    0x08054258   0x00000114   Code   RO         8803    i.pbuf_copy         pbuf.o
    0x0805436c   0x000000b4   Code   RO         8804    i.pbuf_copy_partial  pbuf.o
    0x08054420   0x00000050   Code   RO         8806    i.pbuf_free         pbuf.o
    0x08054470   0x0000002c   Code   RO         8807    i.pbuf_free_ooseq_callback  pbuf.o
    0x0805449c   0x00000088   Code   RO         8809    i.pbuf_header       pbuf.o
    0x08054524   0x0000002c   Code   RO         8812    i.pbuf_pool_is_empty  pbuf.o
    0x08054550   0x0000004e   Code   RO         8813    i.pbuf_realloc      pbuf.o
    0x0805459e   0x0000000c   Code   RO         8814    i.pbuf_ref          pbuf.o
    0x080545aa   0x00000002   PAD
    0x080545ac   0x0000008c   Code   RO         8816    i.pbuf_take         pbuf.o
    0x08054638   0x00000084   Code   RO         7457    i.pcb_new           api_msg.o
    0x080546bc   0x0000004a   Code   RO        15162    i.pem_aes_decrypt   pem.o
    0x08054706   0x0000001c   Code   RO        15163    i.pem_free          pem.o
    0x08054722   0x00000002   PAD
    0x08054724   0x00000060   Code   RO        15164    i.pem_get_iv        pem.o
    0x08054784   0x0000000a   Code   RO        15165    i.pem_init          pem.o
    0x0805478e   0x00000098   Code   RO        15166    i.pem_pbkdf1        pem.o
    0x08054826   0x00000002   PAD
    0x08054828   0x00000344   Code   RO        15167    i.pem_read_buffer   pem.o
    0x08054b6c   0x00000054   Code   RO         8598    i.plug_holes        mem.o
    0x08054bc0   0x00000056   Code   RO         7458    i.poll_tcp          api_msg.o
    0x08054c16   0x00000098   Code   RO        11314    i.print             cjson.o
    0x08054cae   0x00000096   Code   RO        11315    i.print_array       cjson.o
    0x08054d44   0x000000a8   Code   RO        11316    i.print_number      cjson.o
    0x08054dec   0x00000136   Code   RO        11317    i.print_object      cjson.o
    0x08054f22   0x00000002   PAD
    0x08054f24   0x00000110   Code   RO        11318    i.print_string_ptr  cjson.o
    0x08055034   0x000000d0   Code   RO        11319    i.print_value       cjson.o
    0x08055104   0x00000034   Code   RO        13010    i.prvAddCurrentTaskToDelayedList  tasks.o
    0x08055138   0x00000058   Code   RO        13011    i.prvCheckTasksWaitingTermination  tasks.o
    0x08055190   0x00000026   Code   RO        12869    i.prvCopyDataFromQueue  queue.o
    0x080551b6   0x0000006e   Code   RO        12870    i.prvCopyDataToQueue  queue.o
    0x08055224   0x0000004c   Code   RO        13368    i.prvHeapInit       heap_4.o
    0x08055270   0x00000028   Code   RO        13012    i.prvIdleTask       tasks.o
    0x08055298   0x0000004c   Code   RO        13369    i.prvInsertBlockIntoFreeList  heap_4.o
    0x080552e4   0x00000020   Code   RO        13013    i.prvResetNextTaskUnblockTime  tasks.o
    0x08055304   0x00000010   Code   RO        12707    i.prvTaskExitError  port.o
    0x08055314   0x00000014   Code   RO        13285    i.prvTestWaitCondition  event_groups.o
    0x08055328   0x00000064   Code   RO        12871    i.prvUnlockQueue    queue.o
    0x0805538c   0x00000098   Code   RO        13370    i.pvPortMalloc      heap_4.o
    0x08055424   0x00000018   Code   RO        13015    i.pvTaskIncrementMutexHeldCount  tasks.o
    0x0805543c   0x00000028   Code   RO        12708    i.pxPortInitialiseStack  port.o
    0x08055464   0x0000000a   Code   RO         8942    i.raw_connect       raw.o
    0x0805546e   0x00000002   PAD
    0x08055470   0x00000074   Code   RO         8943    i.raw_input         raw.o
    0x080554e4   0x0000002c   Code   RO         8944    i.raw_new           raw.o
    0x08055510   0x00000006   Code   RO         8945    i.raw_recv          raw.o
    0x08055516   0x00000002   PAD
    0x08055518   0x0000002c   Code   RO         8946    i.raw_remove        raw.o
    0x08055544   0x00000006   Code   RO         8947    i.raw_send          raw.o
    0x0805554a   0x00000090   Code   RO         8948    i.raw_sendto        raw.o
    0x080555da   0x0000001c   Code   RO        12301    i.readBlock         readcard.o
    0x080555f6   0x00000002   PAD
    0x080555f8   0x000000e4   Code   RO         5819    i.read_init_sminfo  wdata.o
    0x080556dc   0x0000006c   Code   RO        16477    i.realloc           mc_w.l(mallocr.o)
    0x08055748   0x00000078   Code   RO         7459    i.recv_raw          api_msg.o
    0x080557c0   0x00000068   Code   RO         7460    i.recv_tcp          api_msg.o
    0x08055828   0x0000006e   Code   RO         7461    i.recv_udp          api_msg.o
    0x08055896   0x00000002   PAD
    0x08055898   0x00000058   Code   RO        15203    i.rsa_check_pubkey  rsa.o
    0x080558f0   0x0000005e   Code   RO        15204    i.rsa_free          rsa.o
    0x0805594e   0x00000002   PAD
    0x08055950   0x0000013c   Code   RO        15208    i.rsa_pkcs1_encrypt  rsa.o
    0x08055a8c   0x00000310   Code   RO        15209    i.rsa_pkcs1_sign    rsa.o
    0x08055d9c   0x000002dc   Code   RO        15210    i.rsa_pkcs1_verify  rsa.o
    0x08056078   0x000000f8   Code   RO        15211    i.rsa_private       rsa.o
    0x08056170   0x00000078   Code   RO        15212    i.rsa_public        rsa.o
    0x080561e8   0x00000028   Code   RO         6793    i.rtc_month_days    hym8563.o
    0x08056210   0x00000028   Code   RO         6794    i.rtc_year_days     hym8563.o
    0x08056238   0x00000070   Code   RO         6200    i.send_byte         bsp_i2c_gpio.o
    0x080562a8   0x00000056   Code   RO         7462    i.sent_tcp          api_msg.o
    0x080562fe   0x00000002   PAD
    0x08056300   0x00000044   Code   RO         7463    i.setup_tcp         api_msg.o
    0x08056344   0x0000002c   Code   RO        15281    i.sha1              sha1.o
    0x08056370   0x00000006   Code   RO        14577    i.sha1_ctx_alloc    md_wrap.o
    0x08056376   0x00000004   Code   RO        14578    i.sha1_ctx_free     md_wrap.o
    0x0805637a   0x00000002   PAD
    0x0805637c   0x00000008   Code   RO        14579    i.sha1_file_wrap    md_wrap.o
    0x08056384   0x000000d8   Code   RO        15282    i.sha1_finish       sha1.o
    0x0805645c   0x00000004   Code   RO        14580    i.sha1_finish_wrap  md_wrap.o
    0x08056460   0x00000032   Code   RO        15283    i.sha1_hmac         sha1.o
    0x08056492   0x0000003e   Code   RO        15284    i.sha1_hmac_finish  sha1.o
    0x080564d0   0x00000004   Code   RO        14581    i.sha1_hmac_finish_wrap  md_wrap.o
    0x080564d4   0x00000018   Code   RO        15285    i.sha1_hmac_reset   sha1.o
    0x080564ec   0x00000004   Code   RO        14582    i.sha1_hmac_reset_wrap  md_wrap.o
    0x080564f0   0x00000072   Code   RO        15286    i.sha1_hmac_starts  sha1.o
    0x08056562   0x00000004   Code   RO        14583    i.sha1_hmac_starts_wrap  md_wrap.o
    0x08056566   0x00000004   Code   RO        15287    i.sha1_hmac_update  sha1.o
    0x0805656a   0x00000004   Code   RO        14584    i.sha1_hmac_update_wrap  md_wrap.o
    0x0805656e   0x00000002   PAD
    0x08056570   0x000013ac   Code   RO        15288    i.sha1_process      sha1.o
    0x0805791c   0x0000002c   Code   RO        15289    i.sha1_starts       sha1.o
    0x08057948   0x00000004   Code   RO        14585    i.sha1_starts_wrap  md_wrap.o
    0x0805794c   0x00000072   Code   RO        15290    i.sha1_update       sha1.o
    0x080579be   0x00000004   Code   RO        14586    i.sha1_update_wrap  md_wrap.o
    0x080579c2   0x00000030   Code   RO        15346    i.sha2              sha2.o
    0x080579f2   0x00000006   Code   RO        14587    i.sha224_ctx_alloc  md_wrap.o
    0x080579f8   0x00000004   Code   RO        14588    i.sha224_ctx_free   md_wrap.o
    0x080579fc   0x00000008   Code   RO        14589    i.sha224_file_wrap  md_wrap.o
    0x08057a04   0x00000004   Code   RO        14590    i.sha224_finish_wrap  md_wrap.o
    0x08057a08   0x00000004   Code   RO        14591    i.sha224_hmac_finish_wrap  md_wrap.o
    0x08057a0c   0x00000004   Code   RO        14592    i.sha224_hmac_reset_wrap  md_wrap.o
    0x08057a10   0x00000006   Code   RO        14593    i.sha224_hmac_starts_wrap  md_wrap.o
    0x08057a16   0x00000004   Code   RO        14594    i.sha224_hmac_update_wrap  md_wrap.o
    0x08057a1a   0x00000010   Code   RO        14595    i.sha224_hmac_wrap  md_wrap.o
    0x08057a2a   0x00000006   Code   RO        14596    i.sha224_starts_wrap  md_wrap.o
    0x08057a30   0x00000004   Code   RO        14597    i.sha224_update_wrap  md_wrap.o
    0x08057a34   0x00000006   Code   RO        14598    i.sha224_wrap       md_wrap.o
    0x08057a3a   0x00000006   Code   RO        14599    i.sha256_ctx_alloc  md_wrap.o
    0x08057a40   0x00000004   Code   RO        14600    i.sha256_ctx_free   md_wrap.o
    0x08057a44   0x00000008   Code   RO        14601    i.sha256_file_wrap  md_wrap.o
    0x08057a4c   0x00000004   Code   RO        14602    i.sha256_finish_wrap  md_wrap.o
    0x08057a50   0x00000004   Code   RO        14603    i.sha256_hmac_finish_wrap  md_wrap.o
    0x08057a54   0x00000004   Code   RO        14604    i.sha256_hmac_reset_wrap  md_wrap.o
    0x08057a58   0x00000006   Code   RO        14605    i.sha256_hmac_starts_wrap  md_wrap.o
    0x08057a5e   0x00000004   Code   RO        14606    i.sha256_hmac_update_wrap  md_wrap.o
    0x08057a62   0x00000010   Code   RO        14607    i.sha256_hmac_wrap  md_wrap.o
    0x08057a72   0x00000006   Code   RO        14608    i.sha256_starts_wrap  md_wrap.o
    0x08057a78   0x00000004   Code   RO        14609    i.sha256_update_wrap  md_wrap.o
    0x08057a7c   0x00000006   Code   RO        14610    i.sha256_wrap       md_wrap.o
    0x08057a82   0x00000002   PAD
    0x08057a84   0x00000128   Code   RO        15347    i.sha2_finish       sha2.o
    0x08057bac   0x00000034   Code   RO        15348    i.sha2_hmac         sha2.o
    0x08057be0   0x0000004c   Code   RO        15349    i.sha2_hmac_finish  sha2.o
    0x08057c2c   0x0000001c   Code   RO        15350    i.sha2_hmac_reset   sha2.o
    0x08057c48   0x00000080   Code   RO        15351    i.sha2_hmac_starts  sha2.o
    0x08057cc8   0x00000004   Code   RO        15352    i.sha2_hmac_update  sha2.o
    0x08057ccc   0x00001d0c   Code   RO        15353    i.sha2_process      sha2.o
    0x080599d8   0x00000090   Code   RO        15354    i.sha2_starts       sha2.o
    0x08059a68   0x00000072   Code   RO        15355    i.sha2_update       sha2.o
    0x08059ada   0x00000008   Code   RO        14611    i.sha384_ctx_alloc  md_wrap.o
    0x08059ae2   0x00000004   Code   RO        14612    i.sha384_ctx_free   md_wrap.o
    0x08059ae6   0x00000002   PAD
    0x08059ae8   0x00000008   Code   RO        14613    i.sha384_file_wrap  md_wrap.o
    0x08059af0   0x00000004   Code   RO        14614    i.sha384_finish_wrap  md_wrap.o
    0x08059af4   0x00000004   Code   RO        14615    i.sha384_hmac_finish_wrap  md_wrap.o
    0x08059af8   0x00000004   Code   RO        14616    i.sha384_hmac_reset_wrap  md_wrap.o
    0x08059afc   0x00000006   Code   RO        14617    i.sha384_hmac_starts_wrap  md_wrap.o
    0x08059b02   0x00000004   Code   RO        14618    i.sha384_hmac_update_wrap  md_wrap.o
    0x08059b06   0x00000010   Code   RO        14619    i.sha384_hmac_wrap  md_wrap.o
    0x08059b16   0x00000006   Code   RO        14620    i.sha384_starts_wrap  md_wrap.o
    0x08059b1c   0x00000004   Code   RO        14621    i.sha384_update_wrap  md_wrap.o
    0x08059b20   0x00000006   Code   RO        14622    i.sha384_wrap       md_wrap.o
    0x08059b26   0x00000032   Code   RO        15412    i.sha4              sha4.o
    0x08059b58   0x000002f8   Code   RO        15413    i.sha4_finish       sha4.o
    0x08059e50   0x00000036   Code   RO        15414    i.sha4_hmac         sha4.o
    0x08059e86   0x0000004c   Code   RO        15415    i.sha4_hmac_finish  sha4.o
    0x08059ed2   0x0000001c   Code   RO        15416    i.sha4_hmac_reset   sha4.o
    0x08059eee   0x00000080   Code   RO        15417    i.sha4_hmac_starts  sha4.o
    0x08059f6e   0x00000004   Code   RO        15418    i.sha4_hmac_update  sha4.o
    0x08059f72   0x00000002   PAD
    0x08059f74   0x00000a46   Code   RO        15419    i.sha4_process      sha4.o
    0x0805a9ba   0x00000002   PAD
    0x0805a9bc   0x00000110   Code   RO        15420    i.sha4_starts       sha4.o
    0x0805aacc   0x00000086   Code   RO        15421    i.sha4_update       sha4.o
    0x0805ab52   0x00000008   Code   RO        14623    i.sha512_ctx_alloc  md_wrap.o
    0x0805ab5a   0x00000004   Code   RO        14624    i.sha512_ctx_free   md_wrap.o
    0x0805ab5e   0x00000002   PAD
    0x0805ab60   0x00000008   Code   RO        14625    i.sha512_file_wrap  md_wrap.o
    0x0805ab68   0x00000004   Code   RO        14626    i.sha512_finish_wrap  md_wrap.o
    0x0805ab6c   0x00000004   Code   RO        14627    i.sha512_hmac_finish_wrap  md_wrap.o
    0x0805ab70   0x00000004   Code   RO        14628    i.sha512_hmac_reset_wrap  md_wrap.o
    0x0805ab74   0x00000006   Code   RO        14629    i.sha512_hmac_starts_wrap  md_wrap.o
    0x0805ab7a   0x00000004   Code   RO        14630    i.sha512_hmac_update_wrap  md_wrap.o
    0x0805ab7e   0x00000010   Code   RO        14631    i.sha512_hmac_wrap  md_wrap.o
    0x0805ab8e   0x00000006   Code   RO        14632    i.sha512_starts_wrap  md_wrap.o
    0x0805ab94   0x00000004   Code   RO        14633    i.sha512_update_wrap  md_wrap.o
    0x0805ab98   0x00000006   Code   RO        14634    i.sha512_wrap       md_wrap.o
    0x0805ab9e   0x00000002   PAD
    0x0805aba0   0x000000a8   Code   RO         5240    i.sm3               sm3.o
    0x0805ac48   0x000001b4   Code   RO         5760    i.sm3_time_PasswordAuth  time_stamp.o
    0x0805adfc   0x000002b4   Code   RO        15529    i.ssl_calc_finished  ssl_tls.o
    0x0805b0b0   0x000001ac   Code   RO        15530    i.ssl_calc_verify   ssl_tls.o
    0x0805b25c   0x000004b0   Code   RO        15532    i.ssl_decrypt_buf   ssl_tls.o
    0x0805b70c   0x00000628   Code   RO        15533    i.ssl_derive_keys   ssl_tls.o
    0x0805bd34   0x00000374   Code   RO        15534    i.ssl_encrypt_buf   ssl_tls.o
    0x0805c0a8   0x0000012c   Code   RO        15535    i.ssl_fetch_input   ssl_tls.o
    0x0805c1d4   0x00000138   Code   RO        15536    i.ssl_flush_output  ssl_tls.o
    0x0805c30c   0x000000f0   Code   RO        15537    i.ssl_free          ssl_tls.o
    0x0805c3fc   0x00000008   Code   RO        15539    i.ssl_get_ciphersuite  ssl_tls.o
    0x0805c404   0x0000019c   Code   RO        15541    i.ssl_get_ciphersuite_name  ssl_tls.o
    0x0805c5a0   0x000000a4   Code   RO        15544    i.ssl_handshake     ssl_tls.o
    0x0805c644   0x000001e8   Code   RO        15478    i.ssl_handshake_client  ssl_cli.o
    0x0805c82c   0x00000072   Code   RO        15545    i.ssl_init          ssl_tls.o
    0x0805c89e   0x0000009e   Code   RO        15546    i.ssl_mac_md5       ssl_tls.o
    0x0805c93c   0x0000009e   Code   RO        15547    i.ssl_mac_sha1      ssl_tls.o
    0x0805c9da   0x00000002   PAD
    0x0805c9dc   0x0000044c   Code   RO        15548    i.ssl_parse_certificate  ssl_tls.o
    0x0805ce28   0x000001a4   Code   RO        15479    i.ssl_parse_certificate_request  ssl_cli.o
    0x0805cfcc   0x00000174   Code   RO        15549    i.ssl_parse_change_cipher_spec  ssl_tls.o
    0x0805d140   0x000001dc   Code   RO        15550    i.ssl_parse_finished  ssl_tls.o
    0x0805d31c   0x000004e8   Code   RO        15480    i.ssl_parse_server_hello  ssl_cli.o
    0x0805d804   0x00000174   Code   RO        15481    i.ssl_parse_server_hello_done  ssl_cli.o
    0x0805d978   0x00000398   Code   RO        15482    i.ssl_parse_server_key_exchange  ssl_cli.o
    0x0805dd10   0x000001a4   Code   RO        15551    i.ssl_read          ssl_tls.o
    0x0805deb4   0x000005f4   Code   RO        15552    i.ssl_read_record   ssl_tls.o
    0x0805e4a8   0x00000006   Code   RO        15553    i.ssl_set_authmode  ssl_tls.o
    0x0805e4ae   0x0000000e   Code   RO        15554    i.ssl_set_bio       ssl_tls.o
    0x0805e4bc   0x00000006   Code   RO        15556    i.ssl_set_ciphersuites  ssl_tls.o
    0x0805e4c2   0x00000006   Code   RO        15557    i.ssl_set_dbg       ssl_tls.o
    0x0805e4c8   0x00000006   Code   RO        15560    i.ssl_set_endpoint  ssl_tls.o
    0x0805e4ce   0x00000006   Code   RO        15563    i.ssl_set_rng       ssl_tls.o
    0x0805e4d4   0x00000008   Code   RO        15565    i.ssl_set_session   ssl_tls.o
    0x0805e4dc   0x00000150   Code   RO        15567    i.ssl_write         ssl_tls.o
    0x0805e62c   0x000002a8   Code   RO        15568    i.ssl_write_certificate  ssl_tls.o
    0x0805e8d4   0x00000210   Code   RO        15483    i.ssl_write_certificate_verify  ssl_cli.o
    0x0805eae4   0x00000104   Code   RO        15569    i.ssl_write_change_cipher_spec  ssl_tls.o
    0x0805ebe8   0x000004d8   Code   RO        15484    i.ssl_write_client_hello  ssl_cli.o
    0x0805f0c0   0x000002ec   Code   RO        15485    i.ssl_write_client_key_exchange  ssl_cli.o
    0x0805f3ac   0x00000140   Code   RO        15570    i.ssl_write_finished  ssl_tls.o
    0x0805f4ec   0x00000220   Code   RO        15571    i.ssl_write_record  ssl_tls.o
    0x0805f70c   0x00000038   Code   RO        10546    i.stm8_fm17550_iap_parameter  stm8_fm17550_iap.o
    0x0805f744   0x00000050   Code   RO        10622    i.sys_arch_mbox_fetch  sys_arch.o
    0x0805f794   0x0000001e   Code   RO        10623    i.sys_arch_mbox_tryfetch  sys_arch.o
    0x0805f7b2   0x00000042   Code   RO        10625    i.sys_arch_sem_wait  sys_arch.o
    0x0805f7f4   0x00000024   Code   RO        10629    i.sys_init          sys_arch.o
    0x0805f818   0x00000014   Code   RO        10630    i.sys_mbox_free     sys_arch.o
    0x0805f82c   0x00000014   Code   RO        10631    i.sys_mbox_new      sys_arch.o
    0x0805f840   0x0000001a   Code   RO        10632    i.sys_mbox_post     sys_arch.o
    0x0805f85a   0x00000006   Code   RO        10633    i.sys_mbox_set_invalid  sys_arch.o
    0x0805f860   0x0000001c   Code   RO        10634    i.sys_mbox_trypost  sys_arch.o
    0x0805f87c   0x0000000a   Code   RO        10635    i.sys_mbox_valid    sys_arch.o
    0x0805f886   0x00000006   Code   RO        10636    i.sys_sem_free      sys_arch.o
    0x0805f88c   0x0000003a   Code   RO        10637    i.sys_sem_new       sys_arch.o
    0x0805f8c6   0x00000006   Code   RO        10638    i.sys_sem_set_invalid  sys_arch.o
    0x0805f8cc   0x0000000c   Code   RO        10639    i.sys_sem_signal    sys_arch.o
    0x0805f8d8   0x0000000a   Code   RO        10640    i.sys_sem_valid     sys_arch.o
    0x0805f8e2   0x00000002   PAD
    0x0805f8e4   0x00000050   Code   RO        10641    i.sys_thread_new    sys_arch.o
    0x0805f934   0x0000005c   Code   RO         9399    i.sys_timeout       timers.o
    0x0805f990   0x00000054   Code   RO         9400    i.sys_timeouts_init  timers.o
    0x0805f9e4   0x00000064   Code   RO         9401    i.sys_timeouts_mbox_fetch  timers.o
    0x0805fa48   0x00000048   Code   RO         9402    i.sys_untimeout     timers.o
    0x0805fa90   0x000001cc   Code   RO         6941    i.tcp_LngConnect_MainFunction  tcp_client_lngconnect.o
    0x0805fc5c   0x000000b8   Code   RO         6942    i.tcp_LngConnect_Parameter  tcp_client_lngconnect.o
    0x0805fd14   0x000001c4   Code   RO         6943    i.tcp_LngConnect_parseJson  tcp_client_lngconnect.o
    0x0805fed8   0x00000a00   Code   RO         7006    i.tcp_ShortConnect_MainFunction  tcp_client_shortconnect.o
    0x080608d8   0x000000dc   Code   RO         7007    i.tcp_ShortConnect_RcvMsg  tcp_client_shortconnect.o
    0x080609b4   0x0000005c   Code   RO         7008    i.tcp_ShortConnect_SendMsg  tcp_client_shortconnect.o
    0x08060a10   0x000000e0   Code   RO         7009    i.tcp_ShortConnect_parameter  tcp_client_shortconnect.o
    0x08060af0   0x000003b4   Code   RO         7010    i.tcp_ShortConnect_parseJson  tcp_client_shortconnect.o
    0x08060ea4   0x00000094   Code   RO         9027    i.tcp_abandon       tcp.o
    0x08060f38   0x00000006   Code   RO         9028    i.tcp_abort         tcp.o
    0x08060f3e   0x00000004   Code   RO         9029    i.tcp_accept        tcp.o
    0x08060f42   0x00000002   PAD
    0x08060f44   0x000000f8   Code   RO         9031    i.tcp_alloc         tcp.o
    0x0806103c   0x00000004   Code   RO         9032    i.tcp_arg           tcp.o
    0x08061040   0x000000ac   Code   RO         9033    i.tcp_bind          tcp.o
    0x080610ec   0x0000000c   Code   RO         7011    i.tcp_client_BListUpdataSt  tcp_client_shortconnect.o
    0x080610f8   0x0000001c   Code   RO         6944    i.tcp_client_LngConnect_callback  tcp_client_lngconnect.o
    0x08061114   0x0000013c   Code   RO         7012    i.tcp_client_httpPostRequest  tcp_client_shortconnect.o
    0x08061250   0x00000014   Code   RO         9034    i.tcp_close         tcp.o
    0x08061264   0x00000124   Code   RO         9035    i.tcp_close_shutdown  tcp.o
    0x08061388   0x00000130   Code   RO         9036    i.tcp_connect       tcp.o
    0x080614b8   0x0000009a   Code   RO         9299    i.tcp_create_segment  tcp_out.o
    0x08061552   0x00000020   Code   RO         9038    i.tcp_eff_send_mss  tcp.o
    0x08061572   0x000000a8   Code   RO         9300    i.tcp_enqueue_flags  tcp_out.o
    0x0806161a   0x00000006   Code   RO         9039    i.tcp_err           tcp.o
    0x08061620   0x0000005c   Code   RO         9040    i.tcp_fasttmr       tcp.o
    0x0806167c   0x00000002   Code   RO         9041    i.tcp_init          tcp.o
    0x0806167e   0x00000002   PAD
    0x08061680   0x0000030c   Code   RO         9246    i.tcp_input         tcp_in.o
    0x0806198c   0x0000003c   Code   RO         9301    i.tcp_keepalive     tcp_out.o
    0x080619c8   0x000000e4   Code   RO         9247    i.tcp_listen_input  tcp_in.o
    0x08061aac   0x00000006   Code   RO         9043    i.tcp_new           tcp.o
    0x08061ab2   0x00000002   PAD
    0x08061ab4   0x0000005c   Code   RO         9044    i.tcp_new_port      tcp.o
    0x08061b10   0x00000010   Code   RO         9045    i.tcp_next_iss      tcp.o
    0x08061b20   0x00000078   Code   RO         9248    i.tcp_oos_insert_segment  tcp_in.o
    0x08061b98   0x00000188   Code   RO         9302    i.tcp_output        tcp_out.o
    0x08061d20   0x0000006a   Code   RO         9303    i.tcp_output_alloc_header  tcp_out.o
    0x08061d8a   0x00000002   PAD
    0x08061d8c   0x000000b0   Code   RO         9304    i.tcp_output_segment  tcp_out.o
    0x08061e3c   0x00000080   Code   RO         9249    i.tcp_parseopt      tcp_in.o
    0x08061ebc   0x0000004e   Code   RO         9305    i.tcp_pbuf_prealloc  tcp_out.o
    0x08061f0a   0x00000042   Code   RO         9046    i.tcp_pcb_purge     tcp.o
    0x08061f4c   0x00000058   Code   RO         9047    i.tcp_pcb_remove    tcp.o
    0x08061fa4   0x0000000a   Code   RO         9048    i.tcp_poll          tcp.o
    0x08061fae   0x00000002   PAD
    0x08061fb0   0x00000344   Code   RO         9250    i.tcp_process       tcp_in.o
    0x080622f4   0x00000066   Code   RO         9049    i.tcp_process_refused_data  tcp.o
    0x0806235a   0x00000002   PAD
    0x0806235c   0x000006bc   Code   RO         9251    i.tcp_receive       tcp_in.o
    0x08062a18   0x00000006   Code   RO         9050    i.tcp_recv          tcp.o
    0x08062a1e   0x00000024   Code   RO         9051    i.tcp_recv_null     tcp.o
    0x08062a42   0x00000036   Code   RO         9052    i.tcp_recved        tcp.o
    0x08062a78   0x00000052   Code   RO         9306    i.tcp_rexmit        tcp_out.o
    0x08062aca   0x00000058   Code   RO         9307    i.tcp_rexmit_fast   tcp_out.o
    0x08062b22   0x0000002e   Code   RO         9308    i.tcp_rexmit_rto    tcp_out.o
    0x08062b50   0x00000076   Code   RO         9309    i.tcp_rst           tcp_out.o
    0x08062bc6   0x00000024   Code   RO         9053    i.tcp_seg_copy      tcp.o
    0x08062bea   0x0000001c   Code   RO         9054    i.tcp_seg_free      tcp.o
    0x08062c06   0x00000012   Code   RO         9055    i.tcp_segs_free     tcp.o
    0x08062c18   0x00000048   Code   RO         9310    i.tcp_send_empty_ack  tcp_out.o
    0x08062c60   0x00000046   Code   RO         9311    i.tcp_send_fin      tcp_out.o
    0x08062ca6   0x00000004   Code   RO         9056    i.tcp_sent          tcp.o
    0x08062caa   0x00000002   PAD
    0x08062cac   0x00000048   Code   RO         7013    i.tcp_shortConnect_HexIPtoStr  tcp_client_shortconnect.o
    0x08062cf4   0x0000004a   Code   RO         7014    i.tcp_shortConnect_StrToHex  tcp_client_shortconnect.o
    0x08062d3e   0x00000002   PAD
    0x08062d40   0x0000005c   Code   RO         7015    i.tcp_shortConnect_UpdataBList  tcp_client_shortconnect.o
    0x08062d9c   0x0000004e   Code   RO         9058    i.tcp_shutdown      tcp.o
    0x08062dea   0x00000002   PAD
    0x08062dec   0x00000284   Code   RO         9059    i.tcp_slowtmr       tcp.o
    0x08063070   0x00000034   Code   RO         9403    i.tcp_timer_needed  timers.o
    0x080630a4   0x0000006c   Code   RO         9252    i.tcp_timewait_input  tcp_in.o
    0x08063110   0x00000024   Code   RO         9060    i.tcp_tmr           tcp.o
    0x08063134   0x00000034   Code   RO         9061    i.tcp_update_rcv_ann_wnd  tcp.o
    0x08063168   0x00000318   Code   RO         9312    i.tcp_write         tcp_out.o
    0x08063480   0x00000092   Code   RO         9313    i.tcp_zero_window_probe  tcp_out.o
    0x08063512   0x00000002   PAD
    0x08063514   0x0000003c   Code   RO         7939    i.tcpip_apimsg      tcpip.o
    0x08063550   0x0000005c   Code   RO         7940    i.tcpip_callback_with_block  tcpip.o
    0x080635ac   0x00000038   Code   RO         7943    i.tcpip_init        tcpip.o
    0x080635e4   0x00000038   Code   RO         9404    i.tcpip_tcp_timer   timers.o
    0x0806361c   0x00000080   Code   RO         7945    i.tcpip_thread      tcpip.o
    0x0806369c   0x00000004   Code   RO        16069    i.time              retarget.o
    0x080636a0   0x00000054   Code   RO         5761    i.timestamp_strBJtime  time_stamp.o
    0x080636f4   0x00000188   Code   RO         5762    i.timestamp_timeCalibration  time_stamp.o
    0x0806387c   0x00000160   Code   RO        15572    i.tls1_prf          ssl_tls.o
    0x080639dc   0x00000098   Code   RO         9498    i.udp_bind          udp.o
    0x08063a74   0x0000004c   Code   RO         9499    i.udp_connect       udp.o
    0x08063ac0   0x00000002   Code   RO         9501    i.udp_init          udp.o
    0x08063ac2   0x00000002   PAD
    0x08063ac4   0x0000016c   Code   RO         9502    i.udp_input         udp.o
    0x08063c30   0x0000001a   Code   RO         9503    i.udp_new           udp.o
    0x08063c4a   0x00000006   Code   RO         9504    i.udp_recv          udp.o
    0x08063c50   0x0000002c   Code   RO         9505    i.udp_remove        udp.o
    0x08063c7c   0x00000008   Code   RO         9506    i.udp_send          udp.o
    0x08063c84   0x00000028   Code   RO         9507    i.udp_sendto        udp.o
    0x08063cac   0x000000b6   Code   RO         9508    i.udp_sendto_if     udp.o
    0x08063d62   0x0000001c   Code   RO        11321    i.update_offset     cjson.o
    0x08063d7e   0x000000d0   Code   RO        11322    i.utf16_literal_to_utf8  cjson.o
    0x08063e4e   0x00000024   Code   RO        12812    i.uxListRemove      list.o
    0x08063e72   0x00000012   Code   RO        12872    i.uxQueueMessagesWaiting  queue.o
    0x08063e84   0x00000018   Code   RO        13020    i.uxTaskResetEventItemValue  tasks.o
    0x08063e9c   0x00000016   Code   RO        12813    i.vListInitialise   list.o
    0x08063eb2   0x00000006   Code   RO        12814    i.vListInitialiseItem  list.o
    0x08063eb8   0x00000030   Code   RO        12815    i.vListInsert       list.o
    0x08063ee8   0x00000018   Code   RO        12816    i.vListInsertEnd    list.o
    0x08063f00   0x0000001c   Code   RO        12710    i.vPortEnterCritical  port.o
    0x08063f1c   0x00000014   Code   RO        12711    i.vPortExitCritical  port.o
    0x08063f30   0x00000040   Code   RO        13371    i.vPortFree         heap_4.o
    0x08063f70   0x00000014   Code   RO        12712    i.vPortSetupTimerInterrupt  port.o
    0x08063f84   0x00000004   Code   RO        12875    i.vQueueDelete      queue.o
    0x08063f88   0x00000054   Code   RO        13021    i.vTaskDelay        tasks.o
    0x08063fdc   0x000001e8   Code   RO        12512    i.vTaskFeedDog      main.o
    0x080641c4   0x0000000c   Code   RO        13025    i.vTaskMissedYield  tasks.o
    0x080641d0   0x00000050   Code   RO        13027    i.vTaskPlaceOnEventList  tasks.o
    0x08064220   0x00000058   Code   RO        13028    i.vTaskPlaceOnUnorderedEventList  tasks.o
    0x08064278   0x00000084   Code   RO        13029    i.vTaskPriorityInherit  tasks.o
    0x080642fc   0x00000010   Code   RO        13032    i.vTaskSetTimeOutState  tasks.o
    0x0806430c   0x00000054   Code   RO        13033    i.vTaskStartScheduler  tasks.o
    0x08064360   0x00000010   Code   RO        13035    i.vTaskSuspendAll   tasks.o
    0x08064370   0x00000044   Code   RO        13036    i.vTaskSwitchContext  tasks.o
    0x080643b4   0x0000000e   Code   RO         5820    i.wdata_HexToChar   wdata.o
    0x080643c2   0x00000040   Code   RO         6428    i.wm8978_CfgAudioIF  bsp_wm8978.o
    0x08064402   0x000001f0   Code   RO         6429    i.wm8978_CfgAudioPath  bsp_wm8978.o
    0x080645f2   0x00000004   Code   RO         6431    i.wm8978_Init       bsp_wm8978.o
    0x080645f6   0x00000004   Code   RO         6434    i.wm8978_PowerDown  bsp_wm8978.o
    0x080645fa   0x00000002   PAD
    0x080645fc   0x00000038   Code   RO         6437    i.wm8978_Reset      bsp_wm8978.o
    0x08064634   0x00000020   Code   RO         6441    i.wm8978_SetOUT2Volume  bsp_wm8978.o
    0x08064654   0x00000058   Code   RO         6442    i.wm8978_WriteReg   bsp_wm8978.o
    0x080646ac   0x000000a2   Code   RO        15814    i.x509_free         x509parse.o
    0x0806474e   0x00000002   PAD
    0x08064750   0x00000060   Code   RO        15815    i.x509_get_alg      x509parse.o
    0x080647b0   0x00000090   Code   RO        15816    i.x509_get_attr_type_value  x509parse.o
    0x08064840   0x0000007c   Code   RO        15817    i.x509_get_basic_constraints  x509parse.o
    0x080648bc   0x00000204   Code   RO        15819    i.x509_get_crt_ext  x509parse.o
    0x08064ac0   0x00000054   Code   RO        15821    i.x509_get_ext      x509parse.o
    0x08064b14   0x00000074   Code   RO        15822    i.x509_get_name     x509parse.o
    0x08064b88   0x0000010c   Code   RO        15823    i.x509_get_pubkey   x509parse.o
    0x08064c94   0x00000050   Code   RO        15824    i.x509_get_serial   x509parse.o
    0x08064ce4   0x0000004c   Code   RO        15825    i.x509_get_sig      x509parse.o
    0x08064d30   0x00000064   Code   RO        15826    i.x509_get_sig_alg  x509parse.o
    0x08064d94   0x00000118   Code   RO        15827    i.x509_get_time     x509parse.o
    0x08064eac   0x00000036   Code   RO        15828    i.x509_get_uid      x509parse.o
    0x08064ee2   0x00000002   PAD
    0x08064ee4   0x00000048   Code   RO        15829    i.x509_get_version  x509parse.o
    0x08064f2c   0x00000052   Code   RO        15830    i.x509_hash         x509parse.o
    0x08064f7e   0x00000002   PAD
    0x08064f80   0x000002f0   Code   RO        15833    i.x509parse_cert_info  x509parse.o
    0x08065270   0x0000038c   Code   RO        15836    i.x509parse_crt     x509parse.o
    0x080655fc   0x0000016c   Code   RO        15838    i.x509parse_dn_gets  x509parse.o
    0x08065768   0x00000036   Code   RO        15841    i.x509parse_revoked  x509parse.o
    0x0806579e   0x00000002   PAD
    0x080657a0   0x00000074   Code   RO        15842    i.x509parse_serial_gets  x509parse.o
    0x08065814   0x000000c8   Code   RO        15843    i.x509parse_time_expired  x509parse.o
    0x080658dc   0x000001bc   Code   RO        15844    i.x509parse_verify  x509parse.o
    0x08065a98   0x00000086   Code   RO        15845    i.x509parse_verifycrl  x509parse.o
    0x08065b1e   0x0000001a   Code   RO        13290    i.xEventGroupCreate  event_groups.o
    0x08065b38   0x00000064   Code   RO        13292    i.xEventGroupSetBits  event_groups.o
    0x08065b9c   0x000000bc   Code   RO        13294    i.xEventGroupWaitBits  event_groups.o
    0x08065c58   0x00000040   Code   RO        12713    i.xPortStartScheduler  port.o
    0x08065c98   0x00000042   Code   RO        12878    i.xQueueGenericCreate  queue.o
    0x08065cda   0x00000002   PAD
    0x08065cdc   0x0000012c   Code   RO        12879    i.xQueueGenericReceive  queue.o
    0x08065e08   0x00000070   Code   RO        12880    i.xQueueGenericReset  queue.o
    0x08065e78   0x00000100   Code   RO        12881    i.xQueueGenericSend  queue.o
    0x08065f78   0x00000048   Code   RO        13037    i.xTaskCheckForTimeOut  tasks.o
    0x08065fc0   0x00000178   Code   RO        13038    i.xTaskGenericCreate  tasks.o
    0x08066138   0x0000000c   Code   RO        13042    i.xTaskGetTickCount  tasks.o
    0x08066144   0x000000b4   Code   RO        13044    i.xTaskIncrementTick  tasks.o
    0x080661f8   0x00000070   Code   RO        13046    i.xTaskPriorityDisinherit  tasks.o
    0x08066268   0x00000064   Code   RO        13047    i.xTaskRemoveFromEventList  tasks.o
    0x080662cc   0x00000050   Code   RO        13048    i.xTaskRemoveFromUnorderedEventList  tasks.o
    0x0806631c   0x000000b0   Code   RO        13049    i.xTaskResumeAll    tasks.o
    0x080663cc   0x000000a0   Data   RO         6201    .constdata          bsp_i2c_gpio.o
    0x0806646c   0x00000074   Data   RO         6443    .constdata          bsp_wm8978.o
    0x080664e0   0x00000088   Data   RO         6717    .constdata          audioio.o
    0x08066568   0x00000040   Data   RO         6795    .constdata          hym8563.o
    0x080665a8   0x00000040   Data   RO         7778    .constdata          sockets.o
    0x080665e8   0x00000004   Data   RO         8187    .constdata          ip_addr.o
    0x080665ec   0x00000004   Data   RO         8188    .constdata          ip_addr.o
    0x080665f0   0x00000040   Data   RO         8654    .constdata          memp.o
    0x08066630   0x00000054   Data   RO         9062    .constdata          tcp.o
    0x08066684   0x0000000c   Data   RO         9602    .constdata          etharp.o
    0x08066690   0x00000002   Data   RO        10942    .constdata          btnfltr_cfg.o
    0x08066692   0x00000002   PAD
    0x08066694   0x0000003c   Data   RO        11172    .constdata          memif_cfg.o
    0x080666d0   0x00000002   Data   RO        12042    .constdata          std_adflitercfg.o
    0x080666d2   0x00000001   Data   RO        12043    .constdata          std_adflitercfg.o
    0x080666d3   0x00000001   Data   RO        12044    .constdata          std_adflitercfg.o
    0x080666d4   0x00000002   Data   RO        12124    .constdata          psfltr_cfg.o
    0x080666d6   0x0000000a   Data   RO        12378    .constdata          zr60_ctrl.o
    0x080666e0   0x000000c0   Data   RO        13533    .constdata          base64.o
    0x080667a0   0x00000518   Data   RO        13828    .constdata          camellia.o
    0x08066cb8   0x00000980   Data   RO        14281    .constdata          des.o
    0x08067638   0x0000003c   Data   RO        14635    .constdata          md_wrap.o
    0x08067674   0x0000003c   Data   RO        14636    .constdata          md_wrap.o
    0x080676b0   0x0000003c   Data   RO        14637    .constdata          md_wrap.o
    0x080676ec   0x0000003c   Data   RO        14638    .constdata          md_wrap.o
    0x08067728   0x0000003c   Data   RO        14639    .constdata          md_wrap.o
    0x08067764   0x0000003c   Data   RO        14640    .constdata          md_wrap.o
    0x080677a0   0x00000040   Data   RO        15023    .constdata          md5.o
    0x080677e0   0x00000040   Data   RO        15291    .constdata          sha1.o
    0x08067820   0x00000040   Data   RO        15356    .constdata          sha2.o
    0x08067860   0x00000300   Data   RO        15422    .constdata          sha4.o
    0x08067b60   0x0000000c   Data   RO        16169    .constdata          mc_w.l(mktime.o)
    0x08067b6c   0x00000056   Data   RO        16172    .constdata          mc_w.l(strftime.o)
    0x08067bc2   0x0000000c   Data   RO        16555    .constdata          mc_w.l(localtime_i.o)
    0x08067bce   0x00000081   Data   RO        16587    .constdata          mc_w.l(ctype_o.o)
    0x08067c4f   0x00000001   PAD
    0x08067c50   0x00000004   Data   RO        16588    .constdata          mc_w.l(ctype_o.o)
    0x08067c54   0x00000075   Data   RO         9063    .conststring        tcp.o
    0x08067cc9   0x00000003   PAD
    0x08067ccc   0x000000ab   Data   RO        10448    .conststring        http_client_iap.o
    0x08067d77   0x00000001   PAD
    0x08067d78   0x00000045   Data   RO        10775    .conststring        netconnif.o
    0x08067dbd   0x00000003   PAD
    0x08067dc0   0x00000004   Data   RO        14641    .conststring        md_wrap.o
    0x08067dc4   0x00000005   Data   RO        14642    .conststring        md_wrap.o
    0x08067dc9   0x00000003   PAD
    0x08067dcc   0x00000007   Data   RO        14643    .conststring        md_wrap.o
    0x08067dd3   0x00000001   PAD
    0x08067dd4   0x00000007   Data   RO        14644    .conststring        md_wrap.o
    0x08067ddb   0x00000001   PAD
    0x08067ddc   0x00000007   Data   RO        14645    .conststring        md_wrap.o
    0x08067de3   0x00000001   PAD
    0x08067de4   0x00000007   Data   RO        14646    .conststring        md_wrap.o
    0x08067deb   0x00000001   PAD
    0x08067dec   0x0000004e   Data   RO        15573    .conststring        ssl_tls.o
    0x08067e3a   0x00000002   PAD
    0x08067e3c   0x00000040   Data   RO        16623    Region$$Table       anon$$obj.o


    Execution Region RW_IRAM2 (Base: 0x10000000, Size: 0x0000eb30, Max: 0x00010000, ABSOLUTE)

    Base Addr    Size         Type   Attr      Idx    E Section Name        Object

    0x10000000   0x00000002   Data   RW        11880    .data               blistcache.o
    0x10000002   0x00000002   Data   RW        11934    .data               unlocklogcache.o
    0x10000004   0x00000002   Data   RW        12189    .data               blistmng.o
    0x10000006   0x00000023   Data   RW        12304    .data               readcard.o
    0x10000029   0x00000003   PAD
    0x1000002c   0x00000051   Data   RW        12379    .data               zr60_ctrl.o
    0x1000007d   0x00000003   PAD
    0x10000080   0x00000004   Data   RW        12714    .data               port.o
    0x10000084   0x00000038   Data   RW        13052    .data               tasks.o
    0x100000bc   0x00000018   Data   RW        13376    .data               heap_4.o
    0x100000d4   0x00000004   Data   RW        13434    .data               aes.o
    0x100000d8   0x00000034   Data   RW        15574    .data               ssl_tls.o
    0x1000010c   0x00000004   Data   RW        16159    .data               mc_w.l(stdout.o)
    0x10000110   0x00000004   Data   RW        16501    .data               mc_w.l(errno.o)
    0x10000114   0x00000004   Data   RW        16557    .data               mc_w.l(mvars.o)
    0x10000118   0x00000004   Data   RW        16558    .data               mc_w.l(mvars.o)
    0x1000011c   0x000001f4   Zero   RW        11879    .bss                blistcache.o
    0x10000310   0x000015e0   Zero   RW        11933    .bss                unlocklogcache.o
    0x100018f0   0x0000000a   Zero   RW        12188    .bss                blistmng.o
    0x100018fa   0x00001f68   Zero   RW        12242    .bss                blistmng_cfg.o
    0x10003862   0x00001f68   Zero   RW        12243    .bss                blistmng_cfg.o
    0x100057ca   0x00000320   Zero   RW        12244    .bss                blistmng_cfg.o
    0x10005aea   0x000000a2   Zero   RW        12302    .bss                readcard.o
    0x10005b8c   0x0000003b   Zero   RW        12303    .bss                readcard.o
    0x10005bc7   0x00000001   PAD
    0x10005bc8   0x00000030   Zero   RW        12377    .bss                zr60_ctrl.o
    0x10005bf8   0x000002e4   Zero   RW        13051    .bss                tasks.o
    0x10005edc   0x00006800   Zero   RW        13375    .bss                heap_4.o
    0x1000c6dc   0x00002228   Zero   RW        13433    .bss                aes.o
    0x1000e904   0x00000200   Zero   RW        14196    .bss                debug.o
    0x1000eb04   0x0000002c   Zero   RW        16552    .bss                mc_w.l(localtime_w.o)


    Execution Region RW_IRAM1 (Base: 0x20000000, Size: 0x0001ef70, Max: 0x00020000, ABSOLUTE, COMPRESSED[0x00000130])

    Base Addr    Size         Type   Attr      Idx    E Section Name        Object

    0x20000000   0x00000010   Data   RW         2614    .data               stm32f4xx_rcc.o
    0x20000010   0x00000020   Data   RW         5241    .data               sm3.o
    0x20000030   0x00000006   Data   RW         5763    .data               time_stamp.o
    0x20000036   0x00000002   PAD
    0x20000038   0x00000008   Data   RW         5898    .data               fatfs_flash_spi.o
    0x20000040   0x0000007c   Data   RW         6444    .data               bsp_wm8978.o
    0x200000bc   0x00000002   Data   RW         6676    .data               bsp_adc.o
    0x200000be   0x00000002   PAD
    0x200000c0   0x00000064   Data   RW         6719    .data               audioio.o
    0x20000124   0x00000014   Data   RW         6946    .data               tcp_client_lngconnect.o
    0x20000138   0x00000019   Data   RW         7017    .data               tcp_client_shortconnect.o
    0x20000151   0x0000000f   Data   RW         7143    .data               dnsanalysis.o
    0x20000160   0x00000011   Data   RW         7144    .data               dnsanalysis.o
    0x20000171   0x00000010   Data   RW         7145    .data               dnsanalysis.o
    0x20000181   0x00000011   Data   RW         7146    .data               dnsanalysis.o
    0x20000192   0x00000010   Data   RW         7147    .data               dnsanalysis.o
    0x200001a2   0x0000000f   Data   RW         7148    .data               dnsanalysis.o
    0x200001b1   0x00000010   Data   RW         7149    .data               dnsanalysis.o
    0x200001c1   0x00000012   Data   RW         7150    .data               dnsanalysis.o
    0x200001d3   0x00000012   Data   RW         7151    .data               dnsanalysis.o
    0x200001e5   0x00000003   PAD
    0x200001e8   0x00000028   Data   RW         7152    .data               dnsanalysis.o
    0x20000210   0x00000038   Data   RW         7207    .data               netconf.o
    0x20000248   0x00000008   Data   RW         7779    .data               sockets.o
    0x20000250   0x0000000c   Data   RW         7949    .data               tcpip.o
    0x2000025c   0x00000014   Data   RW         8133    .data               ip.o
    0x20000270   0x00000008   Data   RW         8243    .data               ip_frag.o
    0x20000278   0x00000004   Data   RW         8353    .data               dhcp.o
    0x2000027c   0x00000014   Data   RW         8504    .data               dns.o
    0x20000290   0x00000010   Data   RW         8600    .data               mem.o
    0x200002a0   0x0000000c   Data   RW         8712    .data               netif.o
    0x200002ac   0x00000001   Data   RW         8817    .data               pbuf.o
    0x200002ad   0x00000003   PAD
    0x200002b0   0x00000004   Data   RW         8949    .data               raw.o
    0x200002b4   0x00000024   Data   RW         9064    .data               tcp.o
    0x200002d8   0x0000001c   Data   RW         9254    .data               tcp_in.o
    0x200002f4   0x00000008   Data   RW         9405    .data               timers.o
    0x200002fc   0x00000008   Data   RW         9509    .data               udp.o
    0x20000304   0x00000001   Data   RW         9603    .data               etharp.o
    0x20000305   0x00000003   PAD
    0x20000308   0x00000008   Data   RW         9734    .data               lan8742a.o
    0x20000310   0x0000000c   Data   RW         9882    .data               stm32f429_eth.o
    0x2000031c   0x0000001a   Data   RW        10336    .data               ntpclient.o
    0x20000336   0x00000002   PAD
    0x20000338   0x00000020   Data   RW        10449    .data               http_client_iap.o
    0x20000358   0x0000002c   Data   RW        10549    .data               stm8_fm17550_iap.o
    0x20000384   0x00000002   Data   RW        10643    .data               sys_arch.o
    0x20000386   0x00000002   Data   RW        10882    .data               btnfltr.o
    0x20000388   0x0000000c   Data   RW        10986    .data               uartcmn.o
    0x20000394   0x00000016   Data   RW        11087    .data               memif.o
    0x200003aa   0x00000002   PAD
    0x200003ac   0x00000014   Data   RW        11324    .data               cjson.o
    0x200003c0   0x00000001   Data   RW        11837    .data               mcu_init.o
    0x200003c1   0x00000002   Data   RW        11988    .data               std_adfliter.o
    0x200003c3   0x00000006   Data   RW        12072    .data               psfltr.o
    0x200003c9   0x00000007   PAD
    0x200003d0   0x00000010   Data   RW        12513    .data               main.o
    0x200003e0   0x00000008   Data   RW        12590    .data               stm32f4xx_it.o
    0x200003e8   0x00000001   Data   RW        12672    .data               sleepmng.o
    0x200003e9   0x00000003   PAD
    0x200003ec   0x00001000   Zero   RW         6716    .bss                audioio.o
    0x200013ec   0x0000012c   Zero   RW         6945    .bss                tcp_client_lngconnect.o
    0x20001518   0x000015e0   Zero   RW         7016    .bss                tcp_client_shortconnect.o
    0x20002af8   0x0000003f   Zero   RW         7142    .bss                dnsanalysis.o
    0x20002b37   0x00000001   PAD
    0x20002b38   0x00000038   Zero   RW         7206    .bss                netconf.o
    0x20002b70   0x00000060   Zero   RW         7777    .bss                sockets.o
    0x20002bd0   0x00000032   Zero   RW         8352    .bss                dhcp.o
    0x20002c02   0x00000002   PAD
    0x20002c04   0x00000cf3   Zero   RW         8503    .bss                dns.o
    0x200038f7   0x00005014   Zero   RW         8599    .bss                mem.o
    0x2000890b   0x00000001   PAD
    0x2000890c   0x00003e6b   Zero   RW         8653    .bss                memp.o
    0x2000c777   0x00000001   PAD
    0x2000c778   0x00000010   Zero   RW         9253    .bss                tcp_in.o
    0x2000c788   0x000000c8   Zero   RW         9601    .bss                etharp.o
    0x2000c850   0x000000bc   Zero   RW         9733    .bss                lan8742a.o
    0x2000c90c   0x00000200   Zero   RW         9877    .bss                stm32f429_eth.o
    0x2000cb0c   0x00000100   Zero   RW         9878    .bss                stm32f429_eth.o
    0x2000cc0c   0x00005f40   Zero   RW         9879    .bss                stm32f429_eth.o
    0x20012b4c   0x00002fa0   Zero   RW         9880    .bss                stm32f429_eth.o
    0x20015aec   0x0000000c   Zero   RW         9881    .bss                stm32f429_eth.o
    0x20015af8   0x00000040   Zero   RW        10335    .bss                ntpclient.o
    0x20015b38   0x000000e0   Zero   RW        10447    .bss                http_client_iap.o
    0x20015c18   0x0000011e   Zero   RW        10547    .bss                stm8_fm17550_iap.o
    0x20015d36   0x00000002   PAD
    0x20015d38   0x00000018   Zero   RW        10642    .bss                sys_arch.o
    0x20015d50   0x00000014   Zero   RW        10849    .bss                netconnif_cfg.o
    0x20015d64   0x00000010   Zero   RW        10881    .bss                btnfltr.o
    0x20015d74   0x000001b6   Zero   RW        10985    .bss                uartcmn.o
    0x20015f2a   0x00000002   PAD
    0x20015f2c   0x00000030   Zero   RW        11987    .bss                std_adfliter.o
    0x20015f5c   0x00000014   Zero   RW        12589    .bss                stm32f4xx_it.o
    0x20015f70   0x00006800   Zero   RW            2    HEAP                startup_stm32f40xx.o
    0x2001c770   0x00002800   Zero   RW            1    STACK               startup_stm32f40xx.o


==============================================================================

Image component sizes


      Code (inc. data)   RO Data    RW Data    ZI Data      Debug   Object Name

      3014         88          0          4       8744      21026   aes.o
      1398        516          0          0          0      20647   api_lib.o
      2572         72          0          0          0      18537   api_msg.o
       128          0          0          0          0       2638   arc4.o
       512         86        136        100       4096       5872   audioio.o
       268          4        192          0          0       2040   base64.o
      6450          0          0          0          0      33721   bignum.o
       164         36          0          2        500       4236   blistcache.o
       652         44          0          2         10       6168   blistmng.o
         0          0          0          0      16880       1351   blistmng_cfg.o
       248         20          0          2          0       1985   bsp_adc.o
       228         14          0          0          0       2022   bsp_debug_usart.o
       176         18          0          0          0       1125   bsp_exti.o
      1566         78        160          0          0      10928   bsp_i2c_gpio.o
        42          0          0          0          0       1130   bsp_iwdg.o
       132         12          0          0          0        634   bsp_led.o
      1460         86        116        124          0      12381   bsp_wm8978.o
       248         34          0          2         16       3513   btnfltr.o
        36          8          2          0          0       1367   btnfltr_cfg.o
      1834         12       1304          0          0       8970   camellia.o
         0          0          0          0          0        480   cc936.o
         0          0          0          0          0       3556   cipher_wrap.o
      4026        184          0         20          0      34311   cjson.o
      1156        260          0          0        512      24257   debug.o
        16          0          0          0          0       2682   def.o
      2732         30       2432          0          0      11393   des.o
      3834        424          0          4         50      23515   dhcp.o
        42          6          0          0          0       1072   dhcpclient.o
       552         22          0          0          0       5425   dhm.o
         0          0          0          0          0       1228   diskio.o
         0          0          0          0          0      19659   display.o
      1262         88          0         20       3315      10053   dns.o
       484        202          0        188         63       5123   dnsanalysis.o
         0          0          0          0          0      11428   error.o
      1764         84         12          1        200      15148   etharp.o
       694         58          0          0          0       5634   ethernetif.o
       334          4          0          0          0       5758   event_groups.o
       584         54          0          8          0       7277   fatfs_flash_spi.o
         0          0          0          0          0        564   ff.o
       368         24          0         24      26624       4315   heap_4.o
      3034       1456        171         32        224      38215   http_client_iap.o
       916         76         64          0          0       8856   hym8563.o
       368         10          0          0          0       3686   icmp.o
       170          0          0          0          0       2977   inet_chksum.o
        34          0          0          0          0        572   init.o
       660         24          0         20          0       8561   ip.o
       314          6          8          0          0       9138   ip_addr.o
      1346         36          0          8          0      10972   ip_frag.o
       696        178          0          0          0       4618   jsonif.o
       764         60          0          8        188       6235   lan8742a.o
       136          0          0          0          0       4914   list.o
      1184        566          0         16          0       7155   main.o
      1320        236          0          1          0       2971   mcu_init.o
       232         58          0          0          0       6503   md.o
      2660        268         64          0          0       9411   md5.o
       384         24        397          0          0      43683   md_wrap.o
       644         30          0         16      20500       5493   mem.o
       680        170          0         22          0       6528   memif.o
         8          0         60          0          0       4110   memif_cfg.o
       184         52         64          0      15979       3518   memp.o
       120         14          0          0          0       1835   misc.o
       258          0          0          0          0       8700   net.o
       190         54          0          0          0       7391   netbuf.o
       480         46          0         56         56      17493   netconf.o
      1820       1112         69          0          0       9043   netconnif.o
         0          0          0          0         20       1468   netconnif_cfg.o
         0          0          0          0          0       5944   netdb.o
       400         18          0         12          0      10379   netif.o
      1096        472          0         26         64       5700   ntpclient.o
      1498        338          0          1          0      13049   pbuf.o
      1196        176          0          0          0       6972   pem.o
       414         52          0          4          0      15808   port.o
       144         18          0          6          0       2905   psfltr.o
        40         10          2          0          0       1290   psfltr_cfg.o
      1004         14          0          0          0      17854   queue.o
       370         22          0          4          0       5792   raw.o
      1692        662          0         35        221       7548   readcard.o
         4          0          0          0          0       1055   retarget.o
      2506        210          0          0          0      12641   rsa.o
      5708         42         64          0          0      10464   sha1.o
      8326        336         64          0          0      10786   sha2.o
      4136        140        768          0          0      10318   sha4.o
        24          8          0          1          0       1288   sleepmng.o
      1272         14          0         32          0      91848   sm3.o
      1568        112         64          8         96      14192   sockets.o
      5972       2038          0          0          0       8111   ssl_cli.o
     13082       3794         78         52          0      37012   ssl_tls.o
        36          8        392          0      36864        988   startup_stm32f40xx.o
       412         56          0          2         48       5518   std_adfliter.o
         0          0          4          0          0        909   std_adflitercfg.o
      1868        162          0         12      37356      18028   stm32f429_eth.o
       326         20          0          0          0       6940   stm32f4xx_adc.o
       624         52          0          0          0       8225   stm32f4xx_dma.o
       144         14          0          0          0       2576   stm32f4xx_exti.o
       318         36          0          0          0       5429   stm32f4xx_flash.o
       174          0          0          0          0       4091   stm32f4xx_gpio.o
       424         22          0          0          0       8489   stm32f4xx_i2c.o
       346         22          0          8         20       7143   stm32f4xx_it.o
        68         30          0          0          0       2998   stm32f4xx_iwdg.o
       408         78          0         16          0      10666   stm32f4xx_rcc.o
        60         16          0          0          0       1928   stm32f4xx_rng.o
       536         38          0          0          0       8152   stm32f4xx_spi.o
        60         10          0          0          0       1422   stm32f4xx_syscfg.o
       350          8          0          0          0       7737   stm32f4xx_usart.o
       104         22          0         44        286       3593   stm8_fm17550_iap.o
       494         16          0          2         24      11745   sys_arch.o
       272         36          0          0          0     328637   system_stm32f4xx.o
      1948        194          0         56        740      20748   tasks.o
      2702        172        201         36          0      33664   tcp.o
      1124        342          0         20        300       9882   tcp_client_lngconnect.o
      4760       1902          0         25       5600      29993   tcp_client_shortconnect.o
      3924        132          0         28         16      18547   tcp_in.o
      2548         64          0          0          0      15975   tcp_out.o
       336         38          0         12          0       9188   tcpip.o
      1130        346          0          6          0       6941   time_stamp.o
       596         94          0          8          0       8171   timers.o
      1440        122          0         12        438      11369   uartcmn.o
       900         28          0          8          0      18008   udp.o
       260         34          0          2       5600       5237   unlocklogcache.o
       188         10          0          0          0       1260   usart3.o
       188         10          0          0          0       1152   usart4.o
       208         14          0          0          0       1216   usart5.o
       242         62          0          0          0       1887   wdata.o
      5722        688          0          0          0      33806   x509parse.o
      3904       1280         10         81         48      16069   zr60_ctrl.o

    ----------------------------------------------------------------------
    147328      21698       6980       1272     185708    1566498   Object Totals
         0          0         64          0          0          0   (incl. Generated)
       154          0         18         33         10          0   (incl. Padding)

    ----------------------------------------------------------------------

      Code (inc. data)   RO Data    RW Data    ZI Data      Debug   Library Member Name

        40         10          0          0          0        128   strtod.o
        56          8          0          0          0         84   __0sscanf.o
        86          0          0          0          0          0   __dczerorl2.o
        28          0          0          0          0         68   _chval.o
       812          4          0          0          0        112   _scanf.o
       332          0          0          0          0         96   _scanf_int.o
        64          0          0          0          0         84   _sgetc.o
       158          0          0          0          0         92   _strtoul.o
        26          0          0          0          0         80   atoi.o
         8          4        133          0          0         68   ctype_o.o
         0          0          0          0          0          0   entry.o
         0          0          0          0          0          0   entry10a.o
         0          0          0          0          0          0   entry11a.o
         8          4          0          0          0          0   entry2.o
         4          0          0          0          0          0   entry5.o
         0          0          0          0          0          0   entry7b.o
         0          0          0          0          0          0   entry8b.o
         8          4          0          0          0          0   entry9a.o
         8          4          0          4          0         68   errno.o
        30          0          0          0          0          0   handlers.o
        36          8          0          0          0         68   init.o
        18          0          0          0          0         76   isspace_o.o
         0          0          0          0          0          0   iusefp.o
        30          0          0          0          0         68   llshl.o
        36          0          0          0          0         68   llsshr.o
        32          0          0          0          0         68   llushr.o
       140          6         12          0          0         76   localtime_i.o
        12          6          0          0         44         68   localtime_w.o
       360         30          0          0          0        356   mallocr.o
        26          0          0          0          0         80   memcmp.o
        64          0          0          0          0         76   memmovea.o
        36          0          0          0          0        108   memseta.o
       168         18         12          0          0         80   mktime.o
         0          0          0          8          0          0   mvars.o
      2422        104          0          0          0        836   printfa.o
        40          8          0          0          0         84   scanf_char.o
       838         12          0          0          0        216   scanf_fp.o
         0          0          0          4          0          0   stdout.o
        24          0          0          0          0         68   strcat.o
        20          0          0          0          0         68   strchr.o
        28          0          0          0          0         76   strcmp.o
        18          0          0          0          0         68   strcpy.o
       916        264         86          0          0        144   strftime.o
        14          0          0          0          0         68   strlen.o
        30          0          0          0          0         80   strncmp.o
        24          0          0          0          0         76   strncpy.o
        32          0          0          0          0         68   strrchr.o
        36          0          0          0          0         80   strstr.o
       156         12          0          0          0        120   strtod.o
       112          0          0          0          0         88   strtol.o
        12          0          0          0          0         68   tolower.o
        44          0          0          0          0         80   uidiv.o
        98          0          0          0          0         92   uldiv.o
        48          0          0          0          0         68   cdcmple.o
        48          0          0          0          0         68   cdrcmple.o
        56          0          0          0          0         88   d2f.o
       334          0          0          0          0        148   dadd.o
       222          0          0          0          0        100   ddiv.o
       186          0          0          0          0        176   depilogue.o
        62          0          0          0          0         80   dfixi.o
        48          0          0          0          0         68   dfixul.o
        26          0          0          0          0         76   dfltui.o
        24          0          0          0          0         76   dfltul.o
       228          0          0          0          0         96   dmul.o
       110          0          0          0          0        168   fepilogue.o

    ----------------------------------------------------------------------
      8900        510        244         16         44       5664   Library Totals
        18          4          1          0          0          0   (incl. Padding)

    ----------------------------------------------------------------------

      Code (inc. data)   RO Data    RW Data    ZI Data      Debug   Library Name

        40         10          0          0          0        128   m_wm.l
      7450        496        243         16         44       4324   mc_w.l
      1392          0          0          0          0       1212   mf_w.l

    ----------------------------------------------------------------------
      8900        510        244         16         44       5664   Library Totals

    ----------------------------------------------------------------------

==============================================================================


      Code (inc. data)   RO Data    RW Data    ZI Data      Debug   

    156228      22208       7224       1288     185752    1470526   Grand Totals
    156228      22208       7224        588     185752    1470526   ELF Image Totals (compressed)
    156228      22208       7224        588          0          0   ROM Totals

==============================================================================

    Total RO  Size (Code + RO Data)               163452 ( 159.62kB)
    Total RW  Size (RW Data + ZI Data)            187040 ( 182.66kB)
    Total ROM Size (Code + RO Data + RW Data)     164040 ( 160.20kB)

==============================================================================

