Component: ARM Compiler 5.06 update 4 (build 422) Tool: armlink [4d35d2]

==============================================================================

Section Cross References

    system_stm32f4xx.o(i.SystemCoreClockUpdate) refers to system_stm32f4xx.o(.data) for .data
    system_stm32f4xx.o(i.SystemCoreClockUpdate) refers to system_stm32f4xx.o(.constdata) for .constdata
    event_groups.o(i.vEventGroupClearBitsCallback) refers to event_groups.o(i.xEventGroupClearBits) for xEventGroupClearBits
    event_groups.o(i.vEventGroupDelete) refers to tasks.o(i.vTaskSuspendAll) for vTaskSuspendAll
    event_groups.o(i.vEventGroupDelete) refers to tasks.o(i.xTaskRemoveFromUnorderedEventList) for xTaskRemoveFromUnorderedEventList
    event_groups.o(i.vEventGroupDelete) refers to heap_4.o(i.vPortFree) for vPortFree
    event_groups.o(i.vEventGroupDelete) refers to tasks.o(i.xTaskResumeAll) for xTaskResumeAll
    event_groups.o(i.vEventGroupSetBitsCallback) refers to event_groups.o(i.xEventGroupSetBits) for xEventGroupSetBits
    event_groups.o(i.xEventGroupClearBits) refers to port.o(i.vPortEnterCritical) for vPortEnterCritical
    event_groups.o(i.xEventGroupClearBits) refers to port.o(i.vPortExitCritical) for vPortExitCritical
    event_groups.o(i.xEventGroupCreate) refers to heap_4.o(i.pvPortMalloc) for pvPortMalloc
    event_groups.o(i.xEventGroupCreate) refers to list.o(i.vListInitialise) for vListInitialise
    event_groups.o(i.xEventGroupSetBits) refers to tasks.o(i.vTaskSuspendAll) for vTaskSuspendAll
    event_groups.o(i.xEventGroupSetBits) refers to tasks.o(i.xTaskRemoveFromUnorderedEventList) for xTaskRemoveFromUnorderedEventList
    event_groups.o(i.xEventGroupSetBits) refers to tasks.o(i.xTaskResumeAll) for xTaskResumeAll
    event_groups.o(i.xEventGroupSync) refers to tasks.o(i.xTaskGetSchedulerState) for xTaskGetSchedulerState
    event_groups.o(i.xEventGroupSync) refers to tasks.o(i.vTaskSuspendAll) for vTaskSuspendAll
    event_groups.o(i.xEventGroupSync) refers to event_groups.o(i.xEventGroupSetBits) for xEventGroupSetBits
    event_groups.o(i.xEventGroupSync) refers to tasks.o(i.vTaskPlaceOnUnorderedEventList) for vTaskPlaceOnUnorderedEventList
    event_groups.o(i.xEventGroupSync) refers to tasks.o(i.xTaskResumeAll) for xTaskResumeAll
    event_groups.o(i.xEventGroupSync) refers to tasks.o(i.uxTaskResetEventItemValue) for uxTaskResetEventItemValue
    event_groups.o(i.xEventGroupSync) refers to port.o(i.vPortEnterCritical) for vPortEnterCritical
    event_groups.o(i.xEventGroupSync) refers to port.o(i.vPortExitCritical) for vPortExitCritical
    event_groups.o(i.xEventGroupWaitBits) refers to tasks.o(i.xTaskGetSchedulerState) for xTaskGetSchedulerState
    event_groups.o(i.xEventGroupWaitBits) refers to tasks.o(i.vTaskSuspendAll) for vTaskSuspendAll
    event_groups.o(i.xEventGroupWaitBits) refers to event_groups.o(i.prvTestWaitCondition) for prvTestWaitCondition
    event_groups.o(i.xEventGroupWaitBits) refers to tasks.o(i.vTaskPlaceOnUnorderedEventList) for vTaskPlaceOnUnorderedEventList
    event_groups.o(i.xEventGroupWaitBits) refers to tasks.o(i.xTaskResumeAll) for xTaskResumeAll
    event_groups.o(i.xEventGroupWaitBits) refers to tasks.o(i.uxTaskResetEventItemValue) for uxTaskResetEventItemValue
    event_groups.o(i.xEventGroupWaitBits) refers to port.o(i.vPortEnterCritical) for vPortEnterCritical
    event_groups.o(i.xEventGroupWaitBits) refers to port.o(i.vPortExitCritical) for vPortExitCritical
    tasks.o(i.pcTaskGetName) refers to tasks.o(.data) for .data
    tasks.o(i.prvAddCurrentTaskToDelayedList) refers to list.o(i.uxListRemove) for uxListRemove
    tasks.o(i.prvAddCurrentTaskToDelayedList) refers to list.o(i.vListInsertEnd) for vListInsertEnd
    tasks.o(i.prvAddCurrentTaskToDelayedList) refers to list.o(i.vListInsert) for vListInsert
    tasks.o(i.prvAddCurrentTaskToDelayedList) refers to tasks.o(.data) for .data
    tasks.o(i.prvAddCurrentTaskToDelayedList) refers to tasks.o(.bss) for .bss
    tasks.o(i.prvAddNewTaskToReadyList) refers to port.o(i.vPortEnterCritical) for vPortEnterCritical
    tasks.o(i.prvAddNewTaskToReadyList) refers to list.o(i.vListInitialise) for vListInitialise
    tasks.o(i.prvAddNewTaskToReadyList) refers to list.o(i.vListInsertEnd) for vListInsertEnd
    tasks.o(i.prvAddNewTaskToReadyList) refers to port.o(i.vPortExitCritical) for vPortExitCritical
    tasks.o(i.prvAddNewTaskToReadyList) refers to tasks.o(.data) for .data
    tasks.o(i.prvAddNewTaskToReadyList) refers to tasks.o(.bss) for .bss
    tasks.o(i.prvCheckTasksWaitingTermination) refers to tasks.o(i.vTaskSuspendAll) for vTaskSuspendAll
    tasks.o(i.prvCheckTasksWaitingTermination) refers to tasks.o(i.xTaskResumeAll) for xTaskResumeAll
    tasks.o(i.prvCheckTasksWaitingTermination) refers to port.o(i.vPortEnterCritical) for vPortEnterCritical
    tasks.o(i.prvCheckTasksWaitingTermination) refers to list.o(i.uxListRemove) for uxListRemove
[...]
    DMATxDscrTab                             0x20006640   Data         128  ethernetif.o(.bss)
    Rx_Buff                                  0x200066c0   Data        6096  ethernetif.o(.bss)
    Tx_Buff                                  0x20007e90   Data        6096  ethernetif.o(.bss)
    heth                                     0x20009660   Data          72  ethernetif.o(.bss)
    gnetif                                   0x200096a8   Data          60  lwip.o(.bss)
    uart3_dma_rx_buffer                      0x200096e4   Data          64  usart.o(.bss)
    uart5_dma_rx_buffer0                     0x20009724   Data         120  usart.o(.bss)
    huart5                                   0x2000979c   Data          64  usart.o(.bss)
    huart1                                   0x200097dc   Data          64  usart.o(.bss)
    huart3                                   0x2000981c   Data          64  usart.o(.bss)
    hdma_uart5_rx                            0x2000985c   Data          96  usart.o(.bss)
    hdma_uart5_tx                            0x200098bc   Data          96  usart.o(.bss)
    hdma_usart3_rx                           0x2000991c   Data          96  usart.o(.bss)
    hdma_usart3_tx                           0x2000997c   Data          96  usart.o(.bss)
    uart5_dma_rx_buffer1                     0x200099dc   Data         120  usart.o(.bss)
    hiwdg                                    0x20009a54   Data          12  iwdg.o(.bss)
    hi2c1                                    0x20009a60   Data          84  i2c.o(.bss)
    hrtc                                     0x20009ab4   Data          32  rtc.o(.bss)
    ram_heap                                 0x20009bd4   Data       21779  mem.o(.bss)
    memp_memory_UDP_PCB_base                 0x2000f0e7   Data         323  memp.o(.bss)
    memp_memory_TCP_PCB_base                 0x2000f22a   Data         763  memp.o(.bss)
    memp_memory_TCP_PCB_LISTEN_base          0x2000f525   Data          59  memp.o(.bss)
    memp_memory_TCP_SEG_base                 0x2000f560   Data         643  memp.o(.bss)
    memp_memory_REASSDATA_base               0x2000f7e3   Data         163  memp.o(.bss)
    memp_memory_FRAG_PBUF_base               0x2000f886   Data         363  memp.o(.bss)
    memp_memory_NETBUF_base                  0x2000f9f1   Data          35  memp.o(.bss)
    memp_memory_NETCONN_base                 0x2000fa14   Data         179  memp.o(.bss)
    memp_memory_TCPIP_MSG_API_base           0x2000fac7   Data         131  memp.o(.bss)
    memp_memory_TCPIP_MSG_INPKT_base         0x2000fb4a   Data         131  memp.o(.bss)
    memp_memory_SYS_TIMEOUT_base             0x2000fbcd   Data          99  memp.o(.bss)
    memp_memory_NETDB_base                   0x2000fc30   Data         311  memp.o(.bss)
    memp_memory_PBUF_base                    0x2000fd67   Data         259  memp.o(.bss)
    memp_memory_PBUF_POOL_base               0x2000fe6a   Data       15139  memp.o(.bss)
    ip_data                                  0x20013990   Data          24  ip.o(.bss)
    dhcp_rx_options_val                      0x20013e38   Data          40  dhcp.o(.bss)
    dhcp_rx_options_given                    0x20013e60   Data          10  dhcp.o(.bss)
    Setcp_Alias                              0x20014119   Data          40  tcp_client_lngconnect.o(.bss)



==============================================================================

Memory Map of the image

  Image Entry point : 0x08000189

  Load Region LR_IROM1 (Base: 0x08000000, Size: 0x00012b20, Max: 0x00100000, ABSOLUTE, COMPRESSED[0x000128d0])

    Execution Region ER_IROM1 (Base: 0x08000000, Size: 0x0001279c, Max: 0x00100000, ABSOLUTE)

    Base Addr    Size         Type   Attr      Idx    E Section Name        Object

    0x08000000   0x00000188   Data   RO         1260    RESET               startup_stm32f407xx.o
    0x08000188   0x00000000   Code   RO        10579  * .ARM.Collect$$$$00000000  mc_w.l(entry.o)
    0x08000188   0x00000004   Code   RO        10937    .ARM.Collect$$$$00000001  mc_w.l(entry2.o)
    0x0800018c   0x00000004   Code   RO        10940    .ARM.Collect$$$$00000004  mc_w.l(entry5.o)
    0x08000190   0x00000000   Code   RO        10942    .ARM.Collect$$$$00000008  mc_w.l(entry7b.o)
    0x08000190   0x00000000   Code   RO        10944    .ARM.Collect$$$$0000000A  mc_w.l(entry8b.o)
    0x08000190   0x00000008   Code   RO        10945    .ARM.Collect$$$$0000000B  mc_w.l(entry9a.o)
    0x08000198   0x00000000   Code   RO        10947    .ARM.Collect$$$$0000000D  mc_w.l(entry10a.o)
    0x08000198   0x00000000   Code   RO        10949    .ARM.Collect$$$$0000000F  mc_w.l(entry11a.o)
    0x08000198   0x00000004   Code   RO        10938    .ARM.Collect$$$$00002712  mc_w.l(entry2.o)
    0x0800019c   0x000000ba   Code   RO         1044    .emb_text           port.o
    0x08000256   0x00000002   PAD
    0x08000258   0x00000024   Code   RO         1261    .text               startup_stm32f407xx.o
    0x0800027c   0x00000062   Code   RO        10582    .text               mc_w.l(uldiv.o)
    0x080002de   0x0000000c   Code   RO        10584    .text               mc_w.l(tolower.o)
    0x080002ea   0x00000002   PAD
    0x080002ec   0x00000024   Code   RO        10586    .text               mc_w.l(rand.o)
    0x08000310   0x000000a8   Code   RO        10593    .text               mc_w.l(mktime.o)
    0x080003b8   0x00000394   Code   RO        10596    .text               mc_w.l(strftime.o)
    0x0800074c   0x00000024   Code   RO        10602    .text               mc_w.l(memcpya.o)
    0x08000770   0x00000024   Code   RO        10604    .text               mc_w.l(memseta.o)
    0x08000794   0x00000018   Code   RO        10606    .text               mc_w.l(strcat.o)
    0x080007ac   0x00000018   Code   RO        10608    .text               mc_w.l(strncpy.o)
    0x080007c4   0x00000014   Code   RO        10610    .text               mc_w.l(strchr.o)
    0x080007d8   0x0000000e   Code   RO        10612    .text               mc_w.l(strlen.o)
    0x080007e6   0x0000001c   Code   RO        10614    .text               mc_w.l(strcmp.o)
    0x08000802   0x0000001a   Code   RO        10616    .text               mc_w.l(memcmp.o)
    0x0800081c   0x00000012   Code   RO        10618    .text               mc_w.l(strcpy.o)
    0x0800082e   0x0000001e   Code   RO        10620    .text               mc_w.l(strncmp.o)
    0x0800084c   0x00000038   Code   RO        10913    .text               mc_w.l(__0sscanf.o)
    0x08000884   0x00000338   Code   RO        10915    .text               mc_w.l(scanf_fp.o)
    0x08000bbc   0x0000001a   Code   RO        10919    .text               mc_w.l(atoi.o)
    0x08000bd6   0x000000e4   Code   RO        10921    .text               mf_w.l(dmul.o)
    0x08000cba   0x0000003e   Code   RO        10927    .text               mf_w.l(dfixi.o)
    0x08000cf8   0x00000030   Code   RO        10933    .text               mf_w.l(cdcmple.o)
    0x08000d28   0x00000030   Code   RO        10935    .text               mf_w.l(cdrcmple.o)
    0x08000d58   0x0000002c   Code   RO        10952    .text               mc_w.l(uidiv.o)
    0x08000d84   0x0000001e   Code   RO        10954    .text               mc_w.l(llshl.o)
    0x08000da2   0x00000020   Code   RO        10956    .text               mc_w.l(llushr.o)
    0x08000dc2   0x00000002   PAD
    0x08000dc4   0x0000000c   Code   RO        10958    .text               mc_w.l(localtime_w.o)
    0x08000dd0   0x0000008c   Code   RO        10961    .text               mc_w.l(localtime_i.o)
    0x08000e5c   0x00000028   Code   RO        10973    .text               mc_w.l(scanf_char.o)
    0x08000e84   0x00000040   Code   RO        10975    .text               mc_w.l(_sgetc.o)
    0x08000ec4   0x0000009c   Code   RO        10977    .text               mc_w.l(strtod.o)
    0x08000f60   0x00000070   Code   RO        10979    .text               mc_w.l(strtol.o)
    0x08000fd0   0x00000000   Code   RO        10981    .text               mc_w.l(iusefp.o)
    0x08000fd0   0x000000ba   Code   RO        10982    .text               mf_w.l(depilogue.o)
    0x0800108a   0x0000014e   Code   RO        10984    .text               mf_w.l(dadd.o)
    0x080011d8   0x000000de   Code   RO        10986    .text               mf_w.l(ddiv.o)
    0x080012b6   0x00000018   Code   RO        10988    .text               mf_w.l(dfltul.o)
    0x080012ce   0x00000030   Code   RO        10990    .text               mf_w.l(dfixul.o)
    0x080012fe   0x00000038   Code   RO        10992    .text               mf_w.l(d2f.o)
    0x08001336   0x00000002   PAD
    0x08001338   0x00000024   Code   RO        10994    .text               mc_w.l(init.o)
    0x0800135c   0x00000024   Code   RO        10996    .text               mc_w.l(llsshr.o)
    0x08001380   0x00000008   Code   RO        11000    .text               mc_w.l(ctype_o.o)
    0x08001388   0x00000012   Code   RO        11022    .text               mc_w.l(isspace_o.o)
    0x0800139a   0x00000002   PAD
    0x0800139c   0x0000032c   Code   RO        11028    .text               mc_w.l(_scanf.o)
    0x080016c8   0x0000009e   Code   RO        11030    .text               mc_w.l(_strtoul.o)
    0x08001766   0x0000006e   Code   RO        11032    .text               mf_w.l(fepilogue.o)
    0x080017d4   0x0000001c   Code   RO        11037    .text               mc_w.l(_chval.o)
    0x080017f0   0x00000056   Code   RO        11047    .text               mc_w.l(__dczerorl2.o)
    0x08001846   0x00000002   PAD
    0x08001848   0x00000034   Code   RO        10243    i.BleUnlockCfg_BleTxMsg  bleunlock_cfg.o
    0x0800187c   0x00000004   Code   RO        10244    i.BleUnlockCfg_OpenDoor  bleunlock_cfg.o
    0x08001880   0x00000006   Code   RO        10245    i.BleUnlockCfg_PasswordAuth  bleunlock_cfg.o
    0x08001886   0x00000002   Code   RO        10246    i.BleUnlockCfg_Play  bleunlock_cfg.o
    0x08001888   0x00000004   Code   RO        10247    i.BleUnlockCfg_RdEE  bleunlock_cfg.o
    0x0800188c   0x00000002   Code   RO        10248    i.BleUnlockCfg_UnlockRecord  bleunlock_cfg.o
    0x0800188e   0x00000004   Code   RO        10249    i.BleUnlockCfg_WrEE  bleunlock_cfg.o
    0x08001892   0x00000004   Code   RO        10250    i.BleUnlockCfg_datetime  bleunlock_cfg.o
    0x08001896   0x00000002   Code   RO        10251    i.BleUnlockCfg_timeCali  bleunlock_cfg.o
    0x08001898   0x00000004   Code   RO        10252    i.BleUnlockCfg_u_NetUnlockSt  bleunlock_cfg.o
    0x0800189c   0x00000004   Code   RO        10253    i.BleUnlockCfg_u_machineType  bleunlock_cfg.o
    0x080018a0   0x000001d4   Code   RO        10204    i.BleUnlock_RxMsgCallback  bleunlock.o
    0x08001a74   0x0000009c   Code   RO         9704    i.BtnFltr_FltrDeal  btnfltr.o
    0x08001b10   0x00000002   Code   RO         3613    i.BusFault_Handler  stm32f4xx_it.o
    0x08001b12   0x00000002   PAD
    0x08001b14   0x0000027c   Code   RO         9803    i.CF                sm3.o
    0x08001d90   0x00000010   Code   RO         9706    i.ClrBtnFltr_BtnShrtValid  btnfltr.o
    0x08001da0   0x0000000c   Code   RO         3614    i.DMA1_Stream0_IRQHandler  stm32f4xx_it.o
    0x08001dac   0x0000000c   Code   RO         3615    i.DMA1_Stream1_IRQHandler  stm32f4xx_it.o
    0x08001db8   0x0000000c   Code   RO         3616    i.DMA1_Stream3_IRQHandler  stm32f4xx_it.o
    0x08001dc4   0x0000000c   Code   RO         3617    i.DMA1_Stream7_IRQHandler  stm32f4xx_it.o
    0x08001dd0   0x00000028   Code   RO         1356    i.DMA_CalcBaseAndBitshift  stm32f4xx_hal_dma.o
    0x08001df8   0x00000054   Code   RO         1357    i.DMA_CheckFifoParam  stm32f4xx_hal_dma.o
    0x08001e4c   0x00000028   Code   RO         1358    i.DMA_SetConfig     stm32f4xx_hal_dma.o
    0x08001e74   0x00000002   Code   RO         3618    i.DebugMon_Handler  stm32f4xx_it.o
    0x08001e76   0x00000002   PAD
    0x08001e78   0x0000000c   Code   RO        10166    i.DoorLockCtrl_OpenDoor  doorlockctrl.o
    0x08001e84   0x00000020   Code   RO         2323    i.ETH_Delay         stm32f4xx_hal_eth.o
    0x08001ea4   0x0000002e   Code   RO         2324    i.ETH_FlushTransmitFIFO  stm32f4xx_hal_eth.o
    0x08001ed2   0x00000002   PAD
    0x08001ed4   0x0000000c   Code   RO         3619    i.ETH_IRQHandler    stm32f4xx_it.o
    0x08001ee0   0x00000124   Code   RO         2325    i.ETH_MACDMAConfig  stm32f4xx_hal_eth.o
    0x08002004   0x00000018   Code   RO         3620    i.EXTI2_IRQHandler  stm32f4xx_it.o
    0x0800201c   0x00000012   Code   RO         4191    i.Ethernetif_capital2char  ethernetif.o
    0x0800202e   0x00000018   Code   RO         9804    i.FF                sm3.o
    0x08002046   0x00000002   PAD
    0x08002048   0x00000058   Code   RO         1534    i.FLASH_Erase_Sector  stm32f4xx_hal_flash_ex.o
    0x080020a0   0x00000054   Code   RO         1535    i.FLASH_FlushCaches  stm32f4xx_hal_flash_ex.o
    0x080020f4   0x00000028   Code   RO         1536    i.FLASH_MassErase   stm32f4xx_hal_flash_ex.o
    0x0800211c   0x00000020   Code   RO         2034    i.FLASH_Program_Byte  stm32f4xx_hal_flash.o
    0x0800213c   0x00000028   Code   RO         2035    i.FLASH_Program_DoubleWord  stm32f4xx_hal_flash.o
    0x08002164   0x00000024   Code   RO         2036    i.FLASH_Program_HalfWord  stm32f4xx_hal_flash.o
    0x08002188   0x00000024   Code   RO         2037    i.FLASH_Program_Word  stm32f4xx_hal_flash.o
    0x080021ac   0x00000068   Code   RO         2038    i.FLASH_SetErrorCode  stm32f4xx_hal_flash.o
    0x08002214   0x00000050   Code   RO         2039    i.FLASH_WaitForLastOperation  stm32f4xx_hal_flash.o
    0x08002264   0x00000016   Code   RO         9805    i.GG                sm3.o
    0x0800227a   0x00000004   Code   RO        10256    i.GetBleUnlockCfg_u_CheckSum  bleunlock_cfg.o
    0x0800227e   0x00000004   Code   RO        10257    i.GetBleUnlockCfg_u_DoorSt  bleunlock_cfg.o
    0x08002282   0x00000004   Code   RO        10258    i.GetBleUnlockCfg_u_DtVild  bleunlock_cfg.o
    0x08002286   0x00000002   PAD
    0x08002288   0x00000024   Code   RO         9772    i.GetBtnFltrCfg_u_BtnRTSt  btnfltr_cfg.o
    0x080022ac   0x00000010   Code   RO         9708    i.GetBtnFltr_u_BtnShrtSt  btnfltr.o
    0x080022bc   0x00000004   Code   RO        10076    i.GetIcUnlockCfg_u_CheckSum  icunlock_cfg.o
    0x080022c0   0x00000004   Code   RO        10077    i.GetIcUnlockCfg_u_DtVild  icunlock_cfg.o
    0x080022c4   0x000000c0   Code   RO        10078    i.GetIcUnlockCfg_u_RxMsgRenew  icunlock_cfg.o
    0x08002384   0x00000014   Code   RO        10079    i.GetIcUnlockCfg_u_cardSetKeySt  icunlock_cfg.o
    0x08002398   0x00000018   Code   RO         9982    i.GetIcUnlock_communityID  icunlock.o
    0x080023b0   0x0000000c   Code   RO         9984    i.GetIcUnlock_u_MachineType  icunlock.o
    0x080023bc   0x0000000c   Code   RO         9985    i.GetIcUnlock_w_suffix  icunlock.o
    0x080023c8   0x0000004c   Code   RO        10546    i.GetLocalRTCCfg_datetime  localrtc_cfg.o
    0x08002414   0x00000038   Code   RO        10504    i.GetLocalRTC_datetime  localrtc.o
    0x0800244c   0x00000014   Code   RO         9516    i.GetMemIf_u_CheckSum  memif.o
    0x08002460   0x00000018   Code   RO         9517    i.GetMemIf_u_DtVild  memif.o
    0x08002478   0x0000000c   Code   RO         8688    i.GetdhcpClient_w_SrcIPaddr  dhcpclient.o
    0x08002484   0x00000010   Code   RO         8523    i.GetdnsAnalysis_ipAddr  dnsanalysis.o
    0x08002494   0x0000000c   Code   RO         8524    i.GetdnsAnalysis_u_ipValidity  dnsanalysis.o
    0x080024a0   0x0000000c   Code   RO         8610    i.Getntpclient_u_NtpCalTimeSt  ntpclient.o
    0x080024ac   0x0000008e   Code   RO         1359    i.HAL_DMA_Abort     stm32f4xx_hal_dma.o
    0x0800253a   0x00000024   Code   RO         1360    i.HAL_DMA_Abort_IT  stm32f4xx_hal_dma.o
    0x0800255e   0x00000002   PAD
    0x08002560   0x000001a8   Code   RO         1364    i.HAL_DMA_IRQHandler  stm32f4xx_hal_dma.o
    0x08002708   0x000000d4   Code   RO         1365    i.HAL_DMA_Init      stm32f4xx_hal_dma.o
    0x080027dc   0x00000078   Code   RO         1369    i.HAL_DMA_Start_IT  stm32f4xx_hal_dma.o
    0x08002854   0x0000001c   Code   RO         2159    i.HAL_Delay         stm32f4xx_hal.o
    0x08002870   0x00000130   Code   RO         2327    i.HAL_ETH_ConfigMAC  stm32f4xx_hal_eth.o
    0x080029a0   0x00000074   Code   RO         2328    i.HAL_ETH_DMARxDescListInit  stm32f4xx_hal_eth.o
    0x08002a14   0x00000078   Code   RO         2329    i.HAL_ETH_DMATxDescListInit  stm32f4xx_hal_eth.o
    0x08002a8c   0x00000002   Code   RO         2331    i.HAL_ETH_ErrorCallback  stm32f4xx_hal_eth.o
    0x08002a8e   0x00000088   Code   RO         2333    i.HAL_ETH_GetReceivedFrame_IT  stm32f4xx_hal_eth.o
    0x08002b16   0x0000007a   Code   RO         2335    i.HAL_ETH_IRQHandler  stm32f4xx_hal_eth.o
    0x08002b90   0x000001ec   Code   RO         2336    i.HAL_ETH_Init      stm32f4xx_hal_eth.o
    0x08002d7c   0x000000ac   Code   RO         4193    i.HAL_ETH_MspInit   ethernetif.o
    0x08002e28   0x00000084   Code   RO         2339    i.HAL_ETH_ReadPHYRegister  stm32f4xx_hal_eth.o
    0x08002eac   0x0000000c   Code   RO         4194    i.HAL_ETH_RxCpltCallback  ethernetif.o
    0x08002eb8   0x00000084   Code   RO         2341    i.HAL_ETH_Start     stm32f4xx_hal_eth.o
    0x08002f3c   0x00000084   Code   RO         2342    i.HAL_ETH_Stop      stm32f4xx_hal_eth.o
    0x08002fc0   0x00000108   Code   RO         2343    i.HAL_ETH_TransmitFrame  stm32f4xx_hal_eth.o
    0x080030c8   0x00000002   Code   RO         2344    i.HAL_ETH_TxCpltCallback  stm32f4xx_hal_eth.o
    0x080030ca   0x00000002   PAD
    0x080030cc   0x00000078   Code   RO         2345    i.HAL_ETH_WritePHYRegister  stm32f4xx_hal_eth.o
    0x08003144   0x00000098   Code   RO         1537    i.HAL_FLASHEx_Erase  stm32f4xx_hal_flash_ex.o
    0x080031dc   0x00000014   Code   RO         2043    i.HAL_FLASH_Lock    stm32f4xx_hal_flash.o
    0x080031f0   0x0000007c   Code   RO         2048    i.HAL_FLASH_Program  stm32f4xx_hal_flash.o
    0x0800326c   0x00000028   Code   RO         2050    i.HAL_FLASH_Unlock  stm32f4xx_hal_flash.o
    0x08003294   0x000001b0   Code   RO         1293    i.HAL_GPIO_Init     stm32f4xx_hal_gpio.o
    0x08003444   0x0000000a   Code   RO         1295    i.HAL_GPIO_ReadPin  stm32f4xx_hal_gpio.o
    0x0800344e   0x0000000a   Code   RO         1297    i.HAL_GPIO_WritePin  stm32f4xx_hal_gpio.o
    0x08003458   0x0000000c   Code   RO         2165    i.HAL_GetTick       stm32f4xx_hal.o
    0x08003464   0x00000108   Code   RO         2861    i.HAL_I2C_Init      stm32f4xx_hal_i2c.o
    0x0800356c   0x0000004c   Code   RO         4538    i.HAL_I2C_MspInit   i2c.o
    0x080035b8   0x00000052   Code   RO         2802    i.HAL_IWDG_Init     stm32f4xx_hal_iwdg.o
    0x0800360a   0x0000000c   Code   RO         2803    i.HAL_IWDG_Refresh  stm32f4xx_hal_iwdg.o
    0x08003616   0x00000002   PAD
    0x08003618   0x00000010   Code   RO         2167    i.HAL_IncTick       stm32f4xx_hal.o
    0x08003628   0x00000034   Code   RO         2168    i.HAL_Init          stm32f4xx_hal.o
    0x0800365c   0x00000028   Code   RO         2169    i.HAL_InitTick      stm32f4xx_hal.o
    0x08003684   0x00000068   Code   RO         4167    i.HAL_MspInit       stm32f4xx_hal_msp.o
    0x080036ec   0x00000016   Code   RO         1742    i.HAL_NVIC_EnableIRQ  stm32f4xx_hal_cortex.o
    0x08003702   0x00000002   PAD
    0x08003704   0x00000040   Code   RO         1748    i.HAL_NVIC_SetPriority  stm32f4xx_hal_cortex.o
    0x08003744   0x00000024   Code   RO         1749    i.HAL_NVIC_SetPriorityGrouping  stm32f4xx_hal_cortex.o
    0x08003768   0x00000154   Code   RO         1994    i.HAL_RCCEx_PeriphCLKConfig  stm32f4xx_hal_rcc_ex.o
    0x080038bc   0x0000017c   Code   RO         1595    i.HAL_RCC_ClockConfig  stm32f4xx_hal_rcc.o
    0x08003a38   0x0000000c   Code   RO         1600    i.HAL_RCC_GetHCLKFreq  stm32f4xx_hal_rcc.o
    0x08003a44   0x00000030   Code   RO         1602    i.HAL_RCC_GetPCLK1Freq  stm32f4xx_hal_rcc.o
    0x08003a74   0x00000030   Code   RO         1603    i.HAL_RCC_GetPCLK2Freq  stm32f4xx_hal_rcc.o
    0x08003aa4   0x00000074   Code   RO         1604    i.HAL_RCC_GetSysClockFreq  stm32f4xx_hal_rcc.o
    0x08003b18   0x00000314   Code   RO         1607    i.HAL_RCC_OscConfig  stm32f4xx_hal_rcc.o
    0x08003e2c   0x0000000a   Code   RO         3386    i.HAL_RTCEx_BKUPRead  stm32f4xx_hal_rtc_ex.o
    0x08003e36   0x0000000a   Code   RO         3387    i.HAL_RTCEx_BKUPWrite  stm32f4xx_hal_rtc_ex.o
    0x08003e40   0x000000c2   Code   RO         3412    i.HAL_RTCEx_SetWakeUpTimer  stm32f4xx_hal_rtc_ex.o
    0x08003f02   0x00000002   PAD
    0x08003f04   0x00000044   Code   RO         3253    i.HAL_RTC_GetDate   stm32f4xx_hal_rtc.o
    0x08003f48   0x00000058   Code   RO         3255    i.HAL_RTC_GetTime   stm32f4xx_hal_rtc.o
    0x08003fa0   0x0000009c   Code   RO         3256    i.HAL_RTC_Init      stm32f4xx_hal_rtc.o
    0x0800403c   0x00000018   Code   RO         4580    i.HAL_RTC_MspInit   rtc.o
    0x08004054   0x000000d0   Code   RO         3262    i.HAL_RTC_SetDate   stm32f4xx_hal_rtc.o
    0x08004124   0x000000f0   Code   RO         3263    i.HAL_RTC_SetTime   stm32f4xx_hal_rtc.o
    0x08004214   0x00000036   Code   RO         3264    i.HAL_RTC_WaitForSynchro  stm32f4xx_hal_rtc.o
    0x0800424a   0x00000018   Code   RO         1751    i.HAL_SYSTICK_CLKSourceConfig  stm32f4xx_hal_cortex.o
    0x08004262   0x00000028   Code   RO         1753    i.HAL_SYSTICK_Config  stm32f4xx_hal_cortex.o
    0x0800428a   0x00000058   Code   RO         2495    i.HAL_UART_DMAStop  stm32f4xx_hal_uart.o
    0x080042e2   0x00000002   Code   RO         2497    i.HAL_UART_ErrorCallback  stm32f4xx_hal_uart.o
    0x080042e4   0x00000110   Code   RO         2500    i.HAL_UART_IRQHandler  stm32f4xx_hal_uart.o
    0x080043f4   0x00000062   Code   RO         2501    i.HAL_UART_Init     stm32f4xx_hal_uart.o
    0x08004456   0x00000002   PAD
    0x08004458   0x00000238   Code   RO         4418    i.HAL_UART_MspInit  usart.o
    0x08004690   0x00000098   Code   RO         2505    i.HAL_UART_Receive_DMA  stm32f4xx_hal_uart.o
    0x08004728   0x00000002   Code   RO         2507    i.HAL_UART_RxCpltCallback  stm32f4xx_hal_uart.o
    0x0800472a   0x00000002   Code   RO         2508    i.HAL_UART_RxHalfCpltCallback  stm32f4xx_hal_uart.o
    0x0800472c   0x000000ba   Code   RO         2509    i.HAL_UART_Transmit  stm32f4xx_hal_uart.o
    0x080047e6   0x00000002   PAD
    0x080047e8   0x00000080   Code   RO         2510    i.HAL_UART_Transmit_DMA  stm32f4xx_hal_uart.o
    0x08004868   0x00000002   Code   RO         2512    i.HAL_UART_TxCpltCallback  stm32f4xx_hal_uart.o
    0x0800486a   0x00000002   Code   RO         2513    i.HAL_UART_TxHalfCpltCallback  stm32f4xx_hal_uart.o
    0x0800486c   0x00000002   Code   RO         3621    i.HardFault_Handler  stm32f4xx_it.o
    0x0800486e   0x0000000e   Code   RO        10080    i.IcUnlockCfg_CardRenewCallback  icunlock_cfg.o
    0x0800487c   0x00000004   Code   RO        10081    i.IcUnlockCfg_ReadEE  icunlock_cfg.o
    0x08004880   0x00000004   Code   RO        10082    i.IcUnlockCfg_WrEE  icunlock_cfg.o
    0x08004884   0x00000002   Code   RO        10083    i.IcUnlockCfg_u_RecordUnlockLog  icunlock_cfg.o
    0x08004886   0x00000002   PAD
    0x08004888   0x000007b8   Code   RO         9986    i.IcUnlock_handleMsg  icunlock.o
    0x08005040   0x0000002a   Code   RO         9987    i.IcUnlock_readBlock  icunlock.o
    0x0800506a   0x0000001c   Code   RO         9988    i.IcUnlock_u_ArrayCmp  icunlock.o
    0x08005086   0x00000002   PAD
    0x08005088   0x000001dc   Code   RO        10205    i.InitBleUnlock_parameter  bleunlock.o
    0x08005264   0x00000038   Code   RO         9710    i.InitBtnFltr_Parameter  btnfltr.o
    0x0800529c   0x00000010   Code   RO        10167    i.InitDoorLockCtrl_parameter  doorlockctrl.o
    0x080052ac   0x00000220   Code   RO         9989    i.InitIcUnlock_parameter  icunlock.o
    0x080054cc   0x00000002   Code   RO        10363    i.InitPwUnlock_parameter  pwunlock.o
    0x080054ce   0x00000002   PAD
    0x080054d0   0x00000088   Code   RO         9867    i.InitSM3Auth_Paramter  sm3auth.o
    0x08005558   0x00000002   Code   RO         8689    i.InitdhcpClient_parameter  dhcpclient.o
    0x0800555a   0x00000002   PAD
    0x0800555c   0x00000030   Code   RO         8525    i.InitdnsAnalysis_parameter  dnsanalysis.o
    0x0800558c   0x00000028   Code   RO         8612    i.Initntpclient_Pramater  ntpclient.o
    0x080055b4   0x0000002a   Code   RO         9477    i.Json_DecNumber    jsonif.o
    0x080055de   0x00000002   PAD
    0x080055e0   0x000000a0   Code   RO         9478    i.Json_HexToJson    jsonif.o
    0x08005680   0x00000038   Code   RO         9479    i.Json_HexToStr     jsonif.o
    0x080056b8   0x00000030   Code   RO        10506    i.LocalRTC_timestamp2strBJtime  localrtc.o
    0x080056e8   0x0000005c   Code   RO         4513    i.MX_DMA_Init       dma.o
    0x08005744   0x00000084   Code   RO         4046    i.MX_FREERTOS_Init  freertos.o
    0x080057c8   0x0000015c   Code   RO         4393    i.MX_GPIO_Init      gpio.o
    0x08005924   0x00000054   Code   RO         4539    i.MX_I2C1_Init      i2c.o
    0x08005978   0x00000040   Code   RO         4483    i.MX_IWDG_Init      iwdg.o
    0x080059b8   0x000000a4   Code   RO         4322    i.MX_LWIP_Init      lwip.o
    0x08005a5c   0x000000cc   Code   RO         4581    i.MX_RTC_Init       rtc.o
    0x08005b28   0x0000004c   Code   RO         4419    i.MX_UART5_Init     usart.o
    0x08005b74   0x00000050   Code   RO         4420    i.MX_USART1_UART_Init  usart.o
    0x08005bc4   0x0000004c   Code   RO         4421    i.MX_USART3_UART_Init  usart.o
    0x08005c10   0x00000008   Code   RO         9617    i.MemIfCfg_FLASH_ReadByte  memif_cfg.o
    0x08005c18   0x00000018   Code   RO         9521    i.MemIf_Init        memif.o
    0x08005c30   0x00000070   Code   RO         9522    i.MemIf_ReadEE      memif.o
    0x08005ca0   0x000000e4   Code   RO         9524    i.MemIf_WriteEE     memif.o
    0x08005d84   0x000001d4   Code   RO         9525    i.MemIf_u_wrFlash   memif.o
    0x08005f58   0x00000002   Code   RO         3622    i.MemManage_Handler  stm32f4xx_it.o
    0x08005f5a   0x00000002   Code   RO         3623    i.NMI_Handler       stm32f4xx_it.o
    0x08005f5c   0x00000020   Code   RO         1755    i.NVIC_SetPriority  stm32f4xx_hal_cortex.o
    0x08005f7c   0x000000b0   Code   RO         8731    i.NetConnIf_Connect  netconnif.o
    0x0800602c   0x00000028   Code   RO         8732    i.NetConnIf_ConnectStatus  netconnif.o
    0x08006054   0x00000374   Code   RO         8733    i.NetConnIf_Err     netconnif.o
    0x080063c8   0x00000030   Code   RO         8734    i.NetConnIf_Parameter  netconnif.o
    0x080063f8   0x0000001c   Code   RO         8735    i.NetConnIf_RemoteConnectClose  netconnif.o
    0x08006414   0x00000084   Code   RO         8736    i.NetConnIf_connected  netconnif.o
    0x08006498   0x00000034   Code   RO         8737    i.NetConnIf_connection_close  netconnif.o
    0x080064cc   0x00000014   Code   RO         8738    i.NetConnIf_disconnect  netconnif.o
    0x080064e0   0x00000004   Code   RO         8739    i.NetConnIf_poll    netconnif.o
    0x080064e4   0x00000190   Code   RO         8740    i.NetConnIf_recv    netconnif.o
    0x08006674   0x00000018   Code   RO         8741    i.NetConnIf_rxConfig  netconnif.o
    0x0800668c   0x00000018   Code   RO         8742    i.NetConnIf_sendMsg  netconnif.o
    0x080066a4   0x000000b4   Code   RO         9990    i.OpenDoor_IC_MainFunction  icunlock.o
    0x08006758   0x0000001a   Code   RO         9806    i.P0                sm3.o
    0x08006772   0x0000001a   Code   RO         9807    i.P1                sm3.o
    0x0800678c   0x00000006   Code   RO        10405    i.PwUnlockCfg_PasswordAuth  pwunlock_cfg.o
    0x08006792   0x00000002   Code   RO        10406    i.PwUnlockCfg_Play  pwunlock_cfg.o
    0x08006794   0x00000054   Code   RO        10408    i.PwUnlockCfg_ReadKeyValue  pwunlock_cfg.o
    0x080067e8   0x00000004   Code   RO        10410    i.PwUnlockCfg_datetime  pwunlock_cfg.o
    0x080067ec   0x00000004   Code   RO        10412    i.PwUnlockCfg_u_machineType  pwunlock_cfg.o
    0x080067f0   0x00000002   Code   RO         3624    i.RCC_IRQHandler    stm32f4xx_it.o
    0x080067f2   0x00000006   Code   RO         9808    i.ROTL              sm3.o
    0x080067f8   0x00000012   Code   RO         3265    i.RTC_Bcd2ToByte    stm32f4xx_hal_rtc.o
    0x0800680a   0x00000016   Code   RO         3266    i.RTC_ByteToBcd2    stm32f4xx_hal_rtc.o
    0x08006820   0x0000003a   Code   RO         3267    i.RTC_EnterInitMode  stm32f4xx_hal_rtc.o
    0x0800685a   0x0000000e   Code   RO         9868    i.SM3Auth_HexToChar  sm3auth.o
    0x08006868   0x000001f4   Code   RO         9869    i.SM3Auth_PasswordAuth  sm3auth.o
    0x08006a5c   0x00000158   Code   RO         9870    i.SM3Auth_localgeneratePassword  sm3auth.o
    0x08006bb4   0x0000016c   Code   RO         9991    i.SetCard_MainFunction  icunlock.o
    0x08006d20   0x00000048   Code   RO         4195    i.SetEthernetif_macAddr  ethernetif.o
    0x08006d68   0x00000004   Code   RO        10084    i.SetIcUnlockCfg_EEVild  icunlock_cfg.o
    0x08006d6c   0x00000002   Code   RO        10085    i.SetIcUnlockCfg_PlayFile  icunlock_cfg.o
    0x08006d6e   0x00000002   PAD
    0x08006d70   0x00000010   Code   RO        10086    i.SetIcUnlockCfg_TxMsg  icunlock_cfg.o
    0x08006d80   0x00000004   Code   RO        10087    i.SetIcUnlockCfg_openDoor  icunlock_cfg.o
    0x08006d84   0x00000060   Code   RO        10547    i.SetLocalRTCCfg_datetime  localrtc_cfg.o
    0x08006de4   0x00000108   Code   RO        10507    i.SetLocalRTC_datetime  localrtc.o
    0x08006eec   0x0000000c   Code   RO         9526    i.SetMemIf_EEVild   memif.o
    0x08006ef8   0x00000004   Code   RO        10414    i.SetPwUnlockCfg_openDoor  pwunlock_cfg.o
    0x08006efc   0x0000000c   Code   RO        10364    i.SetZR60Ctrl_PasswordKey  pwunlock.o
    0x08006f08   0x0000000c   Code   RO         8526    i.SetdnsAnalysis_ipUpdate  dnsanalysis.o
    0x08006f14   0x00000004   Code   RO         9910    i.SmltIIC_Paramter  smltiic.o
    0x08006f18   0x000000dc   Code   RO         9911    i.SmltIIC_recv      smltiic.o
    0x08006ff4   0x00000040   Code   RO         4047    i.StartLwipTask     freertos.o
    0x08007034   0x00000018   Code   RO         4048    i.StartZr60FuncTask  freertos.o
    0x0800704c   0x00000014   Code   RO         4049    i.Start_20msTask    freertos.o
    0x08007060   0x00000010   Code   RO         4050    i.Start_5msTask     freertos.o
    0x08007070   0x0000000e   Code   RO         3625    i.SysTick_Handler   stm32f4xx_it.o
    0x0800707e   0x00000002   PAD
    0x08007080   0x000000b8   Code   RO         3762    i.SystemClock_Config  main.o
    0x08007138   0x00000054   Code   RO            5    i.SystemInit        system_stm32f4xx.o
    0x0800718c   0x00000014   Code   RO         9809    i.T                 sm3.o
    0x080071a0   0x00000238   Code   RO        10206    i.TskBleUnlock_MainFunction  bleunlock.o
    0x080073d8   0x00000004   Code   RO         9711    i.TskBtnFltr_MainFunction  btnfltr.o
    0x080073dc   0x00000048   Code   RO        10168    i.TskDoorLockCtrl_MainFunction  doorlockctrl.o
    0x08007424   0x0000000e   Code   RO         9993    i.TskIcUnlock_MainFunction  icunlock.o
    0x08007432   0x00000002   Code   RO         9527    i.TskMemIf_MainFunction  memif.o
    0x08007434   0x00000280   Code   RO        10365    i.TskPwUnlock_MainFunction  pwunlock.o
    0x080076b4   0x000000b0   Code   RO         8690    i.TskdhcpClient_MainFunction  dhcpclient.o
    0x08007764   0x00000068   Code   RO         8527    i.TskdnsAnalysis_MainFunction  dnsanalysis.o
    0x080077cc   0x000001d4   Code   RO         8613    i.Tskntpclient_MainFunction  ntpclient.o
    0x080079a0   0x0000008c   Code   RO         3626    i.UART5_IRQHandler  stm32f4xx_it.o
    0x08007a2c   0x00000010   Code   RO         2514    i.UART_DMAAbortOnError  stm32f4xx_hal_uart.o
    0x08007a3c   0x0000004a   Code   RO         2515    i.UART_DMAError     stm32f4xx_hal_uart.o
    0x08007a86   0x0000003c   Code   RO         2516    i.UART_DMAReceiveCplt  stm32f4xx_hal_uart.o
    0x08007ac2   0x0000000a   Code   RO         2518    i.UART_DMARxHalfCplt  stm32f4xx_hal_uart.o
    0x08007acc   0x0000002e   Code   RO         2520    i.UART_DMATransmitCplt  stm32f4xx_hal_uart.o
    0x08007afa   0x0000000a   Code   RO         2522    i.UART_DMATxHalfCplt  stm32f4xx_hal_uart.o
    0x08007b04   0x0000001c   Code   RO         2524    i.UART_EndRxTransfer  stm32f4xx_hal_uart.o
    0x08007b20   0x00000012   Code   RO         2525    i.UART_EndTxTransfer  stm32f4xx_hal_uart.o
    0x08007b32   0x0000008c   Code   RO         2526    i.UART_Receive_IT   stm32f4xx_hal_uart.o
    0x08007bbe   0x00000002   PAD
    0x08007bc0   0x000002ac   Code   RO         2527    i.UART_SetConfig    stm32f4xx_hal_uart.o
    0x08007e6c   0x00000062   Code   RO         2528    i.UART_Transmit_IT  stm32f4xx_hal_uart.o
    0x08007ece   0x00000064   Code   RO         2529    i.UART_WaitOnFlagUntilTimeout  stm32f4xx_hal_uart.o
    0x08007f32   0x00000002   PAD
    0x08007f34   0x0000000c   Code   RO         3627    i.USART1_IRQHandler  stm32f4xx_it.o
    0x08007f40   0x00000058   Code   RO         3628    i.USART3_IRQHandler  stm32f4xx_it.o
    0x08007f98   0x00000002   Code   RO         3629    i.UsageFault_Handler  stm32f4xx_it.o
    0x08007f9a   0x00000002   Code   RO         3763    i._Error_Handler    main.o
    0x08007f9c   0x00000020   Code   RO        10857    i.__0printf         mc_w.l(printfa.o)
    0x08007fbc   0x00000028   Code   RO        10859    i.__0sprintf        mc_w.l(printfa.o)
    0x08007fe4   0x00000008   Code   RO        10966    i.__aeabi_errno_addr  mc_w.l(errno.o)
    0x08007fec   0x0000005c   Code   RO        10889    i.__free$realloc    mc_w.l(mallocr.o)
    0x08008048   0x00000028   Code   RO        10573    i.__hardfp_strtod   m_wm.l(strtod.o)
    0x08008070   0x00000050   Code   RO        10890    i.__malloc$realloc  mc_w.l(mallocr.o)
    0x080080c0   0x0000000e   Code   RO        11041    i.__scatterload_copy  mc_w.l(handlers.o)
    0x080080ce   0x00000002   Code   RO        11042    i.__scatterload_null  mc_w.l(handlers.o)
    0x080080d0   0x0000000e   Code   RO        11043    i.__scatterload_zeroinit  mc_w.l(handlers.o)
    0x080080de   0x00000002   PAD
    0x080080e0   0x00000184   Code   RO        10864    i._fp_digits        mc_w.l(printfa.o)
    0x08008264   0x0000000e   Code   RO        10917    i._is_digit         mc_w.l(scanf_fp.o)
    0x08008272   0x00000002   PAD
    0x08008274   0x000006dc   Code   RO        10865    i._printf_core      mc_w.l(printfa.o)
    0x08008950   0x00000024   Code   RO        10866    i._printf_post_padding  mc_w.l(printfa.o)
    0x08008974   0x0000002e   Code   RO        10867    i._printf_pre_padding  mc_w.l(printfa.o)
    0x080089a2   0x0000000a   Code   RO        10869    i._sputc            mc_w.l(printfa.o)
    0x080089ac   0x00000022   Code   RO         8905    i.add_item_to_array  cjson.o
    0x080089ce   0x00000056   Code   RO         8906    i.add_item_to_object  cjson.o
    0x08008a24   0x0000002c   Code   RO         8907    i.buffer_skip_whitespace  cjson.o
    0x08008a50   0x00000030   Code   RO         8917    i.cJSON_AddNumberToObject  cjson.o
    0x08008a80   0x00000030   Code   RO         8920    i.cJSON_AddStringToObject  cjson.o
    0x08008ab0   0x00000078   Code   RO         8931    i.cJSON_CreateNumber  cjson.o
    0x08008b28   0x00000018   Code   RO         8932    i.cJSON_CreateObject  cjson.o
    0x08008b40   0x00000030   Code   RO         8935    i.cJSON_CreateString  cjson.o
    0x08008b70   0x00000048   Code   RO         8939    i.cJSON_Delete      cjson.o
    0x08008bb8   0x00000006   Code   RO         8951    i.cJSON_GetObjectItem  cjson.o
    0x08008bbe   0x00000016   Code   RO         8968    i.cJSON_New_Item    cjson.o
    0x08008bd4   0x00000008   Code   RO         8969    i.cJSON_Parse       cjson.o
    0x08008bdc   0x000000e4   Code   RO         8970    i.cJSON_ParseWithOpts  cjson.o
    0x08008cc0   0x0000000c   Code   RO         8974    i.cJSON_PrintUnformatted  cjson.o
    0x08008ccc   0x00000028   Code   RO         8983    i.cJSON_strdup      cjson.o
    0x08008cf4   0x0000001c   Code   RO         6624    i.cyclic_timer      timeouts.o
    0x08008d10   0x0000001e   Code   RO         8119    i.dhcp_arp_reply    dhcp.o
    0x08008d2e   0x000000da   Code   RO         8120    i.dhcp_bind         dhcp.o
    0x08008e08   0x00000034   Code   RO         8121    i.dhcp_check        dhcp.o
    0x08008e3c   0x000000ac   Code   RO         8123    i.dhcp_coarse_tmr   dhcp.o
    0x08008ee8   0x00000130   Code   RO         8124    i.dhcp_create_msg   dhcp.o
    0x08009018   0x00000020   Code   RO         8125    i.dhcp_dec_pcb_refcount  dhcp.o
    0x08009038   0x00000088   Code   RO         8126    i.dhcp_decline      dhcp.o
    0x080090c0   0x00000016   Code   RO         8127    i.dhcp_delete_msg   dhcp.o
    0x080090d6   0x00000002   PAD
    0x080090d8   0x000000cc   Code   RO         8128    i.dhcp_discover     dhcp.o
    0x080091a4   0x00000034   Code   RO         8129    i.dhcp_fine_tmr     dhcp.o
    0x080091d8   0x0000008c   Code   RO         8130    i.dhcp_handle_ack   dhcp.o
    0x08009264   0x00000050   Code   RO         8131    i.dhcp_inc_pcb_refcount  dhcp.o
    0x080092b4   0x00000030   Code   RO         8133    i.dhcp_network_changed  dhcp.o
    0x080092e4   0x00000020   Code   RO         8134    i.dhcp_option       dhcp.o
    0x08009304   0x00000010   Code   RO         8135    i.dhcp_option_byte  dhcp.o
    0x08009314   0x00000042   Code   RO         8136    i.dhcp_option_long  dhcp.o
    0x08009356   0x00000022   Code   RO         8137    i.dhcp_option_short  dhcp.o
    0x08009378   0x0000002c   Code   RO         8138    i.dhcp_option_trailer  dhcp.o
    0x080093a4   0x00000208   Code   RO         8139    i.dhcp_parse_reply  dhcp.o
    0x080095ac   0x000000b8   Code   RO         8140    i.dhcp_rebind       dhcp.o
    0x08009664   0x000000d4   Code   RO         8141    i.dhcp_reboot       dhcp.o
    0x08009738   0x0000012c   Code   RO         8142    i.dhcp_recv         dhcp.o
    0x08009864   0x000000a8   Code   RO         8143    i.dhcp_release      dhcp.o
    0x0800990c   0x000000b8   Code   RO         8144    i.dhcp_renew        dhcp.o
    0x080099c4   0x000000f8   Code   RO         8145    i.dhcp_select       dhcp.o
    0x08009abc   0x00000010   Code   RO         8146    i.dhcp_set_state    dhcp.o
    0x08009acc   0x00000060   Code   RO         8148    i.dhcp_start        dhcp.o
    0x08009b2c   0x00000024   Code   RO         8149    i.dhcp_stop         dhcp.o
    0x08009b50   0x00000018   Code   RO         8150    i.dhcp_supplied_address  dhcp.o
    0x08009b68   0x00000066   Code   RO         8151    i.dhcp_timeout      dhcp.o
    0x08009bce   0x00000002   PAD
    0x08009bd0   0x0000002c   Code   RO         8528    i.dnsAnalysis_DNSfound  dnsanalysis.o
    0x08009bfc   0x000000a8   Code   RO         8024    i.dns_alloc_pcb     dns.o
    0x08009ca4   0x00000098   Code   RO         8025    i.dns_call_found    dns.o
    0x08009d3c   0x000000b8   Code   RO         8026    i.dns_check_entry   dns.o
    0x08009df4   0x00000062   Code   RO         8027    i.dns_compare_name  dns.o
    0x08009e56   0x00000002   PAD
    0x08009e58   0x00000138   Code   RO         8028    i.dns_enqueue       dns.o
    0x08009f90   0x0000000c   Code   RO         8029    i.dns_gethostbyname  dns.o
    0x08009f9c   0x00000094   Code   RO         8030    i.dns_gethostbyname_addrtype  dns.o
    0x0800a030   0x00000002   Code   RO         8032    i.dns_init          dns.o
    0x0800a032   0x00000002   PAD
    0x0800a034   0x000001e8   Code   RO         8033    i.dns_recv          dns.o
    0x0800a21c   0x0000010c   Code   RO         8034    i.dns_send          dns.o
    0x0800a328   0x00000020   Code   RO         8035    i.dns_setserver     dns.o
    0x0800a348   0x00000014   Code   RO         8036    i.dns_tmr           dns.o
    0x0800a35c   0x0000001c   Code   RO         7243    i.do_memp_free_pool  memp.o
    0x0800a378   0x00000022   Code   RO         7244    i.do_memp_malloc_pool  memp.o
    0x0800a39a   0x0000008a   Code   RO         8985    i.ensure            cjson.o
    0x0800a424   0x00000030   Code   RO         4955    i.etharp_cleanup_netif  etharp.o
    0x0800a454   0x000000dc   Code   RO         4957    i.etharp_find_entry  etharp.o
    0x0800a530   0x00000024   Code   RO         4958    i.etharp_free_entry  etharp.o
    0x0800a554   0x000000b2   Code   RO         4960    i.etharp_input      etharp.o
    0x0800a606   0x00000002   PAD
    0x0800a608   0x000000ec   Code   RO         4961    i.etharp_output     etharp.o
    0x0800a6f4   0x00000060   Code   RO         4962    i.etharp_output_to_arp_index  etharp.o
    0x0800a754   0x000000f0   Code   RO         4963    i.etharp_query      etharp.o
    0x0800a844   0x00000088   Code   RO         4964    i.etharp_raw        etharp.o
    0x0800a8cc   0x0000000c   Code   RO         4965    i.etharp_request    etharp.o
    0x0800a8d8   0x00000020   Code   RO         4966    i.etharp_request_dst  etharp.o
    0x0800a8f8   0x00000060   Code   RO         4967    i.etharp_tmr        etharp.o
    0x0800a958   0x00000080   Code   RO         4968    i.etharp_update_arp_entry  etharp.o
    0x0800a9d8   0x000000a0   Code   RO         7688    i.ethernet_input    ethernet.o
    0x0800aa78   0x0000004a   Code   RO         7689    i.ethernet_output   ethernet.o
    0x0800aac2   0x00000002   PAD
    0x0800aac4   0x00000028   Code   RO         4196    i.ethernetif_init   ethernetif.o
    0x0800aaec   0x00000034   Code   RO         4197    i.ethernetif_input  ethernetif.o
    0x0800ab20   0x00000058   Code   RO         4198    i.ethernetif_notify_conn_changed  ethernetif.o
    0x0800ab78   0x00000044   Code   RO         4199    i.ethernetif_set_link  ethernetif.o
    0x0800abbc   0x000000b0   Code   RO         4201    i.ethernetif_update_config  ethernetif.o
    0x0800ac6c   0x00000018   Code   RO         4422    i.fputc             usart.o
    0x0800ac84   0x00000070   Code   RO         8987    i.get_object_item   cjson.o
    0x0800acf4   0x000000c0   Code   RO         4051    i.get_resert_status  freertos.o
    0x0800adb4   0x0000000c   Code   RO         9913    i.i2c_Delay         smltiic.o
    0x0800adc0   0x00000054   Code   RO         9914    i.i2c_ReadByte      smltiic.o
    0x0800ae14   0x00000078   Code   RO         9915    i.i2c_SendByte      smltiic.o
    0x0800ae8c   0x00000048   Code   RO         9916    i.i2c_Start         smltiic.o
    0x0800aed4   0x0000003c   Code   RO         9917    i.i2c_Stop          smltiic.o
    0x0800af10   0x0000004c   Code   RO         9918    i.i2c_WaitAck       smltiic.o
    0x0800af5c   0x00000008   Code   RO         7184    i.icmp_dest_unreach  icmp.o
    0x0800af64   0x000000f4   Code   RO         7185    i.icmp_input        icmp.o
    0x0800b058   0x0000006c   Code   RO         7186    i.icmp_send_response  icmp.o
    0x0800b0c4   0x00000008   Code   RO         7187    i.icmp_time_exceeded  icmp.o
    0x0800b0cc   0x0000000c   Code   RO          596    i.inHandlerMode     cmsis_os.o
    0x0800b0d8   0x00000050   Code   RO        10891    i.internal_alloc    mc_w.l(mallocr.o)
    0x0800b128   0x0000002e   Code   RO         5888    i.ip4_addr_isbroadcast_u32  ip4_addr.o
    0x0800b156   0x00000002   PAD
    0x0800b158   0x0000015c   Code   RO         6721    i.ip4_frag          ip4_frag.o
    0x0800b2b4   0x000001b8   Code   RO         6792    i.ip4_input         ip4.o
    0x0800b46c   0x0000001e   Code   RO         6794    i.ip4_output_if     ip4.o
    0x0800b48a   0x00000002   PAD
    0x0800b48c   0x000000a8   Code   RO         6795    i.ip4_output_if_src  ip4.o
    0x0800b534   0x00000190   Code   RO         6722    i.ip4_reass         ip4_frag.o
    0x0800b6c4   0x0000005c   Code   RO         6796    i.ip4_route         ip4.o
    0x0800b720   0x0000011a   Code   RO         5890    i.ip4addr_aton      ip4_addr.o
    0x0800b83a   0x00000002   PAD
    0x0800b83c   0x0000000c   Code   RO         5891    i.ip4addr_ntoa      ip4_addr.o
    0x0800b848   0x00000078   Code   RO         5892    i.ip4addr_ntoa_r    ip4_addr.o
    0x0800b8c0   0x00000008   Code   RO         6723    i.ip_frag_free_pbuf_custom_ref  ip4_frag.o
    0x0800b8c8   0x000000ec   Code   RO         6724    i.ip_reass_chain_frag_into_datagram_and_validate  ip4_frag.o
    0x0800b9b4   0x00000024   Code   RO         6725    i.ip_reass_dequeue_datagram  ip4_frag.o
    0x0800b9d8   0x00000070   Code   RO         6726    i.ip_reass_free_complete_datagram  ip4_frag.o
    0x0800ba48   0x00000080   Code   RO         6727    i.ip_reass_remove_oldest_datagram  ip4_frag.o
    0x0800bac8   0x0000002c   Code   RO         6728    i.ip_reass_tmr      ip4_frag.o
    0x0800baf4   0x00000016   Code   RO         6729    i.ipfrag_free_pbuf_custom  ip4_frag.o
    0x0800bb0a   0x00000002   PAD
    0x0800bb0c   0x00000168   Code   RO         4202    i.low_level_init    ethernetif.o
    0x0800bc74   0x000000bc   Code   RO         4203    i.low_level_input   ethernetif.o
    0x0800bd30   0x000000a8   Code   RO         4204    i.low_level_output  ethernetif.o
    0x0800bdd8   0x00000004   Code   RO         6966    i.lwip_htonl        def.o
    0x0800bddc   0x00000004   Code   RO         6967    i.lwip_htons        def.o
    0x0800bde0   0x00000026   Code   RO         5686    i.lwip_init         init.o
    0x0800be06   0x00000002   PAD
    0x0800be08   0x00000034   Code   RO         6970    i.lwip_strnicmp     def.o
    0x0800be3c   0x0000004c   Code   RO         3764    i.main              main.o
    0x0800be88   0x0000000c   Code   RO          598    i.makeFreeRtosPriority  cmsis_os.o
    0x0800be94   0x00000050   Code   RO         7110    i.mem_free          mem.o
    0x0800bee4   0x0000003c   Code   RO         7111    i.mem_init          mem.o
    0x0800bf20   0x000000d4   Code   RO         7112    i.mem_malloc        mem.o
    0x0800bff4   0x000000e4   Code   RO         7113    i.mem_trim          mem.o
    0x0800c0d8   0x00000018   Code   RO         7245    i.memp_free         memp.o
    0x0800c0f0   0x00000020   Code   RO         7247    i.memp_init         memp.o
    0x0800c110   0x0000002a   Code   RO         7248    i.memp_init_pool    memp.o
    0x0800c13a   0x00000002   PAD
    0x0800c13c   0x00000018   Code   RO         7249    i.memp_malloc       memp.o
    0x0800c154   0x00000058   Code   RO         5990    i.netif_add         netif.o
    0x0800c1ac   0x00000002   Code   RO         5992    i.netif_init        netif.o
    0x0800c1ae   0x0000001a   Code   RO         5994    i.netif_issue_reports  netif.o
    0x0800c1c8   0x00000048   Code   RO         5996    i.netif_set_addr    netif.o
    0x0800c210   0x0000000c   Code   RO         5997    i.netif_set_default  netif.o
    0x0800c21c   0x0000002e   Code   RO         5998    i.netif_set_down    netif.o
    0x0800c24a   0x00000008   Code   RO         5999    i.netif_set_gw      netif.o
    0x0800c252   0x00000002   PAD
    0x0800c254   0x0000004c   Code   RO         6000    i.netif_set_ipaddr  netif.o
    0x0800c2a0   0x00000008   Code   RO         6001    i.netif_set_link_callback  netif.o
    0x0800c2a8   0x0000001a   Code   RO         6002    i.netif_set_link_down  netif.o
    0x0800c2c2   0x0000003a   Code   RO         6003    i.netif_set_link_up  netif.o
    0x0800c2fc   0x00000008   Code   RO         6004    i.netif_set_netmask  netif.o
    0x0800c304   0x00000032   Code   RO         6006    i.netif_set_up      netif.o
    0x0800c336   0x00000002   PAD
    0x0800c338   0x000000ac   Code   RO         8614    i.ntpclient_Rcv_callback  ntpclient.o
    0x0800c3e4   0x00000044   Code   RO         8615    i.ntpclient_Release  ntpclient.o
    0x0800c428   0x00000084   Code   RO         8616    i.ntpclient_Send    ntpclient.o
    0x0800c4ac   0x000000dc   Code   RO         8618    i.ntpclient_connect  ntpclient.o
    0x0800c588   0x0000000e   Code   RO          600    i.osDelay           cmsis_os.o
    0x0800c596   0x0000000a   Code   RO          603    i.osKernelStart     cmsis_os.o
    0x0800c5a0   0x00000018   Code   RO          604    i.osKernelSysTick   cmsis_os.o
    0x0800c5b8   0x00000008   Code   RO          612    i.osMessageCreate   cmsis_os.o
    0x0800c5c0   0x00000098   Code   RO          614    i.osMessageGet      cmsis_os.o
    0x0800c658   0x0000005c   Code   RO          616    i.osMessagePut      cmsis_os.o
    0x0800c6b4   0x00000006   Code   RO          618    i.osMutexCreate     cmsis_os.o
    0x0800c6ba   0x00000002   PAD
    0x0800c6bc   0x00000050   Code   RO          620    i.osMutexRelease    cmsis_os.o
    0x0800c70c   0x00000068   Code   RO          621    i.osMutexWait       cmsis_os.o
    0x0800c774   0x00000026   Code   RO          629    i.osSemaphoreCreate  cmsis_os.o
    0x0800c79a   0x00000002   PAD
    0x0800c79c   0x00000050   Code   RO          632    i.osSemaphoreRelease  cmsis_os.o
    0x0800c7ec   0x00000068   Code   RO          633    i.osSemaphoreWait   cmsis_os.o
    0x0800c854   0x00000014   Code   RO          636    i.osSystickHandler  cmsis_os.o
    0x0800c868   0x0000002e   Code   RO          637    i.osThreadCreate    cmsis_os.o
    0x0800c896   0x000000cc   Code   RO         8988    i.parse_array       cjson.o
    0x0800c962   0x00000040   Code   RO         8989    i.parse_hex4        cjson.o
    0x0800c9a2   0x00000002   PAD
    0x0800c9a4   0x00000100   Code   RO         8990    i.parse_number      cjson.o
    0x0800caa4   0x00000106   Code   RO         8991    i.parse_object      cjson.o
    0x0800cbaa   0x0000010c   Code   RO         8992    i.parse_string      cjson.o
    0x0800ccb6   0x00000002   PAD
    0x0800ccb8   0x000000fc   Code   RO         8993    i.parse_value       cjson.o
    0x0800cdb4   0x0000011e   Code   RO         6412    i.pbuf_alloc        pbuf.o
    0x0800ced2   0x00000052   Code   RO         6413    i.pbuf_alloced_custom  pbuf.o
    0x0800cf24   0x00000028   Code   RO         6414    i.pbuf_cat          pbuf.o
    0x0800cf4c   0x00000012   Code   RO         6415    i.pbuf_chain        pbuf.o
    0x0800cf5e   0x00000012   Code   RO         6416    i.pbuf_clen         pbuf.o
    0x0800cf70   0x0000009a   Code   RO         6418    i.pbuf_copy         pbuf.o
    0x0800d00a   0x00000068   Code   RO         6419    i.pbuf_copy_partial  pbuf.o
    0x0800d072   0x00000060   Code   RO         6421    i.pbuf_free         pbuf.o
    0x0800d0d2   0x00000002   PAD
    0x0800d0d4   0x00000034   Code   RO         6422    i.pbuf_free_ooseq_callback  pbuf.o
    0x0800d108   0x00000006   Code   RO         6424    i.pbuf_header       pbuf.o
    0x0800d10e   0x00000006   Code   RO         6425    i.pbuf_header_force  pbuf.o
    0x0800d114   0x00000064   Code   RO         6426    i.pbuf_header_impl  pbuf.o
    0x0800d178   0x00000040   Code   RO         6429    i.pbuf_pool_is_empty  pbuf.o
    0x0800d1b8   0x0000001e   Code   RO         6430    i.pbuf_put_at       pbuf.o
    0x0800d1d6   0x00000054   Code   RO         6431    i.pbuf_realloc      pbuf.o
    0x0800d22a   0x0000001a   Code   RO         6432    i.pbuf_ref          pbuf.o
    0x0800d244   0x00000004   Code   RO         6433    i.pbuf_skip         pbuf.o
    0x0800d248   0x00000018   Code   RO         6434    i.pbuf_skip_const   pbuf.o
    0x0800d260   0x00000052   Code   RO         6436    i.pbuf_take         pbuf.o
    0x0800d2b2   0x00000054   Code   RO         6437    i.pbuf_take_at      pbuf.o
    0x0800d306   0x00000020   Code   RO         6438    i.pbuf_try_get_at   pbuf.o
    0x0800d326   0x00000002   PAD
    0x0800d328   0x00000054   Code   RO         7114    i.plug_holes        mem.o
    0x0800d37c   0x00000098   Code   RO         8994    i.print             cjson.o
    0x0800d414   0x00000096   Code   RO         8995    i.print_array       cjson.o
    0x0800d4aa   0x00000002   PAD
    0x0800d4ac   0x000000a8   Code   RO         8996    i.print_number      cjson.o
    0x0800d554   0x00000140   Code   RO         8997    i.print_object      cjson.o
    0x0800d694   0x00000110   Code   RO         8998    i.print_string_ptr  cjson.o
    0x0800d7a4   0x000000d0   Code   RO         8999    i.print_value       cjson.o
    0x0800d874   0x00000070   Code   RO          294    i.prvAddCurrentTaskToDelayedList  tasks.o
    0x0800d8e4   0x000000d0   Code   RO          295    i.prvAddNewTaskToReadyList  tasks.o
    0x0800d9b4   0x00000050   Code   RO          296    i.prvCheckTasksWaitingTermination  tasks.o
    0x0800da04   0x00000026   Code   RO         1122    i.prvCopyDataFromQueue  queue.o
    0x0800da2a   0x0000006c   Code   RO         1123    i.prvCopyDataToQueue  queue.o
    0x0800da96   0x00000014   Code   RO          297    i.prvDeleteTCB      tasks.o
    0x0800daaa   0x00000002   PAD
    0x0800daac   0x00000048   Code   RO          983    i.prvHeapInit       heap_4.o
    0x0800daf4   0x00000028   Code   RO          298    i.prvIdleTask       tasks.o
    0x0800db1c   0x0000008e   Code   RO          299    i.prvInitialiseNewTask  tasks.o
    0x0800dbaa   0x00000002   PAD
    0x0800dbac   0x0000004c   Code   RO          984    i.prvInsertBlockIntoFreeList  heap_4.o
    0x0800dbf8   0x0000001c   Code   RO         1124    i.prvIsQueueEmpty   queue.o
    0x0800dc14   0x00000020   Code   RO          300    i.prvResetNextTaskUnblockTime  tasks.o
    0x0800dc34   0x00000028   Code   RO         1045    i.prvTaskExitError  port.o
    0x0800dc5c   0x0000006a   Code   RO         1125    i.prvUnlockQueue    queue.o
    0x0800dcc6   0x00000002   PAD
    0x0800dcc8   0x000000d8   Code   RO          985    i.pvPortMalloc      heap_4.o
    0x0800dda0   0x00000018   Code   RO          302    i.pvTaskIncrementMutexHeldCount  tasks.o
    0x0800ddb8   0x0000002c   Code   RO         1046    i.pxPortInitialiseStack  port.o
    0x0800dde4   0x0000006c   Code   RO        10892    i.realloc           mc_w.l(mallocr.o)
    0x0800de50   0x000000a8   Code   RO         9810    i.sm3               sm3.o
    0x0800def8   0x00000044   Code   RO         5723    i.sys_arch_mbox_fetch  sys_arch.o
    0x0800df3c   0x00000018   Code   RO         5725    i.sys_arch_protect  sys_arch.o
    0x0800df54   0x0000000c   Code   RO         5727    i.sys_arch_unprotect  sys_arch.o
    0x0800df60   0x00000058   Code   RO         6625    i.sys_check_timeouts  timeouts.o
    0x0800dfb8   0x00000018   Code   RO         5728    i.sys_init          sys_arch.o
    0x0800dfd0   0x00000028   Code   RO         5730    i.sys_mbox_new      sys_arch.o
    0x0800dff8   0x0000001a   Code   RO         5731    i.sys_mbox_post     sys_arch.o
    0x0800e012   0x00000014   Code   RO         5733    i.sys_mbox_trypost  sys_arch.o
    0x0800e026   0x0000000a   Code   RO         5734    i.sys_mbox_valid    sys_arch.o
    0x0800e030   0x0000000a   Code   RO         5736    i.sys_mutex_lock    sys_arch.o
    0x0800e03a   0x0000001c   Code   RO         5737    i.sys_mutex_new     sys_arch.o
    0x0800e056   0x00000006   Code   RO         5738    i.sys_mutex_unlock  sys_arch.o
    0x0800e05c   0x00000004   Code   RO         4206    i.sys_now           ethernetif.o
    0x0800e060   0x00000030   Code   RO         5744    i.sys_thread_new    sys_arch.o
    0x0800e090   0x00000090   Code   RO         6627    i.sys_timeout       timeouts.o
    0x0800e120   0x00000034   Code   RO         6628    i.sys_timeouts_init  timeouts.o
    0x0800e154   0x00000048   Code   RO         6629    i.sys_timeouts_mbox_fetch  timeouts.o
    0x0800e19c   0x000001b8   Code   RO         8844    i.tcp_LngConnect_MainFunction  tcp_client_lngconnect.o
    0x0800e354   0x000000c4   Code   RO         8845    i.tcp_LngConnect_Parameter  tcp_client_lngconnect.o
    0x0800e418   0x000003b8   Code   RO         8846    i.tcp_LngConnect_parseJson  tcp_client_lngconnect.o
    0x0800e7d0   0x000000d4   Code   RO         6153    i.tcp_abandon       tcp.o
    0x0800e8a4   0x00000006   Code   RO         6154    i.tcp_abort         tcp.o
    0x0800e8aa   0x00000002   PAD
    0x0800e8ac   0x00000108   Code   RO         6157    i.tcp_alloc         tcp.o
    0x0800e9b4   0x00000008   Code   RO         6158    i.tcp_arg           tcp.o
    0x0800e9bc   0x00000094   Code   RO         6159    i.tcp_bind          tcp.o
    0x0800ea50   0x0000001c   Code   RO         8847    i.tcp_client_LngConnect_callback  tcp_client_lngconnect.o
    0x0800ea6c   0x00000014   Code   RO         6160    i.tcp_close         tcp.o
    0x0800ea80   0x00000164   Code   RO         6161    i.tcp_close_shutdown  tcp.o
    0x0800ebe4   0x000000f0   Code   RO         6162    i.tcp_connect       tcp.o
    0x0800ecd4   0x00000098   Code   RO         7584    i.tcp_create_segment  tcp_out.o
    0x0800ed6c   0x00000022   Code   RO         6164    i.tcp_eff_send_mss_impl  tcp.o
    0x0800ed8e   0x00000090   Code   RO         7585    i.tcp_enqueue_flags  tcp_out.o
    0x0800ee1e   0x0000000a   Code   RO         6165    i.tcp_err           tcp.o
    0x0800ee28   0x00000058   Code   RO         6166    i.tcp_fasttmr       tcp.o
    0x0800ee80   0x00000030   Code   RO         7876    i.tcp_getoptbyte    tcp_in.o
    0x0800eeb0   0x00000002   Code   RO         6167    i.tcp_init          tcp.o
    0x0800eeb2   0x00000002   PAD
    0x0800eeb4   0x0000036c   Code   RO         7877    i.tcp_input         tcp_in.o
    0x0800f220   0x00000052   Code   RO         7586    i.tcp_keepalive     tcp_out.o
    0x0800f272   0x00000002   PAD
    0x0800f274   0x0000003c   Code   RO         6168    i.tcp_kill_state    tcp.o
    0x0800f2b0   0x000000ec   Code   RO         7878    i.tcp_listen_input  tcp_in.o
    0x0800f39c   0x0000004c   Code   RO         6170    i.tcp_netif_ip_addr_changed  tcp.o
    0x0800f3e8   0x00000022   Code   RO         6171    i.tcp_netif_ip_addr_changed_pcblist  tcp.o
    0x0800f40a   0x00000006   Code   RO         6172    i.tcp_new           tcp.o
    0x0800f410   0x0000005c   Code   RO         6174    i.tcp_new_port      tcp.o
    0x0800f46c   0x00000010   Code   RO         6175    i.tcp_next_iss      tcp.o
    0x0800f47c   0x00000078   Code   RO         7879    i.tcp_oos_insert_segment  tcp_in.o
    0x0800f4f4   0x000001c8   Code   RO         7587    i.tcp_output        tcp_out.o
    0x0800f6bc   0x0000006a   Code   RO         7588    i.tcp_output_alloc_header  tcp_out.o
    0x0800f726   0x00000002   PAD
    0x0800f728   0x000000a8   Code   RO         7589    i.tcp_output_segment  tcp_out.o
    0x0800f7d0   0x00000074   Code   RO         7880    i.tcp_parseopt      tcp_in.o
    0x0800f844   0x0000004e   Code   RO         7590    i.tcp_pbuf_prealloc  tcp_out.o
    0x0800f892   0x00000042   Code   RO         6176    i.tcp_pcb_purge     tcp.o
    0x0800f8d4   0x00000050   Code   RO         6177    i.tcp_pcb_remove    tcp.o
    0x0800f924   0x00000008   Code   RO         6178    i.tcp_poll          tcp.o
    0x0800f92c   0x00000370   Code   RO         7881    i.tcp_process       tcp_in.o
    0x0800fc9c   0x0000006c   Code   RO         6179    i.tcp_process_refused_data  tcp.o
    0x0800fd08   0x000006c4   Code   RO         7882    i.tcp_receive       tcp_in.o
    0x080103cc   0x0000000a   Code   RO         6180    i.tcp_recv          tcp.o
    0x080103d6   0x00000024   Code   RO         6181    i.tcp_recv_null     tcp.o
    0x080103fa   0x00000042   Code   RO         6182    i.tcp_recved        tcp.o
    0x0801043c   0x00000052   Code   RO         7591    i.tcp_rexmit        tcp_out.o
    0x0801048e   0x0000005c   Code   RO         7592    i.tcp_rexmit_fast   tcp_out.o
    0x080104ea   0x0000002e   Code   RO         7593    i.tcp_rexmit_rto    tcp_out.o
    0x08010518   0x00000080   Code   RO         7594    i.tcp_rst           tcp_out.o
    0x08010598   0x00000028   Code   RO         6183    i.tcp_seg_copy      tcp.o
    0x080105c0   0x0000001c   Code   RO         6184    i.tcp_seg_free      tcp.o
    0x080105dc   0x00000012   Code   RO         6185    i.tcp_segs_free     tcp.o
    0x080105ee   0x00000072   Code   RO         7595    i.tcp_send_empty_ack  tcp_out.o
    0x08010660   0x00000044   Code   RO         7596    i.tcp_send_fin      tcp_out.o
    0x080106a4   0x00000280   Code   RO         6189    i.tcp_slowtmr       tcp.o
    0x08010924   0x00000034   Code   RO         6631    i.tcp_timer_needed  timeouts.o
    0x08010958   0x00000068   Code   RO         7883    i.tcp_timewait_input  tcp_in.o
    0x080109c0   0x00000020   Code   RO         6190    i.tcp_tmr           tcp.o
    0x080109e0   0x00000010   Code   RO         7884    i.tcp_trigger_input_pcb_close  tcp_in.o
    0x080109f0   0x00000034   Code   RO         6192    i.tcp_update_rcv_ann_wnd  tcp.o
    0x08010a24   0x000002f0   Code   RO         7597    i.tcp_write         tcp_out.o
    0x08010d14   0x000000b4   Code   RO         7598    i.tcp_zero_window_probe  tcp_out.o
    0x08010dc8   0x00000054   Code   RO         6867    i.tcpip_callback_with_block  tcpip.o
    0x08010e1c   0x0000004c   Code   RO         6870    i.tcpip_init        tcpip.o
    0x08010e68   0x00000048   Code   RO         6871    i.tcpip_inpkt       tcpip.o
    0x08010eb0   0x0000001c   Code   RO         6872    i.tcpip_input       tcpip.o
    0x08010ecc   0x00000038   Code   RO         6632    i.tcpip_tcp_timer   timeouts.o
    0x08010f04   0x0000006c   Code   RO         6874    i.tcpip_thread      tcpip.o
    0x08010f70   0x000000ac   Code   RO         8416    i.udp_bind          udp.o
    0x0801101c   0x00000050   Code   RO         8417    i.udp_connect       udp.o
    0x0801106c   0x00000002   Code   RO         8419    i.udp_init          udp.o
    0x0801106e   0x00000002   PAD
    0x08011070   0x00000124   Code   RO         8420    i.udp_input         udp.o
    0x08011194   0x00000034   Code   RO         8421    i.udp_netif_ip_addr_changed  udp.o
    0x080111c8   0x0000001a   Code   RO         8422    i.udp_new           udp.o
    0x080111e2   0x00000004   Code   RO         8423    i.udp_new_ip_type   udp.o
    0x080111e6   0x00000006   Code   RO         8424    i.udp_recv          udp.o
    0x080111ec   0x00000030   Code   RO         8425    i.udp_remove        udp.o
    0x0801121c   0x00000032   Code   RO         8427    i.udp_sendto        udp.o
    0x0801124e   0x00000036   Code   RO         8428    i.udp_sendto_if     udp.o
    0x08011284   0x000000a6   Code   RO         8429    i.udp_sendto_if_src  udp.o
    0x0801132a   0x0000001c   Code   RO         9001    i.update_offset     cjson.o
    0x08011346   0x00000002   PAD
    0x08011348   0x000000d2   Code   RO         9002    i.utf16_literal_to_utf8  cjson.o
    0x0801141a   0x00000024   Code   RO          248    i.uxListRemove      list.o
    0x0801143e   0x00000016   Code   RO          249    i.vListInitialise   list.o
    0x08011454   0x00000006   Code   RO          250    i.vListInitialiseItem  list.o
    0x0801145a   0x00000030   Code   RO          251    i.vListInsert       list.o
    0x0801148a   0x00000018   Code   RO          252    i.vListInsertEnd    list.o
    0x080114a2   0x00000002   PAD
    0x080114a4   0x00000040   Code   RO         1048    i.vPortEnterCritical  port.o
    0x080114e4   0x00000028   Code   RO         1049    i.vPortExitCritical  port.o
    0x0801150c   0x0000005c   Code   RO          986    i.vPortFree         heap_4.o
    0x08011568   0x00000020   Code   RO         1050    i.vPortSetupTimerInterrupt  port.o
    0x08011588   0x00000054   Code   RO         1051    i.vPortValidateInterruptPriority  port.o
    0x080115dc   0x0000004c   Code   RO          308    i.vTaskDelay        tasks.o
    0x08011628   0x00000068   Code   RO         4052    i.vTaskFeedDog      freertos.o
    0x08011690   0x0000000c   Code   RO          311    i.vTaskMissedYield  tasks.o
    0x0801169c   0x00000030   Code   RO          313    i.vTaskPlaceOnEventList  tasks.o
    0x080116cc   0x00000084   Code   RO          315    i.vTaskPriorityInherit  tasks.o
    0x08011750   0x00000024   Code   RO          318    i.vTaskSetTimeOutState  tasks.o
    0x08011774   0x00000068   Code   RO          319    i.vTaskStartScheduler  tasks.o
    0x080117dc   0x00000010   Code   RO          321    i.vTaskSuspendAll   tasks.o
    0x080117ec   0x0000005c   Code   RO          322    i.vTaskSwitchContext  tasks.o
    0x08011848   0x000000e0   Code   RO         1052    i.xPortStartScheduler  port.o
    0x08011928   0x0000002c   Code   RO         1053    i.xPortSysTickHandler  port.o
    0x08011954   0x00000024   Code   RO         1132    i.xQueueCreateMutex  queue.o
    0x08011978   0x00000048   Code   RO         1133    i.xQueueGenericCreate  queue.o
    0x080119c0   0x0000016c   Code   RO         1134    i.xQueueGenericReceive  queue.o
    0x08011b2c   0x00000088   Code   RO         1135    i.xQueueGenericReset  queue.o
    0x08011bb4   0x00000160   Code   RO         1136    i.xQueueGenericSend  queue.o
    0x08011d14   0x000000bc   Code   RO         1137    i.xQueueGenericSendFromISR  queue.o
    0x08011dd0   0x0000009c   Code   RO         1138    i.xQueueGiveFromISR  queue.o
    0x08011e6c   0x0000009a   Code   RO         1142    i.xQueueReceiveFromISR  queue.o
    0x08011f06   0x00000002   PAD
    0x08011f08   0x0000006c   Code   RO          323    i.xTaskCheckForTimeOut  tasks.o
    0x08011f74   0x00000056   Code   RO          324    i.xTaskCreate       tasks.o
    0x08011fca   0x00000002   PAD
    0x08011fcc   0x0000001c   Code   RO          328    i.xTaskGetSchedulerState  tasks.o
    0x08011fe8   0x0000000c   Code   RO          329    i.xTaskGetTickCount  tasks.o
    0x08011ff4   0x00000010   Code   RO          330    i.xTaskGetTickCountFromISR  tasks.o
    0x08012004   0x000000c8   Code   RO          331    i.xTaskIncrementTick  tasks.o
    0x080120cc   0x00000098   Code   RO          334    i.xTaskPriorityDisinherit  tasks.o
    0x08012164   0x00000074   Code   RO          335    i.xTaskRemoveFromEventList  tasks.o
    0x080121d8   0x000000c4   Code   RO          337    i.xTaskResumeAll    tasks.o
    0x0801229c   0x00000018   Code   RO         9677    i.xor_checkSum      xor.o
    0x080122b4   0x00000010   Data   RO            6    .constdata          system_stm32f4xx.o
    0x080122c4   0x00000008   Data   RO            7    .constdata          system_stm32f4xx.o
    0x080122cc   0x00000008   Data   RO         1371    .constdata          stm32f4xx_hal_dma.o
    0x080122d4   0x00000064   Data   RO         4053    .constdata          freertos.o
    0x08012338   0x00000014   Data   RO         4208    .constdata          ethernetif.o
    0x0801234c   0x00000014   Data   RO         4328    .constdata          lwip.o
    0x08012360   0x0000000c   Data   RO         5745    .constdata          sys_arch.o
    0x0801236c   0x00000004   Data   RO         5895    .constdata          ip4_addr.o
    0x08012370   0x00000004   Data   RO         5896    .constdata          ip4_addr.o
    0x08012374   0x00000054   Data   RO         6193    .constdata          tcp.o
    0x080123c8   0x00000030   Data   RO         6633    .constdata          timeouts.o
    0x080123f8   0x0000000c   Data   RO         7265    .constdata          memp.o
    0x08012404   0x0000000c   Data   RO         7266    .constdata          memp.o
    0x08012410   0x0000000c   Data   RO         7267    .constdata          memp.o
    0x0801241c   0x0000000c   Data   RO         7268    .constdata          memp.o
    0x08012428   0x0000000c   Data   RO         7269    .constdata          memp.o
    0x08012434   0x0000000c   Data   RO         7270    .constdata          memp.o
    0x08012440   0x0000000c   Data   RO         7271    .constdata          memp.o
    0x0801244c   0x0000000c   Data   RO         7272    .constdata          memp.o
    0x08012458   0x0000000c   Data   RO         7273    .constdata          memp.o
    0x08012464   0x0000000c   Data   RO         7274    .constdata          memp.o
    0x08012470   0x0000000c   Data   RO         7275    .constdata          memp.o
    0x0801247c   0x0000000c   Data   RO         7276    .constdata          memp.o
    0x08012488   0x0000000c   Data   RO         7277    .constdata          memp.o
    0x08012494   0x0000000c   Data   RO         7278    .constdata          memp.o
    0x080124a0   0x00000038   Data   RO         7279    .constdata          memp.o
    0x080124d8   0x00000006   Data   RO         7690    .constdata          ethernet.o
    0x080124de   0x00000006   Data   RO         7691    .constdata          ethernet.o
    0x080124e4   0x00000002   Data   RO         9773    .constdata          btnfltr_cfg.o
    0x080124e6   0x00000030   Data   RO        10415    .constdata          pwunlock_cfg.o
    0x08012516   0x0000000c   Data   RO        10594    .constdata          mc_w.l(mktime.o)
    0x08012522   0x00000002   PAD
    0x08012524   0x00000056   Data   RO        10597    .constdata          mc_w.l(strftime.o)
    0x0801257a   0x0000000c   Data   RO        10962    .constdata          mc_w.l(localtime_i.o)
    0x08012586   0x00000081   Data   RO        11001    .constdata          mc_w.l(ctype_o.o)
    0x08012607   0x00000001   PAD
    0x08012608   0x00000004   Data   RO        11002    .constdata          mc_w.l(ctype_o.o)
    0x0801260c   0x00000035   Data   RO         4054    .conststring        freertos.o
    0x08012641   0x00000003   PAD
    0x08012644   0x00000006   Data   RO         4209    .conststring        ethernetif.o
    0x0801264a   0x00000002   PAD
    0x0801264c   0x00000008   Data   RO         4329    .conststring        lwip.o
    0x08012654   0x00000075   Data   RO         6194    .conststring        tcp.o
    0x080126c9   0x00000003   PAD
    0x080126cc   0x00000045   Data   RO         8743    .conststring        netconnif.o
    0x08012711   0x00000003   PAD
    0x08012714   0x00000048   Data   RO         9622    .conststring        memif_cfg.o
    0x0801275c   0x00000040   Data   RO        11039    Region$$Table       anon$$obj.o


    Execution Region RW_IRAM2 (Base: 0x10000000, Size: 0x00004268, Max: 0x00010000, ABSOLUTE, COMPRESSED[0x00000074])

    Base Addr    Size         Type   Attr      Idx    E Section Name        Object

    0x10000000   0x0000003c   Data   RW          340    .data               tasks.o
    0x1000003c   0x00000004   Data   RW         2174    .data               stm32f4xx_hal.o
    0x10000040   0x0000000e   Data   RW         4210    .data               ethernetif.o
    0x1000004e   0x00000002   PAD
    0x10000050   0x00000018   Data   RW         4330    .data               lwip.o
    0x10000068   0x00000001   Data   RW         4425    .data               usart.o
    0x10000069   0x00000001   Data   RW         4427    .data               usart.o
    0x1000006a   0x00000001   Data   RW         4429    .data               usart.o
    0x1000006b   0x00000001   PAD
    0x1000006c   0x00000020   Data   RW         6195    .data               tcp.o
    0x1000008c   0x00000001   Data   RW         6439    .data               pbuf.o
    0x1000008d   0x00000003   PAD
    0x10000090   0x0000000c   Data   RW         6634    .data               timeouts.o
    0x1000009c   0x00000008   Data   RW         6730    .data               ip4_frag.o
    0x100000a4   0x00000002   Data   RW         6797    .data               ip4.o
    0x100000a6   0x00000002   PAD
    0x100000a8   0x00000010   Data   RW         6876    .data               tcpip.o
    0x100000b8   0x00000010   Data   RW         7116    .data               mem.o
    0x100000c8   0x00000004   Data   RW         7280    .data               memp.o
    0x100000cc   0x00000004   Data   RW         7282    .data               memp.o
    0x100000d0   0x00000004   Data   RW         7284    .data               memp.o
    0x100000d4   0x00000004   Data   RW         7286    .data               memp.o
    0x100000d8   0x00000004   Data   RW         7288    .data               memp.o
    0x100000dc   0x00000004   Data   RW         7290    .data               memp.o
    0x100000e0   0x00000004   Data   RW         7292    .data               memp.o
    0x100000e4   0x00000024   Data   RW         7886    .data               tcp_in.o
    0x10000108   0x00000008   Data   RW         8430    .data               udp.o
    0x10000110   0x00000028   Data   RW         8530    .data               dnsanalysis.o
    0x10000138   0x0000000f   Data   RW         8531    .data               dnsanalysis.o
    0x10000147   0x00000011   Data   RW         8532    .data               dnsanalysis.o
    0x10000158   0x00000010   Data   RW         8533    .data               dnsanalysis.o
    0x10000168   0x00000010   Data   RW         8537    .data               dnsanalysis.o
    0x10000178   0x00000014   Data   RW         9004    .data               cjson.o
    0x1000018c   0x0000000c   Data   RW         9528    .data               memif.o
    0x10000198   0x00000019   Data   RW         9871    .data               sm3auth.o
    0x100001b1   0x00000001   PAD
    0x100001b2   0x00000004   Data   RW        10169    .data               doorlockctrl.o
    0x100001b6   0x00000002   PAD
    0x100001b8   0x0000001e   Data   RW        10208    .data               bleunlock.o
    0x100001d6   0x00000006   Data   RW        10367    .data               pwunlock.o
    0x100001dc   0x00000004   Data   RW        10951    .data               mc_w.l(stdout.o)
    0x100001e0   0x00000004   Data   RW        10965    .data               mc_w.l(mvars.o)
    0x100001e4   0x00000040   Zero   RW         8619    .bss                ntpclient.o
    0x10000224   0x00000014   Zero   RW         8817    .bss                netconnif_cfg.o
    0x10000238   0x0000002c   Zero   RW        10959    .bss                mc_w.l(localtime_w.o)
    0x10000264   0x00000004   PAD
    0x10000268   0x00002000   Zero   RW         1259    HEAP                startup_stm32f407xx.o
    0x10002268   0x00002000   Zero   RW         1258    STACK               startup_stm32f407xx.o


    Execution Region RW_IRAM1 (Base: 0x20000000, Size: 0x00014268, Max: 0x00020000, ABSOLUTE, COMPRESSED[0x000000c0])

    Base Addr    Size         Type   Attr      Idx    E Section Name        Object

    0x20000000   0x00000004   Data   RW            8    .data               system_stm32f4xx.o
    0x20000004   0x00000018   Data   RW          991    .data               heap_4.o
    0x2000001c   0x0000000c   Data   RW         1054    .data               port.o
    0x20000028   0x00000014   Data   RW         4055    .data               freertos.o
    0x2000003c   0x00000001   Data   RW         4426    .data               usart.o
    0x2000003d   0x00000001   Data   RW         4428    .data               usart.o
    0x2000003e   0x00000001   Data   RW         4970    .data               etharp.o
    0x2000003f   0x00000001   PAD
    0x20000040   0x00000004   Data   RW         5747    .data               sys_arch.o
    0x20000044   0x0000000c   Data   RW         6007    .data               netif.o
    0x20000050   0x00000004   Data   RW         7281    .data               memp.o
    0x20000054   0x00000004   Data   RW         7283    .data               memp.o
    0x20000058   0x00000004   Data   RW         7285    .data               memp.o
    0x2000005c   0x00000004   Data   RW         7287    .data               memp.o
    0x20000060   0x00000004   Data   RW         7289    .data               memp.o
    0x20000064   0x00000004   Data   RW         7291    .data               memp.o
    0x20000068   0x00000004   Data   RW         7293    .data               memp.o
    0x2000006c   0x0000000c   Data   RW         8038    .data               dns.o
    0x20000078   0x00000010   Data   RW         8153    .data               dhcp.o
    0x20000088   0x00000011   Data   RW         8534    .data               dnsanalysis.o
    0x20000099   0x00000010   Data   RW         8535    .data               dnsanalysis.o
    0x200000a9   0x0000000f   Data   RW         8536    .data               dnsanalysis.o
    0x200000b8   0x00000012   Data   RW         8538    .data               dnsanalysis.o
    0x200000ca   0x00000012   Data   RW         8539    .data               dnsanalysis.o
    0x200000dc   0x0000001a   Data   RW         8620    .data               ntpclient.o
    0x200000f6   0x00000002   PAD
    0x200000f8   0x00000008   Data   RW         8691    .data               dhcpclient.o
    0x20000100   0x00000014   Data   RW         8850    .data               tcp_client_lngconnect.o
    0x20000114   0x00000030   Data   RW         9623    .data               memif_cfg.o
    0x20000144   0x00000002   Data   RW         9713    .data               btnfltr.o
    0x20000146   0x00000020   Data   RW         9811    .data               sm3.o
    0x20000166   0x00000002   PAD
    0x20000168   0x0000002b   Data   RW         9995    .data               icunlock.o
    0x20000193   0x00000001   PAD
    0x20000194   0x00000004   Data   RW        10587    .data               mc_w.l(rand.o)
    0x20000198   0x00000004   Data   RW        10964    .data               mc_w.l(mvars.o)
    0x2000019c   0x00000004   Data   RW        10969    .data               mc_w.l(errno.o)
    0x200001a0   0x000000f0   Zero   RW          339    .bss                tasks.o
    0x20000290   0x00006310   Zero   RW          990    .bss                heap_4.o
    0x200065a0   0x00000020   Zero   RW         2051    .bss                stm32f4xx_hal_flash.o
    0x200065c0   0x000030e8   Zero   RW         4207    .bss                ethernetif.o
    0x200096a8   0x0000003c   Zero   RW         4327    .bss                lwip.o
    0x200096e4   0x000002f8   Zero   RW         4423    .bss                usart.o
    0x200099dc   0x00000078   Zero   RW         4424    .bss                usart.o
    0x20009a54   0x0000000c   Zero   RW         4484    .bss                iwdg.o
    0x20009a60   0x00000054   Zero   RW         4540    .bss                i2c.o
    0x20009ab4   0x00000020   Zero   RW         4582    .bss                rtc.o
    0x20009ad4   0x000000f0   Zero   RW         4969    .bss                etharp.o
    0x20009bc4   0x00000010   Zero   RW         5894    .bss                ip4_addr.o
    0x20009bd4   0x00005513   Zero   RW         7115    .bss                mem.o
    0x2000f0e7   0x00000143   Zero   RW         7251    .bss                memp.o
    0x2000f22a   0x000002fb   Zero   RW         7252    .bss                memp.o
    0x2000f525   0x0000003b   Zero   RW         7253    .bss                memp.o
    0x2000f560   0x00000283   Zero   RW         7254    .bss                memp.o
    0x2000f7e3   0x000000a3   Zero   RW         7255    .bss                memp.o
    0x2000f886   0x0000016b   Zero   RW         7256    .bss                memp.o
    0x2000f9f1   0x00000023   Zero   RW         7257    .bss                memp.o
    0x2000fa14   0x000000b3   Zero   RW         7258    .bss                memp.o
    0x2000fac7   0x00000083   Zero   RW         7259    .bss                memp.o
    0x2000fb4a   0x00000083   Zero   RW         7260    .bss                memp.o
    0x2000fbcd   0x00000063   Zero   RW         7261    .bss                memp.o
    0x2000fc30   0x00000137   Zero   RW         7262    .bss                memp.o
    0x2000fd67   0x00000103   Zero   RW         7263    .bss                memp.o
    0x2000fe6a   0x00003b23   Zero   RW         7264    .bss                memp.o
    0x2001398d   0x00000003   PAD
    0x20013990   0x00000018   Zero   RW         7542    .bss                ip.o
    0x200139a8   0x00000010   Zero   RW         7885    .bss                tcp_in.o
    0x200139b8   0x00000480   Zero   RW         8037    .bss                dns.o
    0x20013e38   0x00000032   Zero   RW         8152    .bss                dhcp.o
    0x20013e6a   0x00000002   PAD
    0x20013e6c   0x0000003f   Zero   RW         8529    .bss                dnsanalysis.o
    0x20013eab   0x00000296   Zero   RW         8848    .bss                tcp_client_lngconnect.o
    0x20014141   0x00000001   PAD
    0x20014142   0x00000010   Zero   RW         9712    .bss                btnfltr.o
    0x20014152   0x000000e0   Zero   RW         9994    .bss                icunlock.o
    0x20014232   0x00000027   Zero   RW        10207    .bss                bleunlock.o
    0x20014259   0x0000000c   Zero   RW        10366    .bss                pwunlock.o


==============================================================================

Image component sizes


      Code (inc. data)   RO Data    RW Data    ZI Data      Debug   Object Name

         0          0          0          0          0       1376   api_lib.o
         0          0          0          0          0        744   api_msg.o
      1512        330          0         30         39       4440   bleunlock.o
       100         28          0          0          0       8833   bleunlock_cfg.o
       248         34          0          2         16       3553   btnfltr.o
        36          8          2          0          0       1379   btnfltr_cfg.o
      3904        174          0         20          0      31882   cjson.o
       802         32          0          0          0      28468   cmsis_os.o
         0          0          0          0          0       2868   croutine.o
        60          0          0          0          0       2054   def.o
      3772        126          0         16         50      27525   dhcp.o
       190         76          0          8          0       2516   dhcpclient.o
        92          4          0          0          0        810   dma.o
      1884         82          0         12       1152      15098   dns.o
       236         46          0        188         63       7491   dnsanalysis.o
       100         16          0          4          0       2040   doorlockctrl.o
      1458         56          0          1        240      12387   etharp.o
       234          6         12          0          0       2726   ethernet.o
      1418        168         26         14      12520      10937   ethernetif.o
         0          0          0          0          0      14224   event_groups.o
       552        180        153         20          0      16117   freertos.o
       348         30          0          0          0       1155   gpio.o
       456         22          0         24      25360       7451   heap_4.o
       160         42          0          0         84       1673   i2c.o
       368          4          0          0          0       3766   icmp.o
      3196       1370          0         43        224       9183   icunlock.o
       270         54          0          0          0       7923   icunlock_cfg.o
        38          0          0          0          0       9219   init.o
         0          0          0          0         24       3034   ip.o
       730         28          0          2          0       7616   ip4.o
       460         10          8          0         16      10041   ip4_addr.o
      1334         36          0          8          0      10094   ip4_frag.o
        64         24          0          0         12        739   iwdg.o
       258         32          0          0          0       2798   jsonif.o
       136          0          0          0          0       8866   list.o
       368         48          0          0          0       2721   localrtc.o
       172         10          0          0          0       1892   localrtc_cfg.o
       164         26         28         24         60       1970   lwip.o
       262         22          0          0          0      38507   main.o
       664         32          0         16      21779       5573   mem.o
       890        302          0         12          0       6564   memif.o
         8          0         72         48          0       4258   memif_cfg.o
       184         16        224         56      18598      11170   memp.o
      1832       1114         69          0          0       9427   netconnif.o
         0          0          0          0         20       1544   netconnif_cfg.o
       480         18          0         12          0      12139   netif.o
      1112        488          0         26         64       5916   ntpclient.o
      1392         32          0          1          0      18620   pbuf.o
       758         84          0         12          0      12089   port.o
       654        218          0          6         12       3290   pwunlock.o
       104         34         48          0          0       5257   pwunlock_cfg.o
      1738         14          0          0          0      16176   queue.o
       228         34          0          0         32       1611   rtc.o
       928         14          0         32          0       6781   sm3.o
       994        148          0         25          0       4750   sm3auth.o
       648         34          0          0          0       5494   smltiic.o
        36          8        392          0      16384        820   startup_stm32f407xx.o
       148         22          0          4          0       4535   stm32f4xx_hal.o
       218         14          0          0          0      31149   stm32f4xx_hal_cortex.o
      1098         22          8          0          0       7510   stm32f4xx_hal_dma.o
      2444         76          0          0          0      15159   stm32f4xx_hal_eth.o
       512         66          0          0         32       6758   stm32f4xx_hal_flash.o
       364         22          0          0          0       4078   stm32f4xx_hal_flash_ex.o
       452         44          0          0          0       3147   stm32f4xx_hal_gpio.o
       264         10          0          0          0       3019   stm32f4xx_hal_i2c.o
        94          0          0          0          0       1803   stm32f4xx_hal_iwdg.o
       104          0          0          0          0        546   stm32f4xx_hal_msp.o
      1392         80          0          0          0       5768   stm32f4xx_hal_rcc.o
       340         20          0          0          0       1416   stm32f4xx_hal_rcc_ex.o
       912         26          0          0          0       7640   stm32f4xx_hal_rtc.o
       214          0          0          0          0       2818   stm32f4xx_hal_rtc_ex.o
      2218         42          0          0          0      17073   stm32f4xx_hal_uart.o
       352         94          0          0          0      12852   stm32f4xx_it.o
       316         26         12          4          0      13368   sys_arch.o
        84         18         24          4          0     727495   system_stm32f4xx.o
      2088        182          0         60        240      24008   tasks.o
      2856        106        201         32          0      34728   tcp.o
      1616        514          0         20        662       6893   tcp_client_lngconnect.o
      4128        130          0         36         16      19767   tcp_in.o
      2648          8          0          0          0      17215   tcp_out.o
       368         46          0         16          0       6783   tcpip.o
       492         70         48         12          0       7516   timeouts.o
       952         32          0          8          0      12218   udp.o
       824        148          0          5        880       4522   usart.o
        24          0          0          0          0        711   xor.o

    ----------------------------------------------------------------------
     65664       7532       1402        880      98588    1458090   Object Totals
         0          0         64          0          0          0   (incl. Generated)
       110          0         11         17          9          0   (incl. Padding)

    ----------------------------------------------------------------------

      Code (inc. data)   RO Data    RW Data    ZI Data      Debug   Library Member Name

        40         10          0          0          0        128   strtod.o
        56          8          0          0          0         84   __0sscanf.o
        86          0          0          0          0          0   __dczerorl2.o
        28          0          0          0          0         68   _chval.o
       812          4          0          0          0        112   _scanf.o
        64          0          0          0          0         84   _sgetc.o
       158          0          0          0          0         92   _strtoul.o
        26          0          0          0          0         80   atoi.o
         8          4        133          0          0         68   ctype_o.o
         0          0          0          0          0          0   entry.o
         0          0          0          0          0          0   entry10a.o
         0          0          0          0          0          0   entry11a.o
         8          4          0          0          0          0   entry2.o
         4          0          0          0          0          0   entry5.o
         0          0          0          0          0          0   entry7b.o
         0          0          0          0          0          0   entry8b.o
         8          4          0          0          0          0   entry9a.o
         8          4          0          4          0         68   errno.o
        30          0          0          0          0          0   handlers.o
        36          8          0          0          0         68   init.o
        18          0          0          0          0         76   isspace_o.o
         0          0          0          0          0          0   iusefp.o
        30          0          0          0          0         68   llshl.o
        36          0          0          0          0         68   llsshr.o
        32          0          0          0          0         68   llushr.o
       140          6         12          0          0         76   localtime_i.o
        12          6          0          0         44         68   localtime_w.o
       360         30          0          0          0        356   mallocr.o
        26          0          0          0          0         80   memcmp.o
        36          0          0          0          0         68   memcpya.o
        36          0          0          0          0        108   memseta.o
       168         18         12          0          0         80   mktime.o
         0          0          0          8          0          0   mvars.o
      2308         96          0          0          0        604   printfa.o
        36         10          0          4          0        136   rand.o
        40          8          0          0          0         84   scanf_char.o
       838         12          0          0          0        216   scanf_fp.o
         0          0          0          4          0          0   stdout.o
        24          0          0          0          0         68   strcat.o
        20          0          0          0          0         68   strchr.o
        28          0          0          0          0         76   strcmp.o
        18          0          0          0          0         68   strcpy.o
       916        264         86          0          0        144   strftime.o
        14          0          0          0          0         68   strlen.o
        30          0          0          0          0         80   strncmp.o
        24          0          0          0          0         76   strncpy.o
       156         12          0          0          0        120   strtod.o
       112          0          0          0          0         88   strtol.o
        12          0          0          0          0         68   tolower.o
        44          0          0          0          0         80   uidiv.o
        98          0          0          0          0         92   uldiv.o
        48          0          0          0          0         68   cdcmple.o
        48          0          0          0          0         68   cdrcmple.o
        56          0          0          0          0         88   d2f.o
       334          0          0          0          0        148   dadd.o
       222          0          0          0          0        100   ddiv.o
       186          0          0          0          0        176   depilogue.o
        62          0          0          0          0         80   dfixi.o
        48          0          0          0          0         68   dfixul.o
        24          0          0          0          0         76   dfltul.o
       228          0          0          0          0         96   dmul.o
       110          0          0          0          0        168   fepilogue.o

    ----------------------------------------------------------------------
      8364        508        246         20         48       5240   Library Totals
        14          0          3          0          4          0   (incl. Padding)

    ----------------------------------------------------------------------

      Code (inc. data)   RO Data    RW Data    ZI Data      Debug   Library Name

        40         10          0          0          0        128   m_wm.l
      6944        498        243         20         44       3976   mc_w.l
      1366          0          0          0          0       1136   mf_w.l

    ----------------------------------------------------------------------
      8364        508        246         20         48       5240   Library Totals

    ----------------------------------------------------------------------

==============================================================================


      Code (inc. data)   RO Data    RW Data    ZI Data      Debug   

     74028       8040       1648        900      98636    1401654   Grand Totals
     74028       8040       1648        308      98636    1401654   ELF Image Totals (compressed)
     74028       8040       1648        308          0          0   ROM Totals

==============================================================================

    Total RO  Size (Code + RO Data)                75676 (  73.90kB)
    Total RW  Size (RW Data + ZI Data)             99536 (  97.20kB)
    Total ROM Size (Code + RO Data + RW Data)      75984 (  74.20kB)

==============================================================================

