Component: ARM Compiler 5.06 update 4 (build 422) Tool: armlink [4d35d2]

==============================================================================

Section Cross References

    system_stm32f4xx.o(i.SystemCoreClockUpdate) refers to system_stm32f4xx.o(.data) for .data
    system_stm32f4xx.o(i.SystemCoreClockUpdate) refers to system_stm32f4xx.o(.constdata) for .constdata
    event_groups.o(i.vEventGroupClearBitsCallback) refers to event_groups.o(i.xEventGroupClearBits) for xEventGroupClearBits
    event_groups.o(i.vEventGroupDelete) refers to tasks.o(i.vTaskSuspendAll) for vTaskSuspendAll
    event_groups.o(i.vEventGroupDelete) refers to tasks.o(i.xTaskRemoveFromUnorderedEventList) for xTaskRemoveFromUnorderedEventList
    event_groups.o(i.vEventGroupDelete) refers to heap_4.o(i.vPortFree) for vPortFree
    event_groups.o(i.vEventGroupDelete) refers to tasks.o(i.xTaskResumeAll) for xTaskResumeAll
    event_groups.o(i.vEventGroupSetBitsCallback) refers to event_groups.o(i.xEventGroupSetBits) for xEventGroupSetBits
    event_groups.o(i.xEventGroupClearBits) refers to port.o(i.vPortEnterCritical) for vPortEnterCritical
    event_groups.o(i.xEventGroupClearBits) refers to port.o(i.vPortExitCritical) for vPortExitCritical
    event_groups.o(i.xEventGroupCreate) refers to heap_4.o(i.pvPortMalloc) for pvPortMalloc
    event_groups.o(i.xEventGroupCreate) refers to list.o(i.vListInitialise) for vListInitialise
    event_groups.o(i.xEventGroupSetBits) refers to tasks.o(i.vTaskSuspendAll) for vTaskSuspendAll
    event_groups.o(i.xEventGroupSetBits) refers to tasks.o(i.xTaskRemoveFromUnorderedEventList) for xTaskRemoveFromUnorderedEventList
    event_groups.o(i.xEventGroupSetBits) refers to tasks.o(i.xTaskResumeAll) for xTaskResumeAll
    event_groups.o(i.xEventGroupSync) refers to tasks.o(i.xTaskGetSchedulerState) for xTaskGetSchedulerState
    event_groups.o(i.xEventGroupSync) refers to tasks.o(i.vTaskSuspendAll) for vTaskSuspendAll
    event_groups.o(i.xEventGroupSync) refers to event_groups.o(i.xEventGroupSetBits) for xEventGroupSetBits
    event_groups.o(i.xEventGroupSync) refers to tasks.o(i.vTaskPlaceOnUnorderedEventList) for vTaskPlaceOnUnorderedEventList
    event_groups.o(i.xEventGroupSync) refers to tasks.o(i.xTaskResumeAll) for xTaskResumeAll
    event_groups.o(i.xEventGroupSync) refers to tasks.o(i.uxTaskResetEventItemValue) for uxTaskResetEventItemValue
    event_groups.o(i.xEventGroupSync) refers to port.o(i.vPortEnterCritical) for vPortEnterCritical
    event_groups.o(i.xEventGroupSync) refers to port.o(i.vPortExitCritical) for vPortExitCritical
    event_groups.o(i.xEventGroupWaitBits) refers to tasks.o(i.xTaskGetSchedulerState) for xTaskGetSchedulerState
    event_groups.o(i.xEventGroupWaitBits) refers to tasks.o(i.vTaskSuspendAll) for vTaskSuspendAll
    event_groups.o(i.xEventGroupWaitBits) refers to event_groups.o(i.prvTestWaitCondition) for prvTestWaitCondition
    event_groups.o(i.xEventGroupWaitBits) refers to tasks.o(i.vTaskPlaceOnUnorderedEventList) for vTaskPlaceOnUnorderedEventList
    event_groups.o(i.xEventGroupWaitBits) refers to tasks.o(i.xTaskResumeAll) for xTaskResumeAll
    event_groups.o(i.xEventGroupWaitBits) refers to tasks.o(i.uxTaskResetEventItemValue) for uxTaskResetEventItemValue
    event_groups.o(i.xEventGroupWaitBits) refers to port.o(i.vPortEnterCritical) for vPortEnterCritical
    event_groups.o(i.xEventGroupWaitBits) refers to port.o(i.vPortExitCritical) for vPortExitCritical
    tasks.o(i.pcTaskGetName) refers to tasks.o(.data) for .data
    tasks.o(i.prvAddCurrentTaskToDelayedList) refers to list.o(i.uxListRemove) for uxListRemove
    tasks.o(i.prvAddCurrentTaskToDelayedList) refers to list.o(i.vListInsertEnd) for vListInsertEnd
    tasks.o(i.prvAddCurrentTaskToDelayedList) refers to list.o(i.vListInsert) for vListInsert
    tasks.o(i.prvAddCurrentTaskToDelayedList) refers to tasks.o(.data) for .data
    tasks.o(i.prvAddCurrentTaskToDelayedList) refers to tasks.o(.bss) for .bss
    tasks.o(i.prvAddNewTaskToReadyList) refers to port.o(i.vPortEnterCritical) for vPortEnterCritical
    tasks.o(i.prvAddNewTaskToReadyList) refers to list.o(i.vListInitialise) for vListInitialise
    tasks.o(i.prvAddNewTaskToReadyList) refers to list.o(i.vListInsertEnd) for vListInsertEnd
    tasks.o(i.prvAddNewTaskToReadyList) refers to port.o(i.vPortExitCritical) for vPortExitCritical
    tasks.o(i.prvAddNewTaskToReadyList) refers to tasks.o(.data) for .data
    tasks.o(i.prvAddNewTaskToReadyList) refers to tasks.o(.bss) for .bss
    tasks.o(i.prvCheckTasksWaitingTermination) refers to tasks.o(i.vTaskSuspendAll) for vTaskSuspendAll
    tasks.o(i.prvCheckTasksWaitingTermination) refers to tasks.o(i.xTaskResumeAll) for xTaskResumeAll
    tasks.o(i.prvCheckTasksWaitingTermination) refers to port.o(i.vPortEnterCritical) for vPortEnterCritical
    tasks.o(i.prvCheckTasksWaitingTermination) refers to list.o(i.uxListRemove) for uxListRemove
[...]
    __main_after_scatterload                 0x08000191   Thumb Code     0  entry5.o(.ARM.Collect$$$$00000004)
    _main_clock                              0x08000191   Thumb Code     0  entry7b.o(.ARM.Collect$$$$00000008)
    _main_cpp_init                           0x08000191   Thumb Code     0  entry8b.o(.ARM.Collect$$$$0000000A)
    _main_init                               0x08000191   Thumb Code     0  entry9a.o(.ARM.Collect$$$$0000000B)
    __rt_final_cpp                           0x08000199   Thumb Code     0  entry10a.o(.ARM.Collect$$$$0000000D)
    __rt_final_exit                          0x08000199   Thumb Code     0  entry11a.o(.ARM.Collect$$$$0000000F)
    SVC_Handler                              0x0800019d   Thumb Code    28  port.o(.emb_text)
    __asm___6_port_c_39a90d8d__prvStartFirstTask 0x080001bd   Thumb Code    28  port.o(.emb_text)
    __asm___6_port_c_39a90d8d__prvEnableVFP  0x080001dd   Thumb Code    16  port.o(.emb_text)
    PendSV_Handler                           0x080001f1   Thumb Code    92  port.o(.emb_text)
    vPortGetIPSR                             0x08000251   Thumb Code     6  port.o(.emb_text)
    Reset_Handler                            0x08000259   Thumb Code     8  startup_stm32f407xx.o(.text)
    ADC_IRQHandler                           0x08000273   Thumb Code     0  startup_stm32f407xx.o(.text)
    CAN1_RX0_IRQHandler                      0x08000273   Thumb Code     0  startup_stm32f407xx.o(.text)
    CAN1_RX1_IRQHandler                      0x08000273   Thumb Code     0  startup_stm32f407xx.o(.text)
    CAN1_SCE_IRQHandler                      0x08000273   Thumb Code     0  startup_stm32f407xx.o(.text)
    CAN1_TX_IRQHandler                       0x08000273   Thumb Code     0  startup_stm32f407xx.o(.text)
    CAN2_RX0_IRQHandler                      0x08000273   Thumb Code     0  startup_stm32f407xx.o(.text)
    CAN2_RX1_IRQHandler                      0x08000273   Thumb Code     0  startup_stm32f407xx.o(.text)
    CAN2_SCE_IRQHandler                      0x08000273   Thumb Code     0  startup_stm32f407xx.o(.text)
    CAN2_TX_IRQHandler                       0x08000273   Thumb Code     0  startup_stm32f407xx.o(.text)
    DCMI_IRQHandler                          0x08000273   Thumb Code     0  startup_stm32f407xx.o(.text)
    DMA1_Stream0_IRQHandler                  0x08000273   Thumb Code     0  startup_stm32f407xx.o(.text)
    DMA1_Stream1_IRQHandler                  0x08000273   Thumb Code     0  startup_stm32f407xx.o(.text)
    DMA1_Stream2_IRQHandler                  0x08000273   Thumb Code     0  startup_stm32f407xx.o(.text)
    DMA1_Stream3_IRQHandler                  0x08000273   Thumb Code     0  startup_stm32f407xx.o(.text)
    DMA1_Stream4_IRQHandler                  0x08000273   Thumb Code     0  startup_stm32f407xx.o(.text)
    DMA1_Stream5_IRQHandler                  0x08000273   Thumb Code     0  startup_stm32f407xx.o(.text)
    DMA1_Stream6_IRQHandler                  0x08000273   Thumb Code     0  startup_stm32f407xx.o(.text)
    DMA1_Stream7_IRQHandler                  0x08000273   Thumb Code     0  startup_stm32f407xx.o(.text)
    DMA2_Stream0_IRQHandler                  0x08000273   Thumb Code     0  startup_stm32f407xx.o(.text)
    DMA2_Stream1_IRQHandler                  0x08000273   Thumb Code     0  startup_stm32f407xx.o(.text)
    DMA2_Stream2_IRQHandler                  0x08000273   Thumb Code     0  startup_stm32f407xx.o(.text)
    DMA2_Stream3_IRQHandler                  0x08000273   Thumb Code     0  startup_stm32f407xx.o(.text)
    DMA2_Stream4_IRQHandler                  0x08000273   Thumb Code     0  startup_stm32f407xx.o(.text)
    DMA2_Stream5_IRQHandler                  0x08000273   Thumb Code     0  startup_stm32f407xx.o(.text)
    DMA2_Stream6_IRQHandler                  0x08000273   Thumb Code     0  startup_stm32f407xx.o(.text)
    DMA2_Stream7_IRQHandler                  0x08000273   Thumb Code     0  startup_stm32f407xx.o(.text)
    ETH_WKUP_IRQHandler                      0x08000273   Thumb Code     0  startup_stm32f407xx.o(.text)
    EXTI0_IRQHandler                         0x08000273   Thumb Code     0  startup_stm32f407xx.o(.text)
    EXTI15_10_IRQHandler                     0x08000273   Thumb Code     0  startup_stm32f407xx.o(.text)
    EXTI1_IRQHandler                         0x08000273   Thumb Code     0  startup_stm32f407xx.o(.text)
    EXTI2_IRQHandler                         0x08000273   Thumb Code     0  startup_stm32f407xx.o(.text)
    EXTI3_IRQHandler                         0x08000273   Thumb Code     0  startup_stm32f407xx.o(.text)
    EXTI4_IRQHandler                         0x08000273   Thumb Code     0  startup_stm32f407xx.o(.text)
    EXTI9_5_IRQHandler                       0x08000273   Thumb Code     0  startup_stm32f407xx.o(.text)
    FLASH_IRQHandler                         0x08000273   Thumb Code     0  startup_stm32f407xx.o(.text)
    FMC_IRQHandler                           0x08000273   Thumb Code     0  startup_stm32f407xx.o(.text)
    FPU_IRQHandler                           0x08000273   Thumb Code     0  startup_stm32f407xx.o(.text)
    HASH_RNG_IRQHandler                      0x08000273   Thumb Code     0  startup_stm32f407xx.o(.text)
    I2C1_ER_IRQHandler                       0x08000273   Thumb Code     0  startup_stm32f407xx.o(.text)
    I2C1_EV_IRQHandler                       0x08000273   Thumb Code     0  startup_stm32f407xx.o(.text)
    I2C2_ER_IRQHandler                       0x08000273   Thumb Code     0  startup_stm32f407xx.o(.text)
    I2C2_EV_IRQHandler                       0x08000273   Thumb Code     0  startup_stm32f407xx.o(.text)
    I2C3_ER_IRQHandler                       0x08000273   Thumb Code     0  startup_stm32f407xx.o(.text)
    I2C3_EV_IRQHandler                       0x08000273   Thumb Code     0  startup_stm32f407xx.o(.text)
    OTG_FS_IRQHandler                        0x08000273   Thumb Code     0  startup_stm32f407xx.o(.text)
    OTG_FS_WKUP_IRQHandler                   0x08000273   Thumb Code     0  startup_stm32f407xx.o(.text)
    OTG_HS_EP1_IN_IRQHandler                 0x08000273   Thumb Code     0  startup_stm32f407xx.o(.text)
    OTG_HS_EP1_OUT_IRQHandler                0x08000273   Thumb Code     0  startup_stm32f407xx.o(.text)
    OTG_HS_IRQHandler                        0x08000273   Thumb Code     0  startup_stm32f407xx.o(.text)
    OTG_HS_WKUP_IRQHandler                   0x08000273   Thumb Code     0  startup_stm32f407xx.o(.text)
    PVD_IRQHandler                           0x08000273   Thumb Code     0  startup_stm32f407xx.o(.text)
    RTC_Alarm_IRQHandler                     0x08000273   Thumb Code     0  startup_stm32f407xx.o(.text)
    RTC_WKUP_IRQHandler                      0x08000273   Thumb Code     0  startup_stm32f407xx.o(.text)
    SDIO_IRQHandler                          0x08000273   Thumb Code     0  startup_stm32f407xx.o(.text)
    SPI1_IRQHandler                          0x08000273   Thumb Code     0  startup_stm32f407xx.o(.text)
    SPI2_IRQHandler                          0x08000273   Thumb Code     0  startup_stm32f407xx.o(.text)
    SPI3_IRQHandler                          0x08000273   Thumb Code     0  startup_stm32f407xx.o(.text)
    TAMP_STAMP_IRQHandler                    0x08000273   Thumb Code     0  startup_stm32f407xx.o(.text)
    TIM1_BRK_TIM9_IRQHandler                 0x08000273   Thumb Code     0  startup_stm32f407xx.o(.text)
    TIM1_CC_IRQHandler                       0x08000273   Thumb Code     0  startup_stm32f407xx.o(.text)
    TIM1_TRG_COM_TIM11_IRQHandler            0x08000273   Thumb Code     0  startup_stm32f407xx.o(.text)
    TIM1_UP_TIM10_IRQHandler                 0x08000273   Thumb Code     0  startup_stm32f407xx.o(.text)
    TIM2_IRQHandler                          0x08000273   Thumb Code     0  startup_stm32f407xx.o(.text)
    TIM3_IRQHandler                          0x08000273   Thumb Code     0  startup_stm32f407xx.o(.text)
    TIM4_IRQHandler                          0x08000273   Thumb Code     0  startup_stm32f407xx.o(.text)
    TIM5_IRQHandler                          0x08000273   Thumb Code     0  startup_stm32f407xx.o(.text)
    TIM6_DAC_IRQHandler                      0x08000273   Thumb Code     0  startup_stm32f407xx.o(.text)
    TIM7_IRQHandler                          0x08000273   Thumb Code     0  startup_stm32f407xx.o(.text)
    TIM8_BRK_TIM12_IRQHandler                0x08000273   Thumb Code     0  startup_stm32f407xx.o(.text)
    TIM8_CC_IRQHandler                       0x08000273   Thumb Code     0  startup_stm32f407xx.o(.text)
    TIM8_TRG_COM_TIM14_IRQHandler            0x08000273   Thumb Code     0  startup_stm32f407xx.o(.text)
    TIM8_UP_TIM13_IRQHandler                 0x08000273   Thumb Code     0  startup_stm32f407xx.o(.text)
    UART4_IRQHandler                         0x08000273   Thumb Code     0  startup_stm32f407xx.o(.text)
    UART5_IRQHandler                         0x08000273   Thumb Code     0  startup_stm32f407xx.o(.text)
    USART2_IRQHandler                        0x08000273   Thumb Code     0  startup_stm32f407xx.o(.text)
    USART3_IRQHandler                        0x08000273   Thumb Code     0  startup_stm32f407xx.o(.text)
    USART6_IRQHandler                        0x08000273   Thumb Code     0  startup_stm32f407xx.o(.text)
    WWDG_IRQHandler                          0x08000273   Thumb Code     0  startup_stm32f407xx.o(.text)
    rand                                     0x0800027d   Thumb Code    20  rand.o(.text)
    srand                                    0x08000291   Thumb Code     6  rand.o(.text)
    __aeabi_memcpy                           0x080002a1   Thumb Code    36  memcpya.o(.text)
    __aeabi_memcpy4                          0x080002a1   Thumb Code     0  memcpya.o(.text)
    __aeabi_memcpy8                          0x080002a1   Thumb Code     0  memcpya.o(.text)
    __aeabi_memset                           0x080002c5   Thumb Code    14  memseta.o(.text)
    __aeabi_memset4                          0x080002c5   Thumb Code     0  memseta.o(.text)
    __aeabi_memset8                          0x080002c5   Thumb Code     0  memseta.o(.text)
    __aeabi_memclr                           0x080002d3   Thumb Code     4  memseta.o(.text)
    __aeabi_memclr4                          0x080002d3   Thumb Code     0  memseta.o(.text)
    __aeabi_memclr8                          0x080002d3   Thumb Code     0  memseta.o(.text)
    _memset$wrapper                          0x080002d7   Thumb Code    18  memseta.o(.text)
    memcmp                                   0x080002e9   Thumb Code    26  memcmp.o(.text)
    __scatterload                            0x08000305   Thumb Code    28  init.o(.text)
    __scatterload_rt2                        0x08000305   Thumb Code     0  init.o(.text)
    __decompress                             0x08000329   Thumb Code     0  __dczerorl.o(.text)
    __decompress0                            0x08000329   Thumb Code    58  __dczerorl.o(.text)
    BusFault_Handler                         0x08000363   Thumb Code     2  stm32f4xx_it.o(i.BusFault_Handler)
    DebugMon_Handler                         0x08000365   Thumb Code     2  stm32f4xx_it.o(i.DebugMon_Handler)
    ETH_IRQHandler                           0x080003b9   Thumb Code     6  stm32f4xx_it.o(i.ETH_IRQHandler)
    HAL_DMA_Abort_IT                         0x080004e9   Thumb Code    36  stm32f4xx_hal_dma.o(i.HAL_DMA_Abort_IT)
    HAL_Delay                                0x0800050d   Thumb Code    28  stm32f4xx_hal.o(i.HAL_Delay)
    HAL_ETH_ConfigMAC                        0x08000529   Thumb Code   300  stm32f4xx_hal_eth.o(i.HAL_ETH_ConfigMAC)
    HAL_ETH_DMARxDescListInit                0x08000659   Thumb Code   116  stm32f4xx_hal_eth.o(i.HAL_ETH_DMARxDescListInit)
    HAL_ETH_DMATxDescListInit                0x080006cd   Thumb Code   120  stm32f4xx_hal_eth.o(i.HAL_ETH_DMATxDescListInit)
    HAL_ETH_ErrorCallback                    0x08000745   Thumb Code     2  stm32f4xx_hal_eth.o(i.HAL_ETH_ErrorCallback)
    HAL_ETH_GetReceivedFrame_IT              0x08000747   Thumb Code   136  stm32f4xx_hal_eth.o(i.HAL_ETH_GetReceivedFrame_IT)
    HAL_ETH_IRQHandler                       0x080007cf   Thumb Code   122  stm32f4xx_hal_eth.o(i.HAL_ETH_IRQHandler)
    HAL_ETH_Init                             0x08000849   Thumb Code   450  stm32f4xx_hal_eth.o(i.HAL_ETH_Init)
    HAL_ETH_MspInit                          0x08000a35   Thumb Code   152  ethernetif.o(i.HAL_ETH_MspInit)
    HAL_ETH_ReadPHYRegister                  0x08000ae1   Thumb Code   132  stm32f4xx_hal_eth.o(i.HAL_ETH_ReadPHYRegister)
    HAL_ETH_RxCpltCallback                   0x08000b65   Thumb Code     8  ethernetif.o(i.HAL_ETH_RxCpltCallback)
    HAL_ETH_Start                            0x08000b71   Thumb Code   132  stm32f4xx_hal_eth.o(i.HAL_ETH_Start)
    HAL_ETH_Stop                             0x08000bf5   Thumb Code   132  stm32f4xx_hal_eth.o(i.HAL_ETH_Stop)
    HAL_ETH_TransmitFrame                    0x08000c79   Thumb Code   264  stm32f4xx_hal_eth.o(i.HAL_ETH_TransmitFrame)
    HAL_ETH_TxCpltCallback                   0x08000d81   Thumb Code     2  stm32f4xx_hal_eth.o(i.HAL_ETH_TxCpltCallback)
    HAL_ETH_WritePHYRegister                 0x08000d85   Thumb Code   120  stm32f4xx_hal_eth.o(i.HAL_ETH_WritePHYRegister)
    HAL_GPIO_Init                            0x08000dfd   Thumb Code   388  stm32f4xx_hal_gpio.o(i.HAL_GPIO_Init)
    HAL_GetTick                              0x08000fad   Thumb Code     6  stm32f4xx_hal.o(i.HAL_GetTick)
    HAL_IWDG_Init                            0x08000fb9   Thumb Code    82  stm32f4xx_hal_iwdg.o(i.HAL_IWDG_Init)
    HAL_IWDG_Refresh                         0x0800100b   Thumb Code    12  stm32f4xx_hal_iwdg.o(i.HAL_IWDG_Refresh)
    HAL_IncTick                              0x08001019   Thumb Code    10  stm32f4xx_hal.o(i.HAL_IncTick)
    HAL_Init                                 0x08001029   Thumb Code    48  stm32f4xx_hal.o(i.HAL_Init)
    HAL_InitTick                             0x0800105d   Thumb Code    34  stm32f4xx_hal.o(i.HAL_InitTick)
    HAL_MspInit                              0x08001085   Thumb Code   104  stm32f4xx_hal_msp.o(i.HAL_MspInit)
    HAL_NVIC_EnableIRQ                       0x080010ed   Thumb Code    22  stm32f4xx_hal_cortex.o(i.HAL_NVIC_EnableIRQ)
    HAL_NVIC_SetPriority                     0x08001105   Thumb Code    60  stm32f4xx_hal_cortex.o(i.HAL_NVIC_SetPriority)
    HAL_NVIC_SetPriorityGrouping             0x08001145   Thumb Code    26  stm32f4xx_hal_cortex.o(i.HAL_NVIC_SetPriorityGrouping)
    HAL_RCC_ClockConfig                      0x08001169   Thumb Code   364  stm32f4xx_hal_rcc.o(i.HAL_RCC_ClockConfig)
    HAL_RCC_GetHCLKFreq                      0x080012e5   Thumb Code     6  stm32f4xx_hal_rcc.o(i.HAL_RCC_GetHCLKFreq)
    HAL_RCC_GetPCLK1Freq                     0x080012f1   Thumb Code    34  stm32f4xx_hal_rcc.o(i.HAL_RCC_GetPCLK1Freq)
    HAL_RCC_GetPCLK2Freq                     0x08001321   Thumb Code    34  stm32f4xx_hal_rcc.o(i.HAL_RCC_GetPCLK2Freq)
    HAL_RCC_GetSysClockFreq                  0x08001351   Thumb Code   104  stm32f4xx_hal_rcc.o(i.HAL_RCC_GetSysClockFreq)
    HAL_RCC_OscConfig                        0x080013c5   Thumb Code   770  stm32f4xx_hal_rcc.o(i.HAL_RCC_OscConfig)
    HAL_SYSTICK_CLKSourceConfig              0x080016d9   Thumb Code    24  stm32f4xx_hal_cortex.o(i.HAL_SYSTICK_CLKSourceConfig)
    HAL_SYSTICK_Config                       0x080016f1   Thumb Code    40  stm32f4xx_hal_cortex.o(i.HAL_SYSTICK_Config)
    HAL_UART_ErrorCallback                   0x08001719   Thumb Code     2  stm32f4xx_hal_uart.o(i.HAL_UART_ErrorCallback)
    HAL_UART_IRQHandler                      0x0800171d   Thumb Code   266  stm32f4xx_hal_uart.o(i.HAL_UART_IRQHandler)
    HAL_UART_Init                            0x0800182d   Thumb Code    98  stm32f4xx_hal_uart.o(i.HAL_UART_Init)
    HAL_UART_MspInit                         0x08001891   Thumb Code    80  usart.o(i.HAL_UART_MspInit)
    HAL_UART_RxCpltCallback                  0x080018ed   Thumb Code     2  stm32f4xx_hal_uart.o(i.HAL_UART_RxCpltCallback)
    HAL_UART_Transmit                        0x080018ef   Thumb Code   186  stm32f4xx_hal_uart.o(i.HAL_UART_Transmit)
    HAL_UART_TxCpltCallback                  0x080019a9   Thumb Code     2  stm32f4xx_hal_uart.o(i.HAL_UART_TxCpltCallback)
    HardFault_Handler                        0x080019ab   Thumb Code     2  stm32f4xx_it.o(i.HardFault_Handler)
    MX_FREERTOS_Init                         0x080019ad   Thumb Code    74  freertos.o(i.MX_FREERTOS_Init)
    MX_GPIO_Init                             0x08001a01   Thumb Code    70  gpio.o(i.MX_GPIO_Init)
    MX_IWDG_Init                             0x08001a4d   Thumb Code    40  iwdg.o(i.MX_IWDG_Init)
    MX_LWIP_Init                             0x08001a8d   Thumb Code   138  lwip.o(i.MX_LWIP_Init)
    MX_USART1_UART_Init                      0x08001b31   Thumb Code    52  usart.o(i.MX_USART1_UART_Init)
    MemManage_Handler                        0x08001b7d   Thumb Code     2  stm32f4xx_it.o(i.MemManage_Handler)
    NMI_Handler                              0x08001b7f   Thumb Code     2  stm32f4xx_it.o(i.NMI_Handler)
    RCC_IRQHandler                           0x08001ba1   Thumb Code     2  stm32f4xx_it.o(i.RCC_IRQHandler)
    StartDefaultTask                         0x08001ba3   Thumb Code    16  freertos.o(i.StartDefaultTask)
    StartTask03                              0x08001bb5   Thumb Code    18  freertos.o(i.StartTask03)
    SysTick_Handler                          0x08001bdd   Thumb Code    14  stm32f4xx_it.o(i.SysTick_Handler)
    SystemClock_Config                       0x08001bed   Thumb Code   158  main.o(i.SystemClock_Config)
    SystemInit                               0x08001c95   Thumb Code    66  system_stm32f4xx.o(i.SystemInit)
    USART1_IRQHandler                        0x08002115   Thumb Code     6  stm32f4xx_it.o(i.USART1_IRQHandler)
    UsageFault_Handler                       0x08002121   Thumb Code     2  stm32f4xx_it.o(i.UsageFault_Handler)
    _Error_Handler                           0x08002123   Thumb Code     2  main.o(i._Error_Handler)
    __0printf$bare                           0x08002125   Thumb Code     8  printfb.o(i.__0printf$bare)
    __1printf$bare                           0x08002125   Thumb Code     0  printfb.o(i.__0printf$bare)
    __2printf                                0x08002125   Thumb Code     0  printfb.o(i.__0printf$bare)
    __scatterload_copy                       0x08002135   Thumb Code    14  handlers.o(i.__scatterload_copy)
    __scatterload_null                       0x08002143   Thumb Code     2  handlers.o(i.__scatterload_null)
    __scatterload_zeroinit                   0x08002145   Thumb Code    14  handlers.o(i.__scatterload_zeroinit)
    dhcp_arp_reply                           0x08002191   Thumb Code    30  dhcp.o(i.dhcp_arp_reply)
    dhcp_coarse_tmr                          0x080022bd   Thumb Code   168  dhcp.o(i.dhcp_coarse_tmr)
    dhcp_fine_tmr                            0x08002625   Thumb Code    46  dhcp.o(i.dhcp_fine_tmr)
    dhcp_network_changed                     0x0800270d   Thumb Code    48  dhcp.o(i.dhcp_network_changed)
    dhcp_release                             0x08002cbd   Thumb Code   160  dhcp.o(i.dhcp_release)
    dhcp_renew                               0x08002d65   Thumb Code   178  dhcp.o(i.dhcp_renew)
    dhcp_start                               0x08002f25   Thumb Code    96  dhcp.o(i.dhcp_start)
    dhcp_stop                                0x08002f85   Thumb Code    36  dhcp.o(i.dhcp_stop)
    dhcp_supplied_address                    0x08002fa9   Thumb Code    24  dhcp.o(i.dhcp_supplied_address)
    etharp_cleanup_netif                     0x08003065   Thumb Code    42  etharp.o(i.etharp_cleanup_netif)
    etharp_input                             0x08003195   Thumb Code   178  etharp.o(i.etharp_input)
    etharp_output                            0x08003249   Thumb Code   224  etharp.o(i.etharp_output)
    etharp_query                             0x08003395   Thumb Code   232  etharp.o(i.etharp_query)
    etharp_request                           0x0800350d   Thumb Code     6  etharp.o(i.etharp_request)
    etharp_tmr                               0x08003539   Thumb Code    92  etharp.o(i.etharp_tmr)
    ethernet_input                           0x08003619   Thumb Code   154  ethernet.o(i.ethernet_input)
    ethernet_output                          0x080036b9   Thumb Code    74  ethernet.o(i.ethernet_output)
    ethernetif_init                          0x08003705   Thumb Code    30  ethernetif.o(i.ethernetif_init)
    ethernetif_input                         0x0800372d   Thumb Code    48  ethernetif.o(i.ethernetif_input)
    ethernetif_notify_conn_changed           0x08003761   Thumb Code    18  ethernetif.o(i.ethernetif_notify_conn_changed)
    ethernetif_set_link                      0x08003775   Thumb Code    62  ethernetif.o(i.ethernetif_set_link)
    ethernetif_update_config                 0x080037b9   Thumb Code   170  ethernetif.o(i.ethernetif_update_config)
    fputc                                    0x08003869   Thumb Code    18  usart.o(i.fputc)
    icmp_dest_unreach                        0x08003881   Thumb Code     8  icmp.o(i.icmp_dest_unreach)
    icmp_input                               0x08003889   Thumb Code   240  icmp.o(i.icmp_input)
    icmp_time_exceeded                       0x080039e9   Thumb Code     8  icmp.o(i.icmp_time_exceeded)
    ip4_addr_isbroadcast_u32                 0x080039fd   Thumb Code    46  ip4_addr.o(i.ip4_addr_isbroadcast_u32)
    ip4_frag                                 0x08003a2d   Thumb Code   342  ip4_frag.o(i.ip4_frag)
    ip4_input                                0x08003b89   Thumb Code   430  ip4.o(i.ip4_input)
    ip4_output_if                            0x08003d41   Thumb Code    30  ip4.o(i.ip4_output_if)
    ip4_output_if_src                        0x08003d61   Thumb Code   160  ip4.o(i.ip4_output_if_src)
    ip4_reass                                0x08003e09   Thumb Code   396  ip4_frag.o(i.ip4_reass)
    ip4_route                                0x08003f99   Thumb Code    82  ip4.o(i.ip4_route)
    ip_reass_tmr                             0x080041fd   Thumb Code    40  ip4_frag.o(i.ip_reass_tmr)
    lwip_htonl                               0x080044a1   Thumb Code     4  def.o(i.lwip_htonl)
    lwip_htons                               0x080044a5   Thumb Code     4  def.o(i.lwip_htons)
    lwip_init                                0x080044a9   Thumb Code    34  init.o(i.lwip_init)
    main                                     0x080044cd   Thumb Code    46  main.o(i.main)
    mem_free                                 0x08004515   Thumb Code    74  mem.o(i.mem_free)
    mem_init                                 0x08004565   Thumb Code    50  mem.o(i.mem_init)
    mem_malloc                               0x080045a1   Thumb Code   206  mem.o(i.mem_malloc)
    mem_trim                                 0x08004675   Thumb Code   224  mem.o(i.mem_trim)
    memp_free                                0x08004759   Thumb Code    20  memp.o(i.memp_free)
    memp_init                                0x08004771   Thumb Code    26  memp.o(i.memp_init)
    memp_init_pool                           0x08004791   Thumb Code    42  memp.o(i.memp_init_pool)
    memp_malloc                              0x080047bd   Thumb Code    18  memp.o(i.memp_malloc)
    netif_add                                0x080047d5   Thumb Code    82  netif.o(i.netif_add)
    netif_init                               0x0800482d   Thumb Code     2  netif.o(i.netif_init)
    netif_set_addr                           0x08004849   Thumb Code    72  netif.o(i.netif_set_addr)
    netif_set_default                        0x08004891   Thumb Code     6  netif.o(i.netif_set_default)
    netif_set_down                           0x0800489d   Thumb Code    46  netif.o(i.netif_set_down)
    netif_set_gw                             0x080048cb   Thumb Code     8  netif.o(i.netif_set_gw)
    netif_set_ipaddr                         0x080048d5   Thumb Code    70  netif.o(i.netif_set_ipaddr)
    netif_set_link_callback                  0x08004921   Thumb Code     8  netif.o(i.netif_set_link_callback)
    netif_set_link_down                      0x08004929   Thumb Code    26  netif.o(i.netif_set_link_down)
    netif_set_link_up                        0x08004943   Thumb Code    58  netif.o(i.netif_set_link_up)
    netif_set_netmask                        0x0800497d   Thumb Code     8  netif.o(i.netif_set_netmask)
    netif_set_up                             0x08004985   Thumb Code    50  netif.o(i.netif_set_up)
    osDelay                                  0x080049b7   Thumb Code    14  cmsis_os.o(i.osDelay)
    osKernelStart                            0x080049c5   Thumb Code    10  cmsis_os.o(i.osKernelStart)
    osKernelSysTick                          0x080049cf   Thumb Code    24  cmsis_os.o(i.osKernelSysTick)
    osMessageCreate                          0x080049e7   Thumb Code     8  cmsis_os.o(i.osMessageCreate)
    osMessageGet                             0x080049f1   Thumb Code   146  cmsis_os.o(i.osMessageGet)
    osMessagePut                             0x08004a89   Thumb Code    86  cmsis_os.o(i.osMessagePut)
    osMutexCreate                            0x08004ae5   Thumb Code     6  cmsis_os.o(i.osMutexCreate)
    osMutexRelease                           0x08004aed   Thumb Code    74  cmsis_os.o(i.osMutexRelease)
    osMutexWait                              0x08004b3d   Thumb Code   100  cmsis_os.o(i.osMutexWait)
    osSemaphoreCreate                        0x08004ba5   Thumb Code    38  cmsis_os.o(i.osSemaphoreCreate)
    osSemaphoreRelease                       0x08004bcd   Thumb Code    74  cmsis_os.o(i.osSemaphoreRelease)
    osSemaphoreWait                          0x08004c1d   Thumb Code   100  cmsis_os.o(i.osSemaphoreWait)
    osSystickHandler                         0x08004c85   Thumb Code    20  cmsis_os.o(i.osSystickHandler)
    osThreadCreate                           0x08004c99   Thumb Code    46  cmsis_os.o(i.osThreadCreate)
    pbuf_alloc                               0x08004cc7   Thumb Code   286  pbuf.o(i.pbuf_alloc)
    pbuf_alloced_custom                      0x08004de5   Thumb Code    82  pbuf.o(i.pbuf_alloced_custom)
    pbuf_cat                                 0x08004e37   Thumb Code    40  pbuf.o(i.pbuf_cat)
    pbuf_chain                               0x08004e5f   Thumb Code    18  pbuf.o(i.pbuf_chain)
    pbuf_clen                                0x08004e71   Thumb Code    18  pbuf.o(i.pbuf_clen)
    pbuf_copy                                0x08004e83   Thumb Code   154  pbuf.o(i.pbuf_copy)
    pbuf_copy_partial                        0x08004f1d   Thumb Code   104  pbuf.o(i.pbuf_copy_partial)
    pbuf_free                                0x08004f85   Thumb Code    96  pbuf.o(i.pbuf_free)
    pbuf_header                              0x08005019   Thumb Code     6  pbuf.o(i.pbuf_header)
    pbuf_header_force                        0x0800501f   Thumb Code     6  pbuf.o(i.pbuf_header_force)
    pbuf_realloc                             0x080050c9   Thumb Code    84  pbuf.o(i.pbuf_realloc)
    pbuf_ref                                 0x0800511d   Thumb Code    26  pbuf.o(i.pbuf_ref)
    pvPortMalloc                             0x080055e1   Thumb Code   210  heap_4.o(i.pvPortMalloc)
    pvTaskIncrementMutexHeldCount            0x080056b9   Thumb Code    18  tasks.o(i.pvTaskIncrementMutexHeldCount)
    pxPortInitialiseStack                    0x080056d1   Thumb Code    40  port.o(i.pxPortInitialiseStack)
    sys_arch_mbox_fetch                      0x080056fd   Thumb Code    68  sys_arch.o(i.sys_arch_mbox_fetch)
    sys_arch_protect                         0x08005741   Thumb Code    18  sys_arch.o(i.sys_arch_protect)
    sys_arch_unprotect                       0x08005759   Thumb Code     8  sys_arch.o(i.sys_arch_unprotect)
    sys_init                                 0x080057bd   Thumb Code    14  sys_arch.o(i.sys_init)
    sys_mbox_new                             0x080057d5   Thumb Code    34  sys_arch.o(i.sys_mbox_new)
    sys_mbox_post                            0x080057fd   Thumb Code    26  sys_arch.o(i.sys_mbox_post)
    sys_mbox_trypost                         0x08005817   Thumb Code    20  sys_arch.o(i.sys_mbox_trypost)
    sys_mbox_valid                           0x0800582b   Thumb Code    10  sys_arch.o(i.sys_mbox_valid)
    sys_mutex_lock                           0x08005835   Thumb Code    10  sys_arch.o(i.sys_mutex_lock)
    sys_mutex_new                            0x0800583f   Thumb Code    28  sys_arch.o(i.sys_mutex_new)
    sys_mutex_unlock                         0x0800585b   Thumb Code     6  sys_arch.o(i.sys_mutex_unlock)
    sys_now                                  0x08005861   Thumb Code     4  ethernetif.o(i.sys_now)
    sys_thread_new                           0x08005865   Thumb Code    48  sys_arch.o(i.sys_thread_new)
    sys_timeout                              0x08005895   Thumb Code   140  timeouts.o(i.sys_timeout)
    sys_timeouts_init                        0x08005925   Thumb Code    38  timeouts.o(i.sys_timeouts_init)
    sys_timeouts_mbox_fetch                  0x08005959   Thumb Code    66  timeouts.o(i.sys_timeouts_mbox_fetch)
    tcp_abandon                              0x080059a1   Thumb Code   208  tcp.o(i.tcp_abandon)
    tcp_abort                                0x08005a75   Thumb Code     6  tcp.o(i.tcp_abort)
    tcp_alloc                                0x08005a7d   Thumb Code   250  tcp.o(i.tcp_alloc)
    tcp_close                                0x08005b85   Thumb Code    20  tcp.o(i.tcp_close)
    tcp_eff_send_mss_impl                    0x08005d95   Thumb Code    34  tcp.o(i.tcp_eff_send_mss_impl)
    tcp_enqueue_flags                        0x08005db7   Thumb Code   144  tcp_out.o(i.tcp_enqueue_flags)
    tcp_fasttmr                              0x08005e49   Thumb Code    84  tcp.o(i.tcp_fasttmr)
    tcp_init                                 0x08005ed1   Thumb Code     2  tcp.o(i.tcp_init)
    tcp_input                                0x08005ed5   Thumb Code   850  tcp_in.o(i.tcp_input)
    tcp_keepalive                            0x08006241   Thumb Code    82  tcp_out.o(i.tcp_keepalive)
    tcp_netif_ip_addr_changed                0x080063bd   Thumb Code    72  tcp.o(i.tcp_netif_ip_addr_changed)
    tcp_next_iss                             0x0800642d   Thumb Code    12  tcp.o(i.tcp_next_iss)
    tcp_output                               0x080064b5   Thumb Code   452  tcp_out.o(i.tcp_output)
    tcp_pcb_purge                            0x08006805   Thumb Code    66  tcp.o(i.tcp_pcb_purge)
    tcp_pcb_remove                           0x08006847   Thumb Code    80  tcp.o(i.tcp_pcb_remove)
    tcp_process_refused_data                 0x08006c09   Thumb Code   108  tcp.o(i.tcp_process_refused_data)
    tcp_recv_null                            0x08007339   Thumb Code    36  tcp.o(i.tcp_recv_null)
    tcp_recved                               0x0800735d   Thumb Code    66  tcp.o(i.tcp_recved)
    tcp_rexmit                               0x0800739f   Thumb Code    82  tcp_out.o(i.tcp_rexmit)
    tcp_rexmit_fast                          0x080073f1   Thumb Code    92  tcp_out.o(i.tcp_rexmit_fast)
    tcp_rexmit_rto                           0x0800744d   Thumb Code    46  tcp_out.o(i.tcp_rexmit_rto)
    tcp_rst                                  0x0800747b   Thumb Code   128  tcp_out.o(i.tcp_rst)
    tcp_seg_copy                             0x080074fb   Thumb Code    40  tcp.o(i.tcp_seg_copy)
    tcp_seg_free                             0x08007523   Thumb Code    28  tcp.o(i.tcp_seg_free)
    tcp_segs_free                            0x0800753f   Thumb Code    18  tcp.o(i.tcp_segs_free)
    tcp_send_empty_ack                       0x08007551   Thumb Code   114  tcp_out.o(i.tcp_send_empty_ack)
    tcp_send_fin                             0x080075c3   Thumb Code    68  tcp_out.o(i.tcp_send_fin)
    tcp_slowtmr                              0x08007609   Thumb Code   624  tcp.o(i.tcp_slowtmr)
    tcp_timer_needed                         0x08007889   Thumb Code    36  timeouts.o(i.tcp_timer_needed)
    tcp_tmr                                  0x08007925   Thumb Code    28  tcp.o(i.tcp_tmr)
    tcp_trigger_input_pcb_close              0x08007945   Thumb Code    12  tcp_in.o(i.tcp_trigger_input_pcb_close)
    tcp_update_rcv_ann_wnd                   0x08007955   Thumb Code    52  tcp.o(i.tcp_update_rcv_ann_wnd)
    tcp_zero_window_probe                    0x08007989   Thumb Code   180  tcp_out.o(i.tcp_zero_window_probe)
    tcpip_callback_with_block                0x08007a3d   Thumb Code    80  tcpip.o(i.tcpip_callback_with_block)
    tcpip_init                               0x08007a91   Thumb Code    52  tcpip.o(i.tcpip_init)
    tcpip_inpkt                              0x08007add   Thumb Code    68  tcpip.o(i.tcpip_inpkt)
    tcpip_input                              0x08007b25   Thumb Code    20  tcpip.o(i.tcpip_input)
    udp_bind                                 0x08007be5   Thumb Code   164  udp.o(i.udp_bind)
    udp_connect                              0x08007c91   Thumb Code    76  udp.o(i.udp_connect)
    udp_init                                 0x08007ce1   Thumb Code     2  udp.o(i.udp_init)
    udp_input                                0x08007ce5   Thumb Code   282  udp.o(i.udp_input)
    udp_netif_ip_addr_changed                0x08007e09   Thumb Code    48  udp.o(i.udp_netif_ip_addr_changed)
    udp_new                                  0x08007e3d   Thumb Code    26  udp.o(i.udp_new)
    udp_recv                                 0x08007e57   Thumb Code     6  udp.o(i.udp_recv)
    udp_remove                               0x08007e5d   Thumb Code    42  udp.o(i.udp_remove)
    udp_sendto_if                            0x08007e8d   Thumb Code    54  udp.o(i.udp_sendto_if)
    udp_sendto_if_src                        0x08007ec3   Thumb Code   166  udp.o(i.udp_sendto_if_src)
    uxListRemove                             0x08007f69   Thumb Code    36  list.o(i.uxListRemove)
    vListInitialise                          0x08007f8d   Thumb Code    22  list.o(i.vListInitialise)
    vListInitialiseItem                      0x08007fa3   Thumb Code     6  list.o(i.vListInitialiseItem)
    vListInsert                              0x08007fa9   Thumb Code    48  list.o(i.vListInsert)
    vListInsertEnd                           0x08007fd9   Thumb Code    24  list.o(i.vListInsertEnd)
    vPortEnterCritical                       0x08007ff1   Thumb Code    54  port.o(i.vPortEnterCritical)
    vPortExitCritical                        0x08008031   Thumb Code    34  port.o(i.vPortExitCritical)
    vPortFree                                0x08008059   Thumb Code    88  heap_4.o(i.vPortFree)
    vPortSetupTimerInterrupt                 0x080080b5   Thumb Code    26  port.o(i.vPortSetupTimerInterrupt)
    vPortValidateInterruptPriority           0x080080d5   Thumb Code    74  port.o(i.vPortValidateInterruptPriority)
    vTaskDelay                               0x08008129   Thumb Code    66  tasks.o(i.vTaskDelay)
    vTaskFeedDog                             0x08008175   Thumb Code    40  freertos.o(i.vTaskFeedDog)
    vTaskMissedYield                         0x080081dd   Thumb Code     8  tasks.o(i.vTaskMissedYield)
    vTaskPlaceOnEventList                    0x080081e9   Thumb Code    44  tasks.o(i.vTaskPlaceOnEventList)
    vTaskPriorityInherit                     0x08008219   Thumb Code   124  tasks.o(i.vTaskPriorityInherit)
    vTaskSetTimeOutState                     0x0800829d   Thumb Code    30  tasks.o(i.vTaskSetTimeOutState)
    vTaskStartScheduler                      0x080082c1   Thumb Code    86  tasks.o(i.vTaskStartScheduler)
    vTaskSuspendAll                          0x08008329   Thumb Code    10  tasks.o(i.vTaskSuspendAll)
    vTaskSwitchContext                       0x08008339   Thumb Code    82  tasks.o(i.vTaskSwitchContext)
    xPortStartScheduler                      0x08008395   Thumb Code   202  port.o(i.xPortStartScheduler)
    xPortSysTickHandler                      0x08008475   Thumb Code    38  port.o(i.xPortSysTickHandler)
    xQueueCreateMutex                        0x080084a1   Thumb Code    36  queue.o(i.xQueueCreateMutex)
    xQueueGenericCreate                      0x080084c5   Thumb Code    72  queue.o(i.xQueueGenericCreate)
    xQueueGenericReceive                     0x0800850d   Thumb Code   360  queue.o(i.xQueueGenericReceive)
    xQueueGenericReset                       0x08008679   Thumb Code   132  queue.o(i.xQueueGenericReset)
    xQueueGenericSend                        0x08008701   Thumb Code   346  queue.o(i.xQueueGenericSend)
    xQueueGenericSendFromISR                 0x08008861   Thumb Code   188  queue.o(i.xQueueGenericSendFromISR)
    xQueueGiveFromISR                        0x0800891d   Thumb Code   156  queue.o(i.xQueueGiveFromISR)
    xQueueReceiveFromISR                     0x080089b9   Thumb Code   154  queue.o(i.xQueueReceiveFromISR)
    xTaskCheckForTimeOut                     0x08008a55   Thumb Code   102  tasks.o(i.xTaskCheckForTimeOut)
    xTaskCreate                              0x08008ac1   Thumb Code    86  tasks.o(i.xTaskCreate)
    xTaskGetSchedulerState                   0x08008b19   Thumb Code    22  tasks.o(i.xTaskGetSchedulerState)
    xTaskGetTickCount                        0x08008b35   Thumb Code     6  tasks.o(i.xTaskGetTickCount)
    xTaskGetTickCountFromISR                 0x08008b41   Thumb Code    12  tasks.o(i.xTaskGetTickCountFromISR)
    xTaskIncrementTick                       0x08008b51   Thumb Code   192  tasks.o(i.xTaskIncrementTick)
    xTaskPriorityDisinherit                  0x08008c19   Thumb Code   144  tasks.o(i.xTaskPriorityDisinherit)
    xTaskRemoveFromEventList                 0x08008cb1   Thumb Code   108  tasks.o(i.xTaskRemoveFromEventList)
    xTaskResumeAll                           0x08008d25   Thumb Code   182  tasks.o(i.xTaskResumeAll)
    AHBPrescTable                            0x08008de8   Data          16  system_stm32f4xx.o(.constdata)
    APBPrescTable                            0x08008df8   Data           8  system_stm32f4xx.o(.constdata)
    os_mutex_def_lwip_sys_mutex              0x08008e64   Data           4  sys_arch.o(.constdata)
    ip_addr_any                              0x08008e70   Data           4  ip4_addr.o(.constdata)
    ip_addr_broadcast                        0x08008e74   Data           4  ip4_addr.o(.constdata)
    tcp_pcb_lists                            0x08008ebc   Data          16  tcp.o(.constdata)
    lwip_cyclic_timers                       0x08008ecc   Data          40  timeouts.o(.constdata)
    memp_UDP_PCB                             0x08008ef4   Data          12  memp.o(.constdata)
    memp_TCP_PCB                             0x08008f00   Data          12  memp.o(.constdata)
    memp_TCP_PCB_LISTEN                      0x08008f0c   Data          12  memp.o(.constdata)
    memp_TCP_SEG                             0x08008f18   Data          12  memp.o(.constdata)
    memp_REASSDATA                           0x08008f24   Data          12  memp.o(.constdata)
    memp_FRAG_PBUF                           0x08008f30   Data          12  memp.o(.constdata)
    memp_NETBUF                              0x08008f3c   Data          12  memp.o(.constdata)
    memp_NETCONN                             0x08008f48   Data          12  memp.o(.constdata)
    memp_TCPIP_MSG_API                       0x08008f54   Data          12  memp.o(.constdata)
    memp_TCPIP_MSG_INPKT                     0x08008f60   Data          12  memp.o(.constdata)
    memp_SYS_TIMEOUT                         0x08008f6c   Data          12  memp.o(.constdata)
    memp_PBUF                                0x08008f78   Data          12  memp.o(.constdata)
    memp_PBUF_POOL                           0x08008f84   Data          12  memp.o(.constdata)
    memp_pools                               0x08008f90   Data          52  memp.o(.constdata)
    ethbroadcast                             0x08008fc4   Data           6  ethernet.o(.constdata)
    ethzero                                  0x08008fca   Data           6  ethernet.o(.constdata)
    Region$$Table$$Base                      0x08009078   Number         0  anon$$obj.o(Region$$Table)
    Region$$Table$$Limit                     0x08009098   Number         0  anon$$obj.o(Region$$Table)
    SystemCoreClock                          0x20000000   Data           4  system_stm32f4xx.o(.data)
    pxCurrentTCB                             0x20000004   Data           4  tasks.o(.data)
    uwTick                                   0x20000064   Data           4  stm32f4xx_hal.o(.data)
    defaultTaskHandle                        0x20000068   Data           4  freertos.o(.data)
    FeedDogHandle                            0x2000006c   Data           4  freertos.o(.data)
    print_TaskHandle                         0x20000070   Data           4  freertos.o(.data)
    s_xSemaphore                             0x20000074   Data           4  ethernetif.o(.data)
    Netif_LinkSemaphore                      0x20000078   Data           4  lwip.o(.data)
    ipaddr                                   0x2000007c   Data           4  lwip.o(.data)
    netmask                                  0x20000080   Data           4  lwip.o(.data)
    gw                                       0x20000084   Data           4  lwip.o(.data)
    link_arg                                 0x20000088   Data           8  lwip.o(.data)
    lwip_sys_mutex                           0x20000094   Data           4  sys_arch.o(.data)
    netif_list                               0x2000009c   Data           4  netif.o(.data)
    netif_default                            0x200000a0   Data           4  netif.o(.data)
    tcp_active_pcbs_changed                  0x200000a4   Data           1  tcp.o(.data)
    tcp_ticks                                0x200000b0   Data           4  tcp.o(.data)
    tcp_bound_pcbs                           0x200000b4   Data           4  tcp.o(.data)
    tcp_listen_pcbs                          0x200000b8   Data           4  tcp.o(.data)
    tcp_active_pcbs                          0x200000bc   Data           4  tcp.o(.data)
    tcp_tw_pcbs                              0x200000c0   Data           4  tcp.o(.data)
    pbuf_free_ooseq_pending                  0x200000c4   Data           1  pbuf.o(.data)
    lock_tcpip_core                          0x200000ec   Data           4  tcpip.o(.data)
    tcp_input_pcb                            0x20000154   Data           4  tcp_in.o(.data)
    udp_pcbs                                 0x2000016c   Data           4  udp.o(.data)
    __stdout                                 0x20000174   Data           4  stdout.o(.data)
    DMARxDscrTab                             0x20006578   Data         128  ethernetif.o(.bss)
    DMATxDscrTab                             0x200065f8   Data         128  ethernetif.o(.bss)
    Rx_Buff                                  0x20006678   Data        6096  ethernetif.o(.bss)
    Tx_Buff                                  0x20007e48   Data        6096  ethernetif.o(.bss)
    heth                                     0x20009618   Data          72  ethernetif.o(.bss)
    gnetif                                   0x20009660   Data          60  lwip.o(.bss)
    huart1                                   0x2000969c   Data          64  usart.o(.bss)
    hiwdg                                    0x200096dc   Data          12  iwdg.o(.bss)
    ram_heap                                 0x200097d8   Data       20499  mem.o(.bss)
    memp_memory_UDP_PCB_base                 0x2000e7eb   Data         131  memp.o(.bss)
    memp_memory_TCP_PCB_base                 0x2000e86e   Data         763  memp.o(.bss)
    memp_memory_TCP_PCB_LISTEN_base          0x2000eb69   Data         227  memp.o(.bss)
    memp_memory_TCP_SEG_base                 0x2000ec4c   Data         259  memp.o(.bss)
    memp_memory_REASSDATA_base               0x2000ed4f   Data         163  memp.o(.bss)
    memp_memory_FRAG_PBUF_base               0x2000edf2   Data         363  memp.o(.bss)
    memp_memory_NETBUF_base                  0x2000ef5d   Data          35  memp.o(.bss)
    memp_memory_NETCONN_base                 0x2000ef80   Data         179  memp.o(.bss)
    memp_memory_TCPIP_MSG_API_base           0x2000f033   Data         131  memp.o(.bss)
    memp_memory_TCPIP_MSG_INPKT_base         0x2000f0b6   Data         131  memp.o(.bss)
    memp_memory_SYS_TIMEOUT_base             0x2000f139   Data          83  memp.o(.bss)
    memp_memory_PBUF_base                    0x2000f18c   Data         259  memp.o(.bss)
    memp_memory_PBUF_POOL_base               0x2000f28f   Data        9731  memp.o(.bss)
    ip_data                                  0x20011894   Data          24  ip.o(.bss)
    dhcp_rx_options_val                      0x200118bc   Data          40  dhcp.o(.bss)
    dhcp_rx_options_given                    0x200118e4   Data          10  dhcp.o(.bss)
    __initial_sp                             0x200180f0   Data           0  startup_stm32f407xx.o(STACK)



==============================================================================

Memory Map of the image

  Image Entry point : 0x08000189

  Load Region LR_IROM1 (Base: 0x08000000, Size: 0x00009210, Max: 0x00100000, ABSOLUTE, COMPRESSED[0x000090b0])

    Execution Region ER_IROM1 (Base: 0x08000000, Size: 0x00009098, Max: 0x00100000, ABSOLUTE)

    Base Addr    Size         Type   Attr      Idx    E Section Name        Object

    0x08000000   0x00000188   Data   RO         1248    RESET               startup_stm32f407xx.o
    0x08000188   0x00000000   Code   RO         7243  * .ARM.Collect$$$$00000000  mc_w.l(entry.o)
    0x08000188   0x00000004   Code   RO         7521    .ARM.Collect$$$$00000001  mc_w.l(entry2.o)
    0x0800018c   0x00000004   Code   RO         7524    .ARM.Collect$$$$00000004  mc_w.l(entry5.o)
    0x08000190   0x00000000   Code   RO         7526    .ARM.Collect$$$$00000008  mc_w.l(entry7b.o)
    0x08000190   0x00000000   Code   RO         7528    .ARM.Collect$$$$0000000A  mc_w.l(entry8b.o)
    0x08000190   0x00000008   Code   RO         7529    .ARM.Collect$$$$0000000B  mc_w.l(entry9a.o)
    0x08000198   0x00000000   Code   RO         7531    .ARM.Collect$$$$0000000D  mc_w.l(entry10a.o)
    0x08000198   0x00000000   Code   RO         7533    .ARM.Collect$$$$0000000F  mc_w.l(entry11a.o)
    0x08000198   0x00000004   Code   RO         7522    .ARM.Collect$$$$00002712  mc_w.l(entry2.o)
    0x0800019c   0x000000ba   Code   RO         1032    .emb_text           port.o
    0x08000256   0x00000002   PAD
    0x08000258   0x00000024   Code   RO         1249    .text               startup_stm32f407xx.o
    0x0800027c   0x00000024   Code   RO         7246    .text               mc_w.l(rand.o)
    0x080002a0   0x00000024   Code   RO         7249    .text               mc_w.l(memcpya.o)
    0x080002c4   0x00000024   Code   RO         7251    .text               mc_w.l(memseta.o)
    0x080002e8   0x0000001a   Code   RO         7255    .text               mc_w.l(memcmp.o)
    0x08000302   0x00000002   PAD
    0x08000304   0x00000024   Code   RO         7551    .text               mc_w.l(init.o)
    0x08000328   0x0000003a   Code   RO         7569    .text               mc_w.l(__dczerorl.o)
    0x08000362   0x00000002   Code   RO         2820    i.BusFault_Handler  stm32f4xx_it.o
    0x08000364   0x00000002   Code   RO         2821    i.DebugMon_Handler  stm32f4xx_it.o
    0x08000366   0x00000002   PAD
    0x08000368   0x00000020   Code   RO         2311    i.ETH_Delay         stm32f4xx_hal_eth.o
    0x08000388   0x0000002e   Code   RO         2312    i.ETH_FlushTransmitFIFO  stm32f4xx_hal_eth.o
    0x080003b6   0x00000002   PAD
    0x080003b8   0x0000000c   Code   RO         2822    i.ETH_IRQHandler    stm32f4xx_it.o
    0x080003c4   0x00000124   Code   RO         2313    i.ETH_MACDMAConfig  stm32f4xx_hal_eth.o
    0x080004e8   0x00000024   Code   RO         1348    i.HAL_DMA_Abort_IT  stm32f4xx_hal_dma.o
    0x0800050c   0x0000001c   Code   RO         2147    i.HAL_Delay         stm32f4xx_hal.o
    0x08000528   0x00000130   Code   RO         2315    i.HAL_ETH_ConfigMAC  stm32f4xx_hal_eth.o
    0x08000658   0x00000074   Code   RO         2316    i.HAL_ETH_DMARxDescListInit  stm32f4xx_hal_eth.o
    0x080006cc   0x00000078   Code   RO         2317    i.HAL_ETH_DMATxDescListInit  stm32f4xx_hal_eth.o
    0x08000744   0x00000002   Code   RO         2319    i.HAL_ETH_ErrorCallback  stm32f4xx_hal_eth.o
    0x08000746   0x00000088   Code   RO         2321    i.HAL_ETH_GetReceivedFrame_IT  stm32f4xx_hal_eth.o
    0x080007ce   0x0000007a   Code   RO         2323    i.HAL_ETH_IRQHandler  stm32f4xx_hal_eth.o
    0x08000848   0x000001ec   Code   RO         2324    i.HAL_ETH_Init      stm32f4xx_hal_eth.o
    0x08000a34   0x000000ac   Code   RO         3185    i.HAL_ETH_MspInit   ethernetif.o
    0x08000ae0   0x00000084   Code   RO         2327    i.HAL_ETH_ReadPHYRegister  stm32f4xx_hal_eth.o
    0x08000b64   0x0000000c   Code   RO         3186    i.HAL_ETH_RxCpltCallback  ethernetif.o
    0x08000b70   0x00000084   Code   RO         2329    i.HAL_ETH_Start     stm32f4xx_hal_eth.o
    0x08000bf4   0x00000084   Code   RO         2330    i.HAL_ETH_Stop      stm32f4xx_hal_eth.o
    0x08000c78   0x00000108   Code   RO         2331    i.HAL_ETH_TransmitFrame  stm32f4xx_hal_eth.o
    0x08000d80   0x00000002   Code   RO         2332    i.HAL_ETH_TxCpltCallback  stm32f4xx_hal_eth.o
    0x08000d82   0x00000002   PAD
    0x08000d84   0x00000078   Code   RO         2333    i.HAL_ETH_WritePHYRegister  stm32f4xx_hal_eth.o
    0x08000dfc   0x000001b0   Code   RO         1281    i.HAL_GPIO_Init     stm32f4xx_hal_gpio.o
    0x08000fac   0x0000000c   Code   RO         2153    i.HAL_GetTick       stm32f4xx_hal.o
    0x08000fb8   0x00000052   Code   RO         2790    i.HAL_IWDG_Init     stm32f4xx_hal_iwdg.o
    0x0800100a   0x0000000c   Code   RO         2791    i.HAL_IWDG_Refresh  stm32f4xx_hal_iwdg.o
    0x08001016   0x00000002   PAD
    0x08001018   0x00000010   Code   RO         2155    i.HAL_IncTick       stm32f4xx_hal.o
    0x08001028   0x00000034   Code   RO         2156    i.HAL_Init          stm32f4xx_hal.o
    0x0800105c   0x00000028   Code   RO         2157    i.HAL_InitTick      stm32f4xx_hal.o
    0x08001084   0x00000068   Code   RO         3160    i.HAL_MspInit       stm32f4xx_hal_msp.o
    0x080010ec   0x00000016   Code   RO         1730    i.HAL_NVIC_EnableIRQ  stm32f4xx_hal_cortex.o
    0x08001102   0x00000002   PAD
    0x08001104   0x00000040   Code   RO         1736    i.HAL_NVIC_SetPriority  stm32f4xx_hal_cortex.o
    0x08001144   0x00000024   Code   RO         1737    i.HAL_NVIC_SetPriorityGrouping  stm32f4xx_hal_cortex.o
    0x08001168   0x0000017c   Code   RO         1583    i.HAL_RCC_ClockConfig  stm32f4xx_hal_rcc.o
    0x080012e4   0x0000000c   Code   RO         1588    i.HAL_RCC_GetHCLKFreq  stm32f4xx_hal_rcc.o
    0x080012f0   0x00000030   Code   RO         1590    i.HAL_RCC_GetPCLK1Freq  stm32f4xx_hal_rcc.o
    0x08001320   0x00000030   Code   RO         1591    i.HAL_RCC_GetPCLK2Freq  stm32f4xx_hal_rcc.o
    0x08001350   0x00000074   Code   RO         1592    i.HAL_RCC_GetSysClockFreq  stm32f4xx_hal_rcc.o
    0x080013c4   0x00000314   Code   RO         1595    i.HAL_RCC_OscConfig  stm32f4xx_hal_rcc.o
    0x080016d8   0x00000018   Code   RO         1739    i.HAL_SYSTICK_CLKSourceConfig  stm32f4xx_hal_cortex.o
    0x080016f0   0x00000028   Code   RO         1741    i.HAL_SYSTICK_Config  stm32f4xx_hal_cortex.o
    0x08001718   0x00000002   Code   RO         2485    i.HAL_UART_ErrorCallback  stm32f4xx_hal_uart.o
    0x0800171a   0x00000002   PAD
    0x0800171c   0x00000110   Code   RO         2488    i.HAL_UART_IRQHandler  stm32f4xx_hal_uart.o
    0x0800182c   0x00000062   Code   RO         2489    i.HAL_UART_Init     stm32f4xx_hal_uart.o
    0x0800188e   0x00000002   PAD
    0x08001890   0x0000005c   Code   RO         3393    i.HAL_UART_MspInit  usart.o
    0x080018ec   0x00000002   Code   RO         2495    i.HAL_UART_RxCpltCallback  stm32f4xx_hal_uart.o
    0x080018ee   0x000000ba   Code   RO         2497    i.HAL_UART_Transmit  stm32f4xx_hal_uart.o
    0x080019a8   0x00000002   Code   RO         2500    i.HAL_UART_TxCpltCallback  stm32f4xx_hal_uart.o
    0x080019aa   0x00000002   Code   RO         2823    i.HardFault_Handler  stm32f4xx_it.o
    0x080019ac   0x00000054   Code   RO         3099    i.MX_FREERTOS_Init  freertos.o
    0x08001a00   0x0000004c   Code   RO         3368    i.MX_GPIO_Init      gpio.o
    0x08001a4c   0x00000040   Code   RO         3440    i.MX_IWDG_Init      iwdg.o
    0x08001a8c   0x000000a4   Code   RO         3295    i.MX_LWIP_Init      lwip.o
    0x08001b30   0x0000004c   Code   RO         3394    i.MX_USART1_UART_Init  usart.o
    0x08001b7c   0x00000002   Code   RO         2824    i.MemManage_Handler  stm32f4xx_it.o
    0x08001b7e   0x00000002   Code   RO         2825    i.NMI_Handler       stm32f4xx_it.o
    0x08001b80   0x00000020   Code   RO         1743    i.NVIC_SetPriority  stm32f4xx_hal_cortex.o
    0x08001ba0   0x00000002   Code   RO         2826    i.RCC_IRQHandler    stm32f4xx_it.o
    0x08001ba2   0x00000010   Code   RO         3100    i.StartDefaultTask  freertos.o
    0x08001bb2   0x00000002   PAD
    0x08001bb4   0x00000028   Code   RO         3101    i.StartTask03       freertos.o
    0x08001bdc   0x0000000e   Code   RO         2827    i.SysTick_Handler   stm32f4xx_it.o
    0x08001bea   0x00000002   PAD
    0x08001bec   0x000000a8   Code   RO         2917    i.SystemClock_Config  main.o
    0x08001c94   0x00000054   Code   RO            5    i.SystemInit        system_stm32f4xx.o
    0x08001ce8   0x00000010   Code   RO         2502    i.UART_DMAAbortOnError  stm32f4xx_hal_uart.o
    0x08001cf8   0x0000001c   Code   RO         2512    i.UART_EndRxTransfer  stm32f4xx_hal_uart.o
    0x08001d14   0x0000008c   Code   RO         2514    i.UART_Receive_IT   stm32f4xx_hal_uart.o
    0x08001da0   0x000002ac   Code   RO         2515    i.UART_SetConfig    stm32f4xx_hal_uart.o
    0x0800204c   0x00000062   Code   RO         2516    i.UART_Transmit_IT  stm32f4xx_hal_uart.o
    0x080020ae   0x00000064   Code   RO         2517    i.UART_WaitOnFlagUntilTimeout  stm32f4xx_hal_uart.o
    0x08002112   0x00000002   PAD
    0x08002114   0x0000000c   Code   RO         2828    i.USART1_IRQHandler  stm32f4xx_it.o
    0x08002120   0x00000002   Code   RO         2829    i.UsageFault_Handler  stm32f4xx_it.o
    0x08002122   0x00000002   Code   RO         2918    i._Error_Handler    main.o
    0x08002124   0x00000010   Code   RO         7262    i.__0printf$bare    mc_w.l(printfb.o)
    0x08002134   0x0000000e   Code   RO         7563    i.__scatterload_copy  mc_w.l(handlers.o)
    0x08002142   0x00000002   Code   RO         7564    i.__scatterload_null  mc_w.l(handlers.o)
    0x08002144   0x0000000e   Code   RO         7565    i.__scatterload_zeroinit  mc_w.l(handlers.o)
    0x08002152   0x00000022   Code   RO         7269    i._printf_core      mc_w.l(printfb.o)
    0x08002174   0x0000001c   Code   RO         5431    i.cyclic_timer      timeouts.o
    0x08002190   0x0000001e   Code   RO         6842    i.dhcp_arp_reply    dhcp.o
    0x080021ae   0x000000da   Code   RO         6843    i.dhcp_bind         dhcp.o
    0x08002288   0x00000034   Code   RO         6844    i.dhcp_check        dhcp.o
    0x080022bc   0x000000ac   Code   RO         6846    i.dhcp_coarse_tmr   dhcp.o
    0x08002368   0x00000130   Code   RO         6847    i.dhcp_create_msg   dhcp.o
    0x08002498   0x00000020   Code   RO         6848    i.dhcp_dec_pcb_refcount  dhcp.o
    0x080024b8   0x00000088   Code   RO         6849    i.dhcp_decline      dhcp.o
    0x08002540   0x00000016   Code   RO         6850    i.dhcp_delete_msg   dhcp.o
    0x08002556   0x00000002   PAD
    0x08002558   0x000000cc   Code   RO         6851    i.dhcp_discover     dhcp.o
    0x08002624   0x00000034   Code   RO         6852    i.dhcp_fine_tmr     dhcp.o
    0x08002658   0x00000064   Code   RO         6853    i.dhcp_handle_ack   dhcp.o
    0x080026bc   0x00000050   Code   RO         6854    i.dhcp_inc_pcb_refcount  dhcp.o
    0x0800270c   0x00000030   Code   RO         6856    i.dhcp_network_changed  dhcp.o
    0x0800273c   0x00000020   Code   RO         6857    i.dhcp_option       dhcp.o
    0x0800275c   0x00000010   Code   RO         6858    i.dhcp_option_byte  dhcp.o
    0x0800276c   0x00000042   Code   RO         6859    i.dhcp_option_long  dhcp.o
    0x080027ae   0x00000022   Code   RO         6860    i.dhcp_option_short  dhcp.o
    0x080027d0   0x0000002c   Code   RO         6861    i.dhcp_option_trailer  dhcp.o
    0x080027fc   0x00000208   Code   RO         6862    i.dhcp_parse_reply  dhcp.o
    0x08002a04   0x000000b8   Code   RO         6863    i.dhcp_rebind       dhcp.o
    0x08002abc   0x000000d4   Code   RO         6864    i.dhcp_reboot       dhcp.o
    0x08002b90   0x0000012c   Code   RO         6865    i.dhcp_recv         dhcp.o
    0x08002cbc   0x000000a8   Code   RO         6866    i.dhcp_release      dhcp.o
    0x08002d64   0x000000b8   Code   RO         6867    i.dhcp_renew        dhcp.o
    0x08002e1c   0x000000f8   Code   RO         6868    i.dhcp_select       dhcp.o
    0x08002f14   0x00000010   Code   RO         6869    i.dhcp_set_state    dhcp.o
    0x08002f24   0x00000060   Code   RO         6871    i.dhcp_start        dhcp.o
    0x08002f84   0x00000024   Code   RO         6872    i.dhcp_stop         dhcp.o
    0x08002fa8   0x00000018   Code   RO         6873    i.dhcp_supplied_address  dhcp.o
    0x08002fc0   0x00000066   Code   RO         6874    i.dhcp_timeout      dhcp.o
    0x08003026   0x0000001c   Code   RO         6050    i.do_memp_free_pool  memp.o
    0x08003042   0x00000022   Code   RO         6051    i.do_memp_malloc_pool  memp.o
    0x08003064   0x00000030   Code   RO         3802    i.etharp_cleanup_netif  etharp.o
    0x08003094   0x000000dc   Code   RO         3804    i.etharp_find_entry  etharp.o
    0x08003170   0x00000024   Code   RO         3805    i.etharp_free_entry  etharp.o
    0x08003194   0x000000b2   Code   RO         3807    i.etharp_input      etharp.o
    0x08003246   0x00000002   PAD
    0x08003248   0x000000ec   Code   RO         3808    i.etharp_output     etharp.o
    0x08003334   0x00000060   Code   RO         3809    i.etharp_output_to_arp_index  etharp.o
    0x08003394   0x000000f0   Code   RO         3810    i.etharp_query      etharp.o
    0x08003484   0x00000088   Code   RO         3811    i.etharp_raw        etharp.o
    0x0800350c   0x0000000c   Code   RO         3812    i.etharp_request    etharp.o
    0x08003518   0x00000020   Code   RO         3813    i.etharp_request_dst  etharp.o
    0x08003538   0x00000060   Code   RO         3814    i.etharp_tmr        etharp.o
    0x08003598   0x00000080   Code   RO         3815    i.etharp_update_arp_entry  etharp.o
    0x08003618   0x000000a0   Code   RO         6488    i.ethernet_input    ethernet.o
    0x080036b8   0x0000004a   Code   RO         6489    i.ethernet_output   ethernet.o
    0x08003702   0x00000002   PAD
    0x08003704   0x00000028   Code   RO         3187    i.ethernetif_init   ethernetif.o
    0x0800372c   0x00000034   Code   RO         3188    i.ethernetif_input  ethernetif.o
    0x08003760   0x00000012   Code   RO         3189    i.ethernetif_notify_conn_changed  ethernetif.o
    0x08003772   0x00000002   PAD
    0x08003774   0x00000044   Code   RO         3190    i.ethernetif_set_link  ethernetif.o
    0x080037b8   0x000000b0   Code   RO         3191    i.ethernetif_update_config  ethernetif.o
    0x08003868   0x00000018   Code   RO         3395    i.fputc             usart.o
    0x08003880   0x00000008   Code   RO         5991    i.icmp_dest_unreach  icmp.o
    0x08003888   0x000000f4   Code   RO         5992    i.icmp_input        icmp.o
    0x0800397c   0x0000006c   Code   RO         5993    i.icmp_send_response  icmp.o
    0x080039e8   0x00000008   Code   RO         5994    i.icmp_time_exceeded  icmp.o
    0x080039f0   0x0000000c   Code   RO          584    i.inHandlerMode     cmsis_os.o
    0x080039fc   0x0000002e   Code   RO         4695    i.ip4_addr_isbroadcast_u32  ip4_addr.o
    0x08003a2a   0x00000002   PAD
    0x08003a2c   0x0000015c   Code   RO         5528    i.ip4_frag          ip4_frag.o
    0x08003b88   0x000001b8   Code   RO         5599    i.ip4_input         ip4.o
    0x08003d40   0x0000001e   Code   RO         5601    i.ip4_output_if     ip4.o
    0x08003d5e   0x00000002   PAD
    0x08003d60   0x000000a8   Code   RO         5602    i.ip4_output_if_src  ip4.o
    0x08003e08   0x00000190   Code   RO         5529    i.ip4_reass         ip4_frag.o
    0x08003f98   0x0000005c   Code   RO         5603    i.ip4_route         ip4.o
    0x08003ff4   0x00000008   Code   RO         5530    i.ip_frag_free_pbuf_custom_ref  ip4_frag.o
    0x08003ffc   0x000000ec   Code   RO         5531    i.ip_reass_chain_frag_into_datagram_and_validate  ip4_frag.o
    0x080040e8   0x00000024   Code   RO         5532    i.ip_reass_dequeue_datagram  ip4_frag.o
    0x0800410c   0x00000070   Code   RO         5533    i.ip_reass_free_complete_datagram  ip4_frag.o
    0x0800417c   0x00000080   Code   RO         5534    i.ip_reass_remove_oldest_datagram  ip4_frag.o
    0x080041fc   0x0000002c   Code   RO         5535    i.ip_reass_tmr      ip4_frag.o
    0x08004228   0x00000016   Code   RO         5536    i.ipfrag_free_pbuf_custom  ip4_frag.o
    0x0800423e   0x00000002   PAD
    0x08004240   0x000000fc   Code   RO         3192    i.low_level_init    ethernetif.o
    0x0800433c   0x000000bc   Code   RO         3193    i.low_level_input   ethernetif.o
    0x080043f8   0x000000a8   Code   RO         3194    i.low_level_output  ethernetif.o
    0x080044a0   0x00000004   Code   RO         5773    i.lwip_htonl        def.o
    0x080044a4   0x00000004   Code   RO         5774    i.lwip_htons        def.o
    0x080044a8   0x00000022   Code   RO         4490    i.lwip_init         init.o
    0x080044ca   0x00000002   PAD
    0x080044cc   0x0000003c   Code   RO         2919    i.main              main.o
    0x08004508   0x0000000c   Code   RO          586    i.makeFreeRtosPriority  cmsis_os.o
    0x08004514   0x00000050   Code   RO         5917    i.mem_free          mem.o
    0x08004564   0x0000003c   Code   RO         5918    i.mem_init          mem.o
    0x080045a0   0x000000d4   Code   RO         5919    i.mem_malloc        mem.o
    0x08004674   0x000000e4   Code   RO         5920    i.mem_trim          mem.o
    0x08004758   0x00000018   Code   RO         6052    i.memp_free         memp.o
    0x08004770   0x00000020   Code   RO         6054    i.memp_init         memp.o
    0x08004790   0x0000002a   Code   RO         6055    i.memp_init_pool    memp.o
    0x080047ba   0x00000002   PAD
    0x080047bc   0x00000018   Code   RO         6056    i.memp_malloc       memp.o
    0x080047d4   0x00000058   Code   RO         4797    i.netif_add         netif.o
    0x0800482c   0x00000002   Code   RO         4799    i.netif_init        netif.o
    0x0800482e   0x0000001a   Code   RO         4801    i.netif_issue_reports  netif.o
    0x08004848   0x00000048   Code   RO         4803    i.netif_set_addr    netif.o
    0x08004890   0x0000000c   Code   RO         4804    i.netif_set_default  netif.o
    0x0800489c   0x0000002e   Code   RO         4805    i.netif_set_down    netif.o
    0x080048ca   0x00000008   Code   RO         4806    i.netif_set_gw      netif.o
    0x080048d2   0x00000002   PAD
    0x080048d4   0x0000004c   Code   RO         4807    i.netif_set_ipaddr  netif.o
    0x08004920   0x00000008   Code   RO         4808    i.netif_set_link_callback  netif.o
    0x08004928   0x0000001a   Code   RO         4809    i.netif_set_link_down  netif.o
    0x08004942   0x0000003a   Code   RO         4810    i.netif_set_link_up  netif.o
    0x0800497c   0x00000008   Code   RO         4811    i.netif_set_netmask  netif.o
    0x08004984   0x00000032   Code   RO         4813    i.netif_set_up      netif.o
    0x080049b6   0x0000000e   Code   RO          588    i.osDelay           cmsis_os.o
    0x080049c4   0x0000000a   Code   RO          591    i.osKernelStart     cmsis_os.o
    0x080049ce   0x00000018   Code   RO          592    i.osKernelSysTick   cmsis_os.o
    0x080049e6   0x00000008   Code   RO          600    i.osMessageCreate   cmsis_os.o
    0x080049ee   0x00000002   PAD
    0x080049f0   0x00000098   Code   RO          602    i.osMessageGet      cmsis_os.o
    0x08004a88   0x0000005c   Code   RO          604    i.osMessagePut      cmsis_os.o
    0x08004ae4   0x00000006   Code   RO          606    i.osMutexCreate     cmsis_os.o
    0x08004aea   0x00000002   PAD
    0x08004aec   0x00000050   Code   RO          608    i.osMutexRelease    cmsis_os.o
    0x08004b3c   0x00000068   Code   RO          609    i.osMutexWait       cmsis_os.o
    0x08004ba4   0x00000026   Code   RO          617    i.osSemaphoreCreate  cmsis_os.o
    0x08004bca   0x00000002   PAD
    0x08004bcc   0x00000050   Code   RO          620    i.osSemaphoreRelease  cmsis_os.o
    0x08004c1c   0x00000068   Code   RO          621    i.osSemaphoreWait   cmsis_os.o
    0x08004c84   0x00000014   Code   RO          624    i.osSystickHandler  cmsis_os.o
    0x08004c98   0x0000002e   Code   RO          625    i.osThreadCreate    cmsis_os.o
    0x08004cc6   0x0000011e   Code   RO         5219    i.pbuf_alloc        pbuf.o
    0x08004de4   0x00000052   Code   RO         5220    i.pbuf_alloced_custom  pbuf.o
    0x08004e36   0x00000028   Code   RO         5221    i.pbuf_cat          pbuf.o
    0x08004e5e   0x00000012   Code   RO         5222    i.pbuf_chain        pbuf.o
    0x08004e70   0x00000012   Code   RO         5223    i.pbuf_clen         pbuf.o
    0x08004e82   0x0000009a   Code   RO         5225    i.pbuf_copy         pbuf.o
    0x08004f1c   0x00000068   Code   RO         5226    i.pbuf_copy_partial  pbuf.o
    0x08004f84   0x00000060   Code   RO         5228    i.pbuf_free         pbuf.o
    0x08004fe4   0x00000034   Code   RO         5229    i.pbuf_free_ooseq_callback  pbuf.o
    0x08005018   0x00000006   Code   RO         5231    i.pbuf_header       pbuf.o
    0x0800501e   0x00000006   Code   RO         5232    i.pbuf_header_force  pbuf.o
    0x08005024   0x00000064   Code   RO         5233    i.pbuf_header_impl  pbuf.o
    0x08005088   0x00000040   Code   RO         5236    i.pbuf_pool_is_empty  pbuf.o
    0x080050c8   0x00000054   Code   RO         5238    i.pbuf_realloc      pbuf.o
    0x0800511c   0x0000001a   Code   RO         5239    i.pbuf_ref          pbuf.o
    0x08005136   0x00000002   PAD
    0x08005138   0x00000054   Code   RO         5921    i.plug_holes        mem.o
    0x0800518c   0x00000070   Code   RO          282    i.prvAddCurrentTaskToDelayedList  tasks.o
    0x080051fc   0x000000d0   Code   RO          283    i.prvAddNewTaskToReadyList  tasks.o
    0x080052cc   0x00000050   Code   RO          284    i.prvCheckTasksWaitingTermination  tasks.o
    0x0800531c   0x00000026   Code   RO         1110    i.prvCopyDataFromQueue  queue.o
    0x08005342   0x0000006c   Code   RO         1111    i.prvCopyDataToQueue  queue.o
    0x080053ae   0x00000014   Code   RO          285    i.prvDeleteTCB      tasks.o
    0x080053c2   0x00000002   PAD
    0x080053c4   0x00000048   Code   RO          971    i.prvHeapInit       heap_4.o
    0x0800540c   0x00000028   Code   RO          286    i.prvIdleTask       tasks.o
    0x08005434   0x0000008e   Code   RO          287    i.prvInitialiseNewTask  tasks.o
    0x080054c2   0x00000002   PAD
    0x080054c4   0x0000004c   Code   RO          972    i.prvInsertBlockIntoFreeList  heap_4.o
    0x08005510   0x0000001c   Code   RO         1112    i.prvIsQueueEmpty   queue.o
    0x0800552c   0x00000020   Code   RO          288    i.prvResetNextTaskUnblockTime  tasks.o
    0x0800554c   0x00000028   Code   RO         1033    i.prvTaskExitError  port.o
    0x08005574   0x0000006a   Code   RO         1113    i.prvUnlockQueue    queue.o
    0x080055de   0x00000002   PAD
    0x080055e0   0x000000d8   Code   RO          973    i.pvPortMalloc      heap_4.o
    0x080056b8   0x00000018   Code   RO          290    i.pvTaskIncrementMutexHeldCount  tasks.o
    0x080056d0   0x0000002c   Code   RO         1034    i.pxPortInitialiseStack  port.o
    0x080056fc   0x00000044   Code   RO         4530    i.sys_arch_mbox_fetch  sys_arch.o
    0x08005740   0x00000018   Code   RO         4532    i.sys_arch_protect  sys_arch.o
    0x08005758   0x0000000c   Code   RO         4534    i.sys_arch_unprotect  sys_arch.o
    0x08005764   0x00000058   Code   RO         5432    i.sys_check_timeouts  timeouts.o
    0x080057bc   0x00000018   Code   RO         4535    i.sys_init          sys_arch.o
    0x080057d4   0x00000028   Code   RO         4537    i.sys_mbox_new      sys_arch.o
    0x080057fc   0x0000001a   Code   RO         4538    i.sys_mbox_post     sys_arch.o
    0x08005816   0x00000014   Code   RO         4540    i.sys_mbox_trypost  sys_arch.o
    0x0800582a   0x0000000a   Code   RO         4541    i.sys_mbox_valid    sys_arch.o
    0x08005834   0x0000000a   Code   RO         4543    i.sys_mutex_lock    sys_arch.o
    0x0800583e   0x0000001c   Code   RO         4544    i.sys_mutex_new     sys_arch.o
    0x0800585a   0x00000006   Code   RO         4545    i.sys_mutex_unlock  sys_arch.o
    0x08005860   0x00000004   Code   RO         3196    i.sys_now           ethernetif.o
    0x08005864   0x00000030   Code   RO         4551    i.sys_thread_new    sys_arch.o
    0x08005894   0x00000090   Code   RO         5434    i.sys_timeout       timeouts.o
    0x08005924   0x00000034   Code   RO         5435    i.sys_timeouts_init  timeouts.o
    0x08005958   0x00000048   Code   RO         5436    i.sys_timeouts_mbox_fetch  timeouts.o
    0x080059a0   0x000000d4   Code   RO         4960    i.tcp_abandon       tcp.o
    0x08005a74   0x00000006   Code   RO         4961    i.tcp_abort         tcp.o
    0x08005a7a   0x00000002   PAD
    0x08005a7c   0x00000108   Code   RO         4964    i.tcp_alloc         tcp.o
    0x08005b84   0x00000014   Code   RO         4967    i.tcp_close         tcp.o
    0x08005b98   0x00000164   Code   RO         4968    i.tcp_close_shutdown  tcp.o
    0x08005cfc   0x00000098   Code   RO         6384    i.tcp_create_segment  tcp_out.o
    0x08005d94   0x00000022   Code   RO         4971    i.tcp_eff_send_mss_impl  tcp.o
    0x08005db6   0x00000090   Code   RO         6385    i.tcp_enqueue_flags  tcp_out.o
    0x08005e46   0x00000002   PAD
    0x08005e48   0x00000058   Code   RO         4973    i.tcp_fasttmr       tcp.o
    0x08005ea0   0x00000030   Code   RO         6676    i.tcp_getoptbyte    tcp_in.o
    0x08005ed0   0x00000002   Code   RO         4974    i.tcp_init          tcp.o
    0x08005ed2   0x00000002   PAD
    0x08005ed4   0x0000036c   Code   RO         6677    i.tcp_input         tcp_in.o
    0x08006240   0x00000052   Code   RO         6386    i.tcp_keepalive     tcp_out.o
    0x08006292   0x00000002   PAD
    0x08006294   0x0000003c   Code   RO         4975    i.tcp_kill_state    tcp.o
    0x080062d0   0x000000ec   Code   RO         6678    i.tcp_listen_input  tcp_in.o
    0x080063bc   0x0000004c   Code   RO         4977    i.tcp_netif_ip_addr_changed  tcp.o
    0x08006408   0x00000022   Code   RO         4978    i.tcp_netif_ip_addr_changed_pcblist  tcp.o
    0x0800642a   0x00000002   PAD
    0x0800642c   0x00000010   Code   RO         4982    i.tcp_next_iss      tcp.o
    0x0800643c   0x00000078   Code   RO         6679    i.tcp_oos_insert_segment  tcp_in.o
    0x080064b4   0x000001c8   Code   RO         6387    i.tcp_output        tcp_out.o
    0x0800667c   0x0000006a   Code   RO         6388    i.tcp_output_alloc_header  tcp_out.o
    0x080066e6   0x00000002   PAD
    0x080066e8   0x000000a8   Code   RO         6389    i.tcp_output_segment  tcp_out.o
    0x08006790   0x00000074   Code   RO         6680    i.tcp_parseopt      tcp_in.o
    0x08006804   0x00000042   Code   RO         4983    i.tcp_pcb_purge     tcp.o
    0x08006846   0x00000050   Code   RO         4984    i.tcp_pcb_remove    tcp.o
    0x08006896   0x00000002   PAD
    0x08006898   0x00000370   Code   RO         6681    i.tcp_process       tcp_in.o
    0x08006c08   0x0000006c   Code   RO         4986    i.tcp_process_refused_data  tcp.o
    0x08006c74   0x000006c4   Code   RO         6682    i.tcp_receive       tcp_in.o
    0x08007338   0x00000024   Code   RO         4988    i.tcp_recv_null     tcp.o
    0x0800735c   0x00000042   Code   RO         4989    i.tcp_recved        tcp.o
    0x0800739e   0x00000052   Code   RO         6391    i.tcp_rexmit        tcp_out.o
    0x080073f0   0x0000005c   Code   RO         6392    i.tcp_rexmit_fast   tcp_out.o
    0x0800744c   0x0000002e   Code   RO         6393    i.tcp_rexmit_rto    tcp_out.o
    0x0800747a   0x00000080   Code   RO         6394    i.tcp_rst           tcp_out.o
    0x080074fa   0x00000028   Code   RO         4990    i.tcp_seg_copy      tcp.o
    0x08007522   0x0000001c   Code   RO         4991    i.tcp_seg_free      tcp.o
    0x0800753e   0x00000012   Code   RO         4992    i.tcp_segs_free     tcp.o
    0x08007550   0x00000072   Code   RO         6395    i.tcp_send_empty_ack  tcp_out.o
    0x080075c2   0x00000044   Code   RO         6396    i.tcp_send_fin      tcp_out.o
    0x08007606   0x00000002   PAD
    0x08007608   0x00000280   Code   RO         4996    i.tcp_slowtmr       tcp.o
    0x08007888   0x00000034   Code   RO         5438    i.tcp_timer_needed  timeouts.o
    0x080078bc   0x00000068   Code   RO         6683    i.tcp_timewait_input  tcp_in.o
    0x08007924   0x00000020   Code   RO         4997    i.tcp_tmr           tcp.o
    0x08007944   0x00000010   Code   RO         6684    i.tcp_trigger_input_pcb_close  tcp_in.o
    0x08007954   0x00000034   Code   RO         4999    i.tcp_update_rcv_ann_wnd  tcp.o
    0x08007988   0x000000b4   Code   RO         6398    i.tcp_zero_window_probe  tcp_out.o
    0x08007a3c   0x00000054   Code   RO         5674    i.tcpip_callback_with_block  tcpip.o
    0x08007a90   0x0000004c   Code   RO         5677    i.tcpip_init        tcpip.o
    0x08007adc   0x00000048   Code   RO         5678    i.tcpip_inpkt       tcpip.o
    0x08007b24   0x0000001c   Code   RO         5679    i.tcpip_input       tcpip.o
    0x08007b40   0x00000038   Code   RO         5439    i.tcpip_tcp_timer   timeouts.o
    0x08007b78   0x0000006c   Code   RO         5681    i.tcpip_thread      tcpip.o
    0x08007be4   0x000000ac   Code   RO         7139    i.udp_bind          udp.o
    0x08007c90   0x00000050   Code   RO         7140    i.udp_connect       udp.o
    0x08007ce0   0x00000002   Code   RO         7142    i.udp_init          udp.o
    0x08007ce2   0x00000002   PAD
    0x08007ce4   0x00000124   Code   RO         7143    i.udp_input         udp.o
    0x08007e08   0x00000034   Code   RO         7144    i.udp_netif_ip_addr_changed  udp.o
    0x08007e3c   0x0000001a   Code   RO         7145    i.udp_new           udp.o
    0x08007e56   0x00000006   Code   RO         7147    i.udp_recv          udp.o
    0x08007e5c   0x00000030   Code   RO         7148    i.udp_remove        udp.o
    0x08007e8c   0x00000036   Code   RO         7151    i.udp_sendto_if     udp.o
    0x08007ec2   0x000000a6   Code   RO         7152    i.udp_sendto_if_src  udp.o
    0x08007f68   0x00000024   Code   RO          236    i.uxListRemove      list.o
    0x08007f8c   0x00000016   Code   RO          237    i.vListInitialise   list.o
    0x08007fa2   0x00000006   Code   RO          238    i.vListInitialiseItem  list.o
    0x08007fa8   0x00000030   Code   RO          239    i.vListInsert       list.o
    0x08007fd8   0x00000018   Code   RO          240    i.vListInsertEnd    list.o
    0x08007ff0   0x00000040   Code   RO         1036    i.vPortEnterCritical  port.o
    0x08008030   0x00000028   Code   RO         1037    i.vPortExitCritical  port.o
    0x08008058   0x0000005c   Code   RO          974    i.vPortFree         heap_4.o
    0x080080b4   0x00000020   Code   RO         1038    i.vPortSetupTimerInterrupt  port.o
    0x080080d4   0x00000054   Code   RO         1039    i.vPortValidateInterruptPriority  port.o
    0x08008128   0x0000004c   Code   RO          296    i.vTaskDelay        tasks.o
    0x08008174   0x00000068   Code   RO         3102    i.vTaskFeedDog      freertos.o
    0x080081dc   0x0000000c   Code   RO          299    i.vTaskMissedYield  tasks.o
    0x080081e8   0x00000030   Code   RO          301    i.vTaskPlaceOnEventList  tasks.o
    0x08008218   0x00000084   Code   RO          303    i.vTaskPriorityInherit  tasks.o
    0x0800829c   0x00000024   Code   RO          306    i.vTaskSetTimeOutState  tasks.o
    0x080082c0   0x00000068   Code   RO          307    i.vTaskStartScheduler  tasks.o
    0x08008328   0x00000010   Code   RO          309    i.vTaskSuspendAll   tasks.o
    0x08008338   0x0000005c   Code   RO          310    i.vTaskSwitchContext  tasks.o
    0x08008394   0x000000e0   Code   RO         1040    i.xPortStartScheduler  port.o
    0x08008474   0x0000002c   Code   RO         1041    i.xPortSysTickHandler  port.o
    0x080084a0   0x00000024   Code   RO         1120    i.xQueueCreateMutex  queue.o
    0x080084c4   0x00000048   Code   RO         1121    i.xQueueGenericCreate  queue.o
    0x0800850c   0x0000016c   Code   RO         1122    i.xQueueGenericReceive  queue.o
    0x08008678   0x00000088   Code   RO         1123    i.xQueueGenericReset  queue.o
    0x08008700   0x00000160   Code   RO         1124    i.xQueueGenericSend  queue.o
    0x08008860   0x000000bc   Code   RO         1125    i.xQueueGenericSendFromISR  queue.o
    0x0800891c   0x0000009c   Code   RO         1126    i.xQueueGiveFromISR  queue.o
    0x080089b8   0x0000009a   Code   RO         1130    i.xQueueReceiveFromISR  queue.o
    0x08008a52   0x00000002   PAD
    0x08008a54   0x0000006c   Code   RO          311    i.xTaskCheckForTimeOut  tasks.o
    0x08008ac0   0x00000056   Code   RO          312    i.xTaskCreate       tasks.o
    0x08008b16   0x00000002   PAD
    0x08008b18   0x0000001c   Code   RO          316    i.xTaskGetSchedulerState  tasks.o
    0x08008b34   0x0000000c   Code   RO          317    i.xTaskGetTickCount  tasks.o
    0x08008b40   0x00000010   Code   RO          318    i.xTaskGetTickCountFromISR  tasks.o
    0x08008b50   0x000000c8   Code   RO          319    i.xTaskIncrementTick  tasks.o
    0x08008c18   0x00000098   Code   RO          322    i.xTaskPriorityDisinherit  tasks.o
    0x08008cb0   0x00000074   Code   RO          323    i.xTaskRemoveFromEventList  tasks.o
    0x08008d24   0x000000c4   Code   RO          325    i.xTaskResumeAll    tasks.o
    0x08008de8   0x00000010   Data   RO            6    .constdata          system_stm32f4xx.o
    0x08008df8   0x00000008   Data   RO            7    .constdata          system_stm32f4xx.o
    0x08008e00   0x0000003c   Data   RO         3103    .constdata          freertos.o
    0x08008e3c   0x00000014   Data   RO         3198    .constdata          ethernetif.o
    0x08008e50   0x00000014   Data   RO         3301    .constdata          lwip.o
    0x08008e64   0x0000000c   Data   RO         4552    .constdata          sys_arch.o
    0x08008e70   0x00000004   Data   RO         4702    .constdata          ip4_addr.o
    0x08008e74   0x00000004   Data   RO         4703    .constdata          ip4_addr.o
    0x08008e78   0x00000054   Data   RO         5000    .constdata          tcp.o
    0x08008ecc   0x00000028   Data   RO         5440    .constdata          timeouts.o
    0x08008ef4   0x0000000c   Data   RO         6071    .constdata          memp.o
    0x08008f00   0x0000000c   Data   RO         6072    .constdata          memp.o
    0x08008f0c   0x0000000c   Data   RO         6073    .constdata          memp.o
    0x08008f18   0x0000000c   Data   RO         6074    .constdata          memp.o
    0x08008f24   0x0000000c   Data   RO         6075    .constdata          memp.o
    0x08008f30   0x0000000c   Data   RO         6076    .constdata          memp.o
    0x08008f3c   0x0000000c   Data   RO         6077    .constdata          memp.o
    0x08008f48   0x0000000c   Data   RO         6078    .constdata          memp.o
    0x08008f54   0x0000000c   Data   RO         6079    .constdata          memp.o
    0x08008f60   0x0000000c   Data   RO         6080    .constdata          memp.o
    0x08008f6c   0x0000000c   Data   RO         6081    .constdata          memp.o
    0x08008f78   0x0000000c   Data   RO         6082    .constdata          memp.o
    0x08008f84   0x0000000c   Data   RO         6083    .constdata          memp.o
    0x08008f90   0x00000034   Data   RO         6084    .constdata          memp.o
    0x08008fc4   0x00000006   Data   RO         6490    .constdata          ethernet.o
    0x08008fca   0x00000006   Data   RO         6491    .constdata          ethernet.o
    0x08008fd0   0x00000020   Data   RO         3104    .conststring        freertos.o
    0x08008ff0   0x00000006   Data   RO         3199    .conststring        ethernetif.o
    0x08008ff6   0x00000002   PAD
    0x08008ff8   0x00000008   Data   RO         3302    .conststring        lwip.o
    0x08009000   0x00000075   Data   RO         5001    .conststring        tcp.o
    0x08009075   0x00000003   PAD
    0x08009078   0x00000020   Data   RO         7561    Region$$Table       anon$$obj.o


    Execution Region RW_IRAM1 (Base: 0x20000000, Size: 0x000180f0, Max: 0x00020000, ABSOLUTE, COMPRESSED[0x00000018])

    Base Addr    Size         Type   Attr      Idx    E Section Name        Object

    0x20000000   0x00000004   Data   RW            8    .data               system_stm32f4xx.o
    0x20000004   0x0000003c   Data   RW          328    .data               tasks.o
    0x20000040   0x00000018   Data   RW          979    .data               heap_4.o
    0x20000058   0x0000000c   Data   RW         1042    .data               port.o
    0x20000064   0x00000004   Data   RW         2162    .data               stm32f4xx_hal.o
    0x20000068   0x0000000c   Data   RW         3105    .data               freertos.o
    0x20000074   0x00000004   Data   RW         3200    .data               ethernetif.o
    0x20000078   0x00000018   Data   RW         3303    .data               lwip.o
    0x20000090   0x00000001   Data   RW         3817    .data               etharp.o
    0x20000091   0x00000003   PAD
    0x20000094   0x00000004   Data   RW         4554    .data               sys_arch.o
    0x20000098   0x0000000c   Data   RW         4814    .data               netif.o
    0x200000a4   0x00000020   Data   RW         5002    .data               tcp.o
    0x200000c4   0x00000001   Data   RW         5246    .data               pbuf.o
    0x200000c5   0x00000003   PAD
    0x200000c8   0x0000000c   Data   RW         5441    .data               timeouts.o
    0x200000d4   0x00000008   Data   RW         5537    .data               ip4_frag.o
    0x200000dc   0x00000002   Data   RW         5604    .data               ip4.o
    0x200000de   0x00000002   PAD
    0x200000e0   0x00000010   Data   RW         5683    .data               tcpip.o
    0x200000f0   0x00000010   Data   RW         5923    .data               mem.o
    0x20000100   0x00000004   Data   RW         6085    .data               memp.o
    0x20000104   0x00000004   Data   RW         6086    .data               memp.o
    0x20000108   0x00000004   Data   RW         6087    .data               memp.o
    0x2000010c   0x00000004   Data   RW         6088    .data               memp.o
    0x20000110   0x00000004   Data   RW         6089    .data               memp.o
    0x20000114   0x00000004   Data   RW         6090    .data               memp.o
    0x20000118   0x00000004   Data   RW         6091    .data               memp.o
    0x2000011c   0x00000004   Data   RW         6092    .data               memp.o
    0x20000120   0x00000004   Data   RW         6093    .data               memp.o
    0x20000124   0x00000004   Data   RW         6094    .data               memp.o
    0x20000128   0x00000004   Data   RW         6095    .data               memp.o
    0x2000012c   0x00000004   Data   RW         6096    .data               memp.o
    0x20000130   0x00000004   Data   RW         6097    .data               memp.o
    0x20000134   0x00000024   Data   RW         6686    .data               tcp_in.o
    0x20000158   0x00000010   Data   RW         6876    .data               dhcp.o
    0x20000168   0x00000008   Data   RW         7153    .data               udp.o
    0x20000170   0x00000004   Data   RW         7247    .data               mc_w.l(rand.o)
    0x20000174   0x00000004   Data   RW         7535    .data               mc_w.l(stdout.o)
    0x20000178   0x000000f0   Zero   RW          327    .bss                tasks.o
    0x20000268   0x00006310   Zero   RW          978    .bss                heap_4.o
    0x20006578   0x000030e8   Zero   RW         3197    .bss                ethernetif.o
    0x20009660   0x0000003c   Zero   RW         3300    .bss                lwip.o
    0x2000969c   0x00000040   Zero   RW         3396    .bss                usart.o
    0x200096dc   0x0000000c   Zero   RW         3441    .bss                iwdg.o
    0x200096e8   0x000000f0   Zero   RW         3816    .bss                etharp.o
    0x200097d8   0x00005013   Zero   RW         5922    .bss                mem.o
    0x2000e7eb   0x00000083   Zero   RW         6058    .bss                memp.o
    0x2000e86e   0x000002fb   Zero   RW         6059    .bss                memp.o
    0x2000eb69   0x000000e3   Zero   RW         6060    .bss                memp.o
    0x2000ec4c   0x00000103   Zero   RW         6061    .bss                memp.o
    0x2000ed4f   0x000000a3   Zero   RW         6062    .bss                memp.o
    0x2000edf2   0x0000016b   Zero   RW         6063    .bss                memp.o
    0x2000ef5d   0x00000023   Zero   RW         6064    .bss                memp.o
    0x2000ef80   0x000000b3   Zero   RW         6065    .bss                memp.o
    0x2000f033   0x00000083   Zero   RW         6066    .bss                memp.o
    0x2000f0b6   0x00000083   Zero   RW         6067    .bss                memp.o
    0x2000f139   0x00000053   Zero   RW         6068    .bss                memp.o
    0x2000f18c   0x00000103   Zero   RW         6069    .bss                memp.o
    0x2000f28f   0x00002603   Zero   RW         6070    .bss                memp.o
    0x20011892   0x00000002   PAD
    0x20011894   0x00000018   Zero   RW         6342    .bss                ip.o
    0x200118ac   0x00000010   Zero   RW         6685    .bss                tcp_in.o
    0x200118bc   0x00000032   Zero   RW         6875    .bss                dhcp.o
    0x200118ee   0x00000002   PAD
    0x200118f0   0x00006800   Zero   RW         1246    STACK               startup_stm32f407xx.o


==============================================================================

Image component sizes


      Code (inc. data)   RO Data    RW Data    ZI Data      Debug   Object Name

         0          0          0          0          0       1380   api_lib.o
         0          0          0          0          0       2212   api_msg.o
       802         32          0          0          0      28228   cmsis_os.o
         0          0          0          0          0       2872   croutine.o
         8          0          0          0          0       1154   def.o
      3732        126          0         16         50      27653   dhcp.o
      1458         56          0          1        240      12471   etharp.o
       234          6         12          0          0       2750   ethernet.o
      1150         88         26          4      12520       9098   ethernetif.o
         0          0          0          0          0      14256   event_groups.o
       244         96         92         12          0       3002   freertos.o
        76          6          0          0          0        891   gpio.o
       456         22          0         24      25360       7491   heap_4.o
       368          4          0          0          0       3798   icmp.o
        34          0          0          0          0       9235   init.o
         0          0          0          0         24       3050   ip.o
       730         28          0          2          0       7664   ip4.o
        46          0          8          0          0       7110   ip4_addr.o
      1334         36          0          8          0      10178   ip4_frag.o
        64         24          0          0         12        751   iwdg.o
       136          0          0          0          0       8926   list.o
       164         26         28         24         60       5451   lwip.o
       230         24          0          0          0      27383   main.o
       664         32          0         16      20499       5613   mem.o
       184         16        208         52      12455      11088   memp.o
       480         18          0         12          0      12255   netif.o
      1136         32          0          1          0      14071   pbuf.o
       758         84          0         12          0      12165   port.o
      1738         14          0          0          0      16268   queue.o
        36          8        392          0      26624        828   startup_stm32f407xx.o
       148         22          0          4          0       4579   stm32f4xx_hal.o
       218         14          0          0          0      31189   stm32f4xx_hal_cortex.o
        36          0          0          0          0       1263   stm32f4xx_hal_dma.o
      2444         76          0          0          0      15271   stm32f4xx_hal_eth.o
       432         44          0          0          0       1812   stm32f4xx_hal_gpio.o
        94          0          0          0          0       1823   stm32f4xx_hal_iwdg.o
       104          0          0          0          0        554   stm32f4xx_hal_msp.o
      1392         80          0          0          0       5820   stm32f4xx_hal_rcc.o
      1628         14          0          0          0       9831   stm32f4xx_hal_uart.o
        52         12          0          0          0       8305   stm32f4xx_it.o
       316         26         12          4          0      13472   sys_arch.o
        84         18         24          4          0     688515   system_stm32f4xx.o
      2088        182          0         60        240      24184   tasks.o
      2334         76        201         32          0      28903   tcp.o
      4128        130          0         36         16      19867   tcp_in.o
      1818          8          0          0          0      13131   tcp_out.o
       368         46          0         16          0       6847   tcpip.o
       492         70         40         12          0       7604   timeouts.o
       898         32          0          8          0      10900   udp.o
       192         42          0          0         64       2270   usart.o

    ----------------------------------------------------------------------
     35606       1670       1080        368      98168    1165432   Object Totals
         0          0         32          0          0          0   (incl. Generated)
        78          0          5          8          4          0   (incl. Padding)

    ----------------------------------------------------------------------

      Code (inc. data)   RO Data    RW Data    ZI Data      Debug   Library Member Name

        58          0          0          0          0          0   __dczerorl.o
         0          0          0          0          0          0   entry.o
         0          0          0          0          0          0   entry10a.o
         0          0          0          0          0          0   entry11a.o
         8          4          0          0          0          0   entry2.o
         4          0          0          0          0          0   entry5.o
         0          0          0          0          0          0   entry7b.o
         0          0          0          0          0          0   entry8b.o
         8          4          0          0          0          0   entry9a.o
        30          0          0          0          0          0   handlers.o
        36          8          0          0          0         68   init.o
        26          0          0          0          0         80   memcmp.o
        36          0          0          0          0         68   memcpya.o
        36          0          0          0          0        108   memseta.o
        50          8          0          0          0        152   printfb.o
        36         10          0          4          0        136   rand.o
         0          0          0          4          0          0   stdout.o

    ----------------------------------------------------------------------
       330         34          0          8          0        612   Library Totals
         2          0          0          0          0          0   (incl. Padding)

    ----------------------------------------------------------------------

      Code (inc. data)   RO Data    RW Data    ZI Data      Debug   Library Name

       328         34          0          8          0        612   mc_w.l

    ----------------------------------------------------------------------
       330         34          0          8          0        612   Library Totals

    ----------------------------------------------------------------------

==============================================================================


      Code (inc. data)   RO Data    RW Data    ZI Data      Debug   

     35936       1704       1080        376      98168    1133072   Grand Totals
     35936       1704       1080         24      98168    1133072   ELF Image Totals (compressed)
     35936       1704       1080         24          0          0   ROM Totals

==============================================================================

    Total RO  Size (Code + RO Data)                37016 (  36.15kB)
    Total RW  Size (RW Data + ZI Data)             98544 (  96.23kB)
    Total ROM Size (Code + RO Data + RW Data)      37040 (  36.17kB)

==============================================================================

