<html>
<body>
<pre>
<h1>礦ision Build Log</h1>
<h2>Tool Versions:</h2>
IDE-Version: μVision V5.23.0.0
Copyright (C) 2017 ARM Ltd and ARM Germany GmbH. All rights reserved.
License Information: liu jian, zzw, LIC=S5ILQ-NCSNR-F04N5-G5UBG-68JHB-0FFE7
 
Tool Versions:
Toolchain:       MDK-ARM Professional  Version: 5.23
Toolchain Path:  d:\Keil_v5\ARM\ARMCC\Bin
C Compiler:      Armcc.exe V5.06 update 4 (build 422)
Assembler:       Armasm.exe V5.06 update 4 (build 422)
Linker/Locator:  ArmLink.exe V5.06 update 4 (build 422)
Library Manager: ArmAr.exe V5.06 update 4 (build 422)
Hex Converter:   FromElf.exe V5.06 update 4 (build 422)
CPU DLL:         SARMCM3.DLL V5.23
Dialog DLL:      DCM.DLL V1.15.0.0
Target DLL:      STLink\ST-LINKIII-KEIL_SWO.dll V2.0.18.0
Dialog DLL:      TCM.DLL V1.27.0.0
 
<h2>Project:</h2>
D:\work_lj\ProjectBuilder\ZR60\ZR60_v1.0_freeRTOS\Project\RVMDK（uv5）\BH-F407.uvprojx
Project File Date:  12/05/2018

<h2>Output:</h2>
*** Using Compiler 'V5.06 update 4 (build 422)', folder: 'd:\Keil_v5\ARM\ARMCC\Bin'
Build target 'ZR60'
compiling time_stamp.c...
..\..\Complex\timeStamp\time_stamp.c(58): warning:  #167-D: argument of type "unsigned long *" is incompatible with parameter of type "const time_t *"
  	tm_t = localtime(&timestamp);
..\..\Complex\timeStamp\time_stamp.c(74): warning:  #177-D: variable "buf"  was declared but never referenced
  	u8 buf = 0U;
..\..\Complex\timeStamp\time_stamp.c(214): warning:  #167-D: argument of type "u8 *" is incompatible with parameter of type "const char *"
  			 passwd =  check_passwd(atoi(key_buf),mach_type);
..\..\Complex\timeStamp\time_stamp.c(198): warning:  #550-D: variable "pass_success"  was set but never used
  	u8 pass_success = 0;
..\..\Complex\timeStamp\time_stamp.c: 4 warnings, 0 errors
compiling display.c...
compiling SM3.c...
compiling usart3.c...
compiling usart4.c...
compiling usart5.c...
compiling wdata.c...
compiling bsp_SysTick.c...
compiling AudioIO.c...
..\..\Complex\AudioIO\AudioIO.c(248): warning:  #177-D: function "AudioIO_StartPlay"  was declared but never referenced
  static void AudioIO_StartPlay(uint32_t Le_dw_addr,uint32_t Le_dw_size)
..\..\Complex\AudioIO\AudioIO.c: 1 warning, 0 errors
compiling bsp_exti.c...
compiling hym8563.c...
compiling bsp_basic_tim.c...
compiling bsp_rtc.c...
compiling tcp_client_LngConnect.c...
..\..\Lwip\App\tcp_client_LngConnect.c(410): warning:  #177-D: function "tcp_LngConnect_HexToChar"  was declared but never referenced
  static char tcp_LngConnect_HexToChar(uint8_t temp)
..\..\Lwip\App\tcp_client_LngConnect.c(428): warning:  #177-D: function "tcp_LngConnect_StrToHex"  was declared but never referenced
  static void tcp_LngConnect_StrToHex(char* Le_in, uint8_t* Le_out)
..\..\Lwip\App\tcp_client_LngConnect.c: 2 warnings, 0 errors
compiling tcp_client_ShortConnect.c...
..\..\Lwip\App\tcp_client_ShortConnect.c(147): warning:  #167-D: argument of type "char *" is incompatible with parameter of type "uint8 *"
  	if((Letcp_ShortConnect_u_Xor == MemIf_ReadEE(EepromCfg_tokenInfo,Vetcp_client_u_token,sizeof(Vetcp_client_u_token))) && \
..\..\Lwip\App\tcp_client_ShortConnect.c(505): warning:  #192-D: unrecognized character escape sequence
  			position = strchr(ShortRecev_buf, '\{');//首次出现'\{'的地址
..\..\Lwip\App\tcp_client_ShortConnect.c(604): warning:  #192-D: unrecognized character escape sequence
  				position = strchr(ShortRecev_buf, '\{');//首次出现'\{'的地址
..\..\Lwip\App\tcp_client_ShortConnect.c(684): warning:  #192-D: unrecognized character escape sequence
  				position = strchr(ShortRecev_buf, '\{');//首次出现'\{'的地址
..\..\Lwip\App\tcp_client_ShortConnect.c(791): warning:  #192-D: unrecognized character escape sequence
  					position = strchr(ShortRecev_buf, '\{');//首次出现'\{'的地址
..\..\Lwip\App\tcp_client_ShortConnect.c(889): warning:  #192-D: unrecognized character escape sequence
  				position = strchr(ShortRecev_buf, '\{');//首次出现'\{'的地址
..\..\Lwip\App\tcp_client_ShortConnect.c(420): warning:  #177-D: variable "len"  was declared but never referenced
  		size_t len;
..\..\Lwip\App\tcp_client_ShortConnect.c(1095): warning:  #192-D: unrecognized character escape sequence
  					position = strchr(TxTempBuf.data, '\{');//首次出现'\{'的地址
..\..\Lwip\App\tcp_client_ShortConnect.c(47): warning:  #177-D: variable "ShortConnect_LocalIPaddr"  was declared but never referenced
  static struct ip_addr ShortConnect_LocalIPaddr;
..\..\Lwip\App\tcp_client_ShortConnect.c(65): warning:  #177-D: variable "Setcp_client_u_TimeoutCnt"  was declared but never referenced
  static u8_t  Setcp_client_u_TimeoutCnt = 0U;//短连接超时计数
..\..\Lwip\App\tcp_client_ShortConnect.c(930): warning:  #177-D: function "tcp_ShortConnect_SendMsg"  was declared but never referenced
  static uint8_t tcp_ShortConnect_SendMsg( ssl_context *ssl, const unsigned char *buf, size_t len )
..\..\Lwip\App\tcp_client_ShortConnect.c(950): warning:  #177-D: function "tcp_ShortConnect_RcvMsg"  was declared but never referenced
  static uint8_t tcp_ShortConnect_RcvMsg( ssl_context *ssl, unsigned char *buf, size_t len )
..\..\Lwip\App\tcp_client_ShortConnect.c(982): warning:  #177-D: function "my_debug"  was declared but never referenced
  static void my_debug(void *ctx, int level, char *str)
..\..\Lwip\App\tcp_client_ShortConnect.c(992): warning:  #177-D: function "RandVal"  was declared but never referenced
  static int RandVal(void* arg)
..\..\Lwip\App\tcp_client_ShortConnect.c(1264): warning:  #177-D: function "Gettcp_client_u_XOR"  was declared but never referenced
  static uint8 Gettcp_client_u_XOR(uint8* Le_u_Dt,uint16 Le_w_Lng)
..\..\Lwip\App\tcp_client_ShortConnect.c: 15 warnings, 0 errors
compiling dnsAnalysis.c...
compiling netconf.c...
..\..\Lwip\App\netconf.c(155): warning:  #223-D: function "tcpip_init" declared implicitly
     tcpip_init( NULL, NULL );	
..\..\Lwip\App\netconf.c: 1 warning, 0 errors
compiling ethernetif.c...
compiling ntpclient.c...
compiling dhcpClient.c...
compiling http_client_iap.c...
..\..\Lwip\App\http_client_iap.c(487): warning:  #2548-D: multicharacter character literal (potential portability problem)
  						endposition = strchr(&(((char*)p->payload)[position - (char*)p->payload]), '\r\n');//首次出现'\r\n'的地址
..\..\Lwip\App\http_client_iap.c(495): warning:  #167-D: argument of type "u8_t *" is incompatible with parameter of type "const char *"
  							UpdataInfo.Lng = atoi(Le_u_CnntLngVal);/*数据长度*/
..\..\Lwip\App\http_client_iap.c(82): warning:  #177-D: function "http_client_MacRecombine"  was declared but never referenced
  static void http_client_MacRecombine(char* Le_u_mac);
..\..\Lwip\App\http_client_iap.c: 3 warnings, 0 errors
compiling NetConnIf.c...
..\..\Lwip\App\NetConnIf\NetConnIf.c(90): warning:  #68-D: integer conversion resulted in a change of sign
  		ret = 
RR_MEM;
..\..\Lwip\App\NetConnIf\NetConnIf.c: 1 warning, 0 errors
compiling STM8_FM17550_iap.c...
..\..\Lwip\App\STM8_FM17550_iap.c(267): warning:  #167-D: argument of type "volatile uint8 *" is incompatible with parameter of type "uint8 *"
  				if(Le_dw_CheckSum == crc32(0xFFFFFFFF,(
_IO uint8*)UpdataInfo.DtFirstAddr,(UpdataInfo.Lng -4)))//crc32校验通过
..\..\Lwip\App\STM8_FM17550_iap.c(601): warning:  #2548-D: multicharacter character literal (potential portability problem)
  						endposition = strchr(&(((char*)p->payload)[position - (char*)p->payload]), '\r\n');//首次出现'\r\n'的地址
..\..\Lwip\App\STM8_FM17550_iap.c(609): warning:  #167-D: argument of type "u8_t *" is incompatible with parameter of type "const char *"
  							UpdataInfo.Lng = atoi(Le_u_CnntLngVal);/*数据长度*/
..\..\Lwip\App\STM8_FM17550_iap.c(565): warning:  #177-D: variable "Le_w_temp"  was declared but never referenced
  	u16_t Le_w_temp;
..\..\Lwip\App\STM8_FM17550_iap.c(85): warning:  #177-D: function "http_client_MacRecombine"  was declared but never referenced
  static void http_client_MacRecombine(char* Le_u_mac);
..\..\Lwip\App\STM8_FM17550_iap.c(815): warning:  #177-D: function "http_rdFlash"  was declared but never referenced
  static void http_rdFlash(uint32_t FLASH_addr,uint8_t* Le_u_Dt,uint16_t Le_w_lng)
..\..\Lwip\App\STM8_FM17550_iap.c: 6 warnings, 0 errors
compiling NetConnIf_Cfg.c...
compiling BtnFltr.c...
compiling BtnFltr_Cfg.c...
compiling UartCmn.c...
compiling MemIf.c...
..\..\Ecal\MemIf\MemIf.c(23): warning:  #550-D: variable "SeMemIf_u_EESt"  was set but never used
  static uint8  SeMemIf_u_EESt[EE_OBJECT_NUM];//非易失性存储器当前状态
..\..\Ecal\MemIf\MemIf.c(24): warning:  #550-D: variable "SeMemIf_u_WrEEFlag"  was set but never used
  static uint8  SeMemIf_u_WrEEFlag[EE_OBJECT_NUM];//数据更新标志
..\..\Ecal\MemIf\MemIf.c(33): warning:  #177-D: variable "SeMemIf_u_CheckSumObj"  was declared but never referenced
  static uint8  SeMemIf_u_CheckSumObj = 0U;//索引
..\..\Ecal\MemIf\MemIf.c(34): warning:  #177-D: variable "SeMemIf_u_DataCache"  was declared but never referenced
  static uint8  SeMemIf_u_DataCache[100U] = {0U};//数据缓存
..\..\Ecal\MemIf\MemIf.c(481): warning:  #177-D: function "GetMemIf_u_XOR"  was declared but never referenced
  static uint8 GetMemIf_u_XOR(uint8* Le_u_Dt,uint16 Le_w_Lng)
..\..\Ecal\MemIf\MemIf.c: 5 warnings, 0 errors
compiling JsonIf.c...
..\..\Ecal\JsonIf\JsonIf.c(36): warning:  #177-D: function "HexToChar"  was declared but never referenced
  static uint8 HexToChar(uint8 temp);
..\..\Ecal\JsonIf\JsonIf.c: 1 warning, 0 errors
compiling MemIf_cfg.c...
compiling UnlockLogCache.c...
compiling Mcu_Init.c...
..\..\Ecal\Mcu_Init\Mcu_Init.c(55): warning:  #177-D: variable "res"  was declared but never referenced
  	FRESULT res = FR_OK;
..\..\Ecal\Mcu_Init\Mcu_Init.c: 1 warning, 0 errors
compiling BListCache.c...
compiling STD_ADFliter.c...
compiling STD_ADFliterCfg.c...
compiling PSFltr.c...
compiling BListMng.c...
compiling PSFltr_Cfg.c...
compiling crc32.c...
compiling BListMng_Cfg.c...
compiling ZR60_Ctrl.c...
..\..\APP\ZR60_Ctrl\ZR60_Ctrl.c(513): warning:  #167-D: argument of type "char *" is incompatible with parameter of type "unsigned char *"
  			Json_HexToStr(Le_u_UnlockInfo,SeReadcard_h_CardID.CardID,SeReadcard_h_CardID.lng);
..\..\APP\ZR60_Ctrl\ZR60_Ctrl.c(837): warning:  #167-D: argument of type "u8 *" is incompatible with parameter of type "char *restrict"
  							strncpy(key_buf,test_buf,6);
..\..\APP\ZR60_Ctrl\ZR60_Ctrl.c(837): warning:  #167-D: argument of type "uint8_t *" is incompatible with parameter of type "const char *restrict"
  							strncpy(key_buf,test_buf,6);
..\..\APP\ZR60_Ctrl\ZR60_Ctrl.c(843): warning:  #167-D: argument of type "uint8_t *" is incompatible with parameter of type "const char *"
  							if(strcmp(test_buf,"110911060")==0)
..\..\APP\ZR60_Ctrl\ZR60_Ctrl.c(849): warning:  #167-D: argument of type "uint8_t *" is incompatible with parameter of type "const char *"
  							else if(strcmp(test_buf,"110911061")==0)
..\..\APP\ZR60_Ctrl\ZR60_Ctrl.c(32): warning:  #550-D: variable "sec_count"  was set but never used
  static uint8_t 	sec_count = 0;
..\..\APP\ZR60_Ctrl\ZR60_Ctrl.c(51): warning:  #177-D: variable "w_500msflag_DelayTime"  was declared but never referenced
  static uint16_t w_500msflag_DelayTime = 0U;//500ms计时器
..\..\APP\ZR60_Ctrl\ZR60_Ctrl.c(1121): warning:  #177-D: function "Lcd1062_MainFunction"  was declared but never referenced
  static void  Lcd1062_MainFunction(void)//lcd1062
..\..\APP\ZR60_Ctrl\ZR60_Ctrl.c(1399): warning:  #177-D: function "GetZR60Ctrl_u_XOR"  was declared but never referenced
  static uint8 GetZR60Ctrl_u_XOR(uint8* Le_u_Dt,uint16 Le_w_Lng)
..\..\APP\ZR60_Ctrl\ZR60_Ctrl.c(551): warning:  #177-D: function "OpenDoor_Sound_MainFunction"  was declared but never referenced
  static void  OpenDoor_Sound_MainFunction(void)
..\..\APP\ZR60_Ctrl\ZR60_Ctrl.c(1411): warning:  #177-D: function "ZR60Ctrl_u_IsBrdcstAddr"  was declared but never referenced
  static uint8 ZR60Ctrl_u_IsBrdcstAddr(uint8* Le_u_Addr)
..\..\APP\ZR60_Ctrl\ZR60_Ctrl.c: 11 warnings, 0 errors
compiling readcard.c...
..\..\APP\readcard\readcard.c(175): warning:  #177-D: function "decodeLoadKeyResult"  was declared but never referenced
  static void decodeLoadKeyResult(RebackInfo rebackInfo) 
..\..\APP\readcard\readcard.c(198): warning:  #177-D: function "decodeSetDetectCard"  was declared but never referenced
  static void decodeSetDetectCard(RebackInfo rebackInfo) 
..\..\APP\readcard\readcard.c: 2 warnings, 0 errors
compiling main.c...
compiling SleepMng.c...
..\..\Service\SleepMng\SleepMng.c(49): warning:  #69-D: integer conversion resulted in truncation
  	SeSleepMng_w_CntdownTimer = (2000U / (
LEEPMNG_SCHEDULING_CYCLE/5U));//初始化倒计时时间，大概10s
..\..\Service\SleepMng\SleepMng.c(77): warning:  #69-D: integer conversion resulted in truncation
  		SeSleepMng_w_CntdownTimer = (2000U / (
LEEPMNG_SCHEDULING_CYCLE/5U));//重置睡眠倒计时器
..\..\Service\SleepMng\SleepMng.c: 2 warnings, 0 errors
compiling stm32f4xx_it.c...
linking...
..\..\Output\app.sct(13): warning: L6314W: No section matches pattern system_stm32f4xx.o(ZI).
..\..\Output\app.sct(13): warning: L6329W: Pattern system_stm32f4xx.o(RW) only matches removed unused sections.
..\..\Output\app.sct(14): warning: L6314W: No section matches pattern misc.o(ZI).
..\..\Output\app.sct(14): warning: L6314W: No section matches pattern misc.o(RW).
..\..\Output\app.sct(15): warning: L6314W: No section matches pattern stm32f4xx_adc.o(ZI).
..\..\Output\app.sct(15): warning: L6314W: No section matches pattern stm32f4xx_adc.o(RW).
..\..\Output\app.sct(16): warning: L6314W: No section matches pattern stm32f4xx_can.o(ZI).
..\..\Output\app.sct(16): warning: L6314W: No section matches pattern stm32f4xx_can.o(RW).
..\..\Output\app.sct(17): warning: L6314W: No section matches pattern stm32f4xx_cec.o(ZI).
..\..\Output\app.sct(17): warning: L6314W: No section matches pattern stm32f4xx_cec.o(RW).
..\..\Output\app.sct(18): warning: L6314W: No section matches pattern stm32f4xx_crc.o(ZI).
..\..\Output\app.sct(18): warning: L6314W: No section matches pattern stm32f4xx_crc.o(RW).
..\..\Output\app.sct(19): warning: L6314W: No section matches pattern stm32f4xx_cryp.o(ZI).
..\..\Output\app.sct(19): warning: L6314W: No section matches pattern stm32f4xx_cryp.o(RW).
..\..\Output\app.sct(20): warning: L6314W: No section matches pattern stm32f4xx_cryp_aes.o(ZI).
..\..\Output\app.sct(20): warning: L6314W: No section matches pattern stm32f4xx_cryp_aes.o(RW).
..\..\Output\app.sct(21): warning: L6314W: No section matches pattern stm32f4xx_cryp_des.o(ZI).
..\..\Output\app.sct(21): warning: L6314W: No section matches pattern stm32f4xx_cryp_des.o(RW).
..\..\Output\app.sct(22): warning: L6314W: No section matches pattern stm32f4xx_cryp_tdes.o(ZI).
..\..\Output\app.sct(22): warning: L6314W: No section matches pattern stm32f4xx_cryp_tdes.o(RW).
..\..\Output\app.sct(23): warning: L6314W: No section matches pattern stm32f4xx_dac.o(ZI).
..\..\Output\app.sct(23): warning: L6314W: No section matches pattern stm32f4xx_dac.o(RW).
..\..\Output\app.sct(24): warning: L6314W: No section matches pattern stm32f4xx_dbgmcu.o(ZI).
..\..\Output\app.sct(24): warning: L6314W: No section matches pattern stm32f4xx_dbgmcu.o(RW).
..\..\Output\app.sct(25): warning: L6314W: No section matches pattern stm32f4xx_dcmi.o(ZI).
..\..\Output\app.sct(25): warning: L6314W: No section matches pattern stm32f4xx_dcmi.o(RW).
..\..\Output\app.sct(26): warning: L6314W: No section matches pattern stm32f4xx_dma.o(ZI).
..\..\Output\app.sct(26): warning: L6314W: No section matches pattern stm32f4xx_dma.o(RW).
..\..\Output\app.sct(27): warning: L6314W: No section matches pattern stm32f4xx_exti.o(ZI).
..\..\Output\app.sct(27): warning: L6314W: No section matches pattern stm32f4xx_exti.o(RW).
..\..\Output\app.sct(28): warning: L6314W: No section matches pattern stm32f4xx_flash.o(ZI).
..\..\Output\app.sct(28): warning: L6314W: No section matches pattern stm32f4xx_flash.o(RW).
..\..\Output\app.sct(29): warning: L6314W: No section matches pattern stm32f4xx_flash_ramfunc.o(ZI).
..\..\Output\app.sct(29): warning: L6314W: No section matches pattern stm32f4xx_flash_ramfunc.o(RW).
..\..\Output\app.sct(30): warning: L6314W: No section matches pattern stm32f4xx_fmpi2c.o(ZI).
..\..\Output\app.sct(30): warning: L6314W: No section matches pattern stm32f4xx_fmpi2c.o(RW).
..\..\Output\app.sct(31): warning: L6314W: No section matches pattern stm32f4xx_fsmc.o(ZI).
..\..\Output\app.sct(31): warning: L6314W: No section matches pattern stm32f4xx_fsmc.o(RW).
..\..\Output\app.sct(32): warning: L6314W: No section matches pattern stm32f4xx_gpio.o(ZI).
..\..\Output\app.sct(32): warning: L6314W: No section matches pattern stm32f4xx_gpio.o(RW).
..\..\Output\app.sct(33): warning: L6314W: No section matches pattern stm32f4xx_hash.o(ZI).
..\..\Output\app.sct(33): warning: L6314W: No section matches pattern stm32f4xx_hash.o(RW).
..\..\Output\app.sct(34): warning: L6314W: No section matches pattern stm32f4xx_hash_md5.o(ZI).
..\..\Output\app.sct(34): warning: L6314W: No section matches pattern stm32f4xx_hash_md5.o(RW).
..\..\Output\app.sct(35): warning: L6314W: No section matches pattern stm32f4xx_hash_sha1.o(ZI).
..\..\Output\app.sct(35): warning: L6314W: No section matches pattern stm32f4xx_hash_sha1.o(RW).
..\..\Output\app.sct(36): warning: L6314W: No section matches pattern stm32f4xx_i2c.o(ZI).
..\..\Output\app.sct(36): warning: L6314W: No section matches pattern stm32f4xx_i2c.o(RW).
..\..\Output\app.sct(37): warning: L6314W: No section matches pattern stm32f4xx_iwdg.o(ZI).
..\..\Output\app.sct(37): warning: L6314W: No section matches pattern stm32f4xx_iwdg.o(RW).
..\..\Output\app.sct(38): warning: L6314W: No section matches pattern stm32f4xx_pwr.o(ZI).
..\..\Output\app.sct(38): warning: L6314W: No section matches pattern stm32f4xx_pwr.o(RW).
..\..\Output\app.sct(39): warning: L6314W: No section matches pattern stm32f4xx_qspi.o(ZI).
..\..\Output\app.sct(39): warning: L6314W: No section matches pattern stm32f4xx_qspi.o(RW).
..\..\Output\app.sct(41): warning: L6314W: No section matches pattern stm32f4xx_rng.o(ZI).
..\..\Output\app.sct(41): warning: L6314W: No section matches pattern stm32f4xx_rng.o(RW).
..\..\Output\app.sct(42): warning: L6314W: No section matches pattern stm32f4xx_rtc.o(ZI).
..\..\Output\app.sct(42): warning: L6314W: No section matches pattern stm32f4xx_rtc.o(RW).
..\..\Output\app.sct(43): warning: L6314W: No section matches pattern stm32f4xx_sai.o(ZI).
..\..\Output\app.sct(43): warning: L6314W: No section matches pattern stm32f4xx_sai.o(RW).
..\..\Output\app.sct(44): warning: L6314W: No section matches pattern stm32f4xx_sdio.o(ZI).
..\..\Output\app.sct(44): warning: L6314W: No section matches pattern stm32f4xx_sdio.o(RW).
..\..\Output\app.sct(45): warning: L6314W: No section matches pattern stm32f4xx_spdifrx.o(ZI).
..\..\Output\app.sct(45): warning: L6314W: No section matches pattern stm32f4xx_spdifrx.o(RW).
..\..\Output\app.sct(46): warning: L6314W: No section matches pattern stm32f4xx_spi.o(ZI).
..\..\Output\app.sct(46): warning: L6314W: No section matches pattern stm32f4xx_spi.o(RW).
..\..\Output\app.sct(47): warning: L6314W: No section matches pattern stm32f4xx_syscfg.o(ZI).
..\..\Output\app.sct(47): warning: L6314W: No section matches pattern stm32f4xx_syscfg.o(RW).
..\..\Output\app.sct(48): warning: L6314W: No section matches pattern stm32f4xx_tim.o(ZI).
..\..\Output\app.sct(48): warning: L6314W: No section matches pattern stm32f4xx_tim.o(RW).
..\..\Output\app.sct(49): warning: L6314W: No section matches pattern stm32f4xx_usart.o(ZI).
..\..\Output\app.sct(49): warning: L6314W: No section matches pattern stm32f4xx_usart.o(RW).
..\..\Output\app.sct(50): warning: L6314W: No section matches pattern stm32f4xx_wwdg.o(ZI).
..\..\Output\app.sct(50): warning: L6314W: No section matches pattern stm32f4xx_wwdg.o(RW).
..\..\Output\app.sct(51): warning: L6314W: No section matches pattern diskio.o(ZI).
..\..\Output\app.sct(51): warning: L6314W: No section matches pattern diskio.o(RW).
..\..\Output\app.sct(52): warning: L6314W: No section matches pattern cc936.o(ZI).
..\..\Output\app.sct(52): warning: L6314W: No section matches pattern cc936.o(RW).
..\..\Output\app.sct(53): warning: L6314W: No section matches pattern ff.o(ZI).
..\..\Output\app.sct(53): warning: L6329W: Pattern ff.o(RW) only matches removed unused sections.
..\..\Output\app.sct(54): warning: L6314W: No section matches pattern tm_stm32f4_fatfs.o(ZI).
..\..\Output\app.sct(54): warning: L6314W: No section matches pattern tm_stm32f4_fatfs.o(RW).
..\..\Output\app.sct(56): warning: L6314W: No section matches pattern display.o(ZI).
..\..\Output\app.sct(56): warning: L6329W: Pattern display.o(RW) only matches removed unused sections.
..\..\Output\app.sct(58): warning: L6329W: Pattern wdata.o(ZI) only matches removed unused sections.
..\..\Output\app.sct(58): warning: L6329W: Pattern wdata.o(RW) only matches removed unused sections.
..\..\Output\app.sct(60): warning: L6314W: No section matches pattern usart3.o(ZI).
..\..\Output\app.sct(60): warning: L6314W: No section matches pattern usart3.o(RW).
..\..\Output\app.sct(61): warning: L6314W: No section matches pattern usart4.o(ZI).
..\..\Output\app.sct(61): warning: L6314W: No section matches pattern usart4.o(RW).
..\..\Output\app.sct(62): warning: L6314W: No section matches pattern usart5.o(ZI).
..\..\Output\app.sct(62): warning: L6314W: No section matches pattern usart5.o(RW).
..\..\Output\app.sct(63): warning: L6314W: No section matches pattern bsp_debug_usart.o(ZI).
..\..\Output\app.sct(63): warning: L6314W: No section matches pattern bsp_debug_usart.o(RW).
..\..\Output\app.sct(64): warning: L6314W: No section matches pattern bsp_i2c_gpio.o(ZI).
..\..\Output\app.sct(64): warning: L6314W: No section matches pattern bsp_i2c_gpio.o(RW).
..\..\Output\app.sct(65): warning: L6314W: No section matches pattern bsp_led.o(ZI).
..\..\Output\app.sct(65): warning: L6314W: No section matches pattern bsp_led.o(RW).
..\..\Output\app.sct(66): warning: L6314W: No section matches pattern bsp_SysTick.o(ZI).
..\..\Output\app.sct(66): warning: L6329W: Pattern bsp_SysTick.o(RW) only matches removed unused sections.
..\..\Output\app.sct(67): warning: L6314W: No section matches pattern bsp_exti.o(ZI).
..\..\Output\app.sct(67): warning: L6314W: No section matches pattern bsp_exti.o(RW).
..\..\Output\app.sct(69): warning: L6314W: No section matches pattern bsp_clkconfig.o(ZI).
..\..\Output\app.sct(69): warning: L6314W: No section matches pattern bsp_clkconfig.o(RW).
..\..\Output\app.sct(70): warning: L6314W: No section matches pattern bsp_iwdg.o(ZI).
..\..\Output\app.sct(70): warning: L6314W: No section matches pattern bsp_iwdg.o(RW).
..\..\Output\app.sct(73): warning: L6314W: No section matches pattern hym8563.o(ZI).
..\..\Output\app.sct(73): warning: L6314W: No section matches pattern hym8563.o(RW).
..\..\Output\app.sct(74): warning: L6314W: No section matches pattern bsp_basic_tim.o(ZI).
..\..\Output\app.sct(74): warning: L6314W: No section matches pattern bsp_basic_tim.o(RW).
..\..\Output\app.sct(75): warning: L6314W: No section matches pattern bsp_rtc.o(ZI).
..\..\Output\app.sct(75): warning: L6314W: No section matches pattern bsp_rtc.o(RW).
..\..\Output\app.sct(80): warning: L6314W: No section matches pattern api_lib.o(ZI).
..\..\Output\app.sct(80): warning: L6314W: No section matches pattern api_lib.o(RW).
..\..\Output\app.sct(81): warning: L6314W: No section matches pattern api_msg.o(ZI).
..\..\Output\app.sct(81): warning: L6314W: No section matches pattern api_msg.o(RW).
..\..\Output\app.sct(82): warning: L6314W: No section matches pattern err.o(ZI).
..\..\Output\app.sct(82): warning: L6314W: No section matches pattern err.o(RW).
..\..\Output\app.sct(83): warning: L6314W: No section matches pattern netbuf.o(ZI).
..\..\Output\app.sct(83): warning: L6314W: No section matches pattern netbuf.o(RW).
..\..\Output\app.sct(84): warning: L6329W: Pattern netdb.o(ZI) only matches removed unused sections.
..\..\Output\app.sct(84): warning: L6329W: Pattern netdb.o(RW) only matches removed unused sections.
..\..\Output\app.sct(85): warning: L6314W: No section matches pattern netifapi.o(ZI).
..\..\Output\app.sct(85): warning: L6314W: No section matches pattern netifapi.o(RW).
..\..\Output\app.sct(86): warning: L6329W: Pattern sockets.o(ZI) only matches removed unused sections.
..\..\Output\app.sct(86): warning: L6329W: Pattern sockets.o(RW) only matches removed unused sections.
..\..\Output\app.sct(88): warning: L6314W: No section matches pattern autoip.o(ZI).
..\..\Output\app.sct(88): warning: L6314W: No section matches pattern autoip.o(RW).
..\..\Output\app.sct(89): warning: L6314W: No section matches pattern icmp.o(ZI).
..\..\Output\app.sct(89): warning: L6314W: No section matches pattern icmp.o(RW).
..\..\Output\app.sct(90): warning: L6314W: No section matches pattern igmp.o(ZI).
..\..\Output\app.sct(90): warning: L6314W: No section matches pattern igmp.o(RW).
..\..\Output\app.sct(91): warning: L6314W: No section matches pattern inet.o(ZI).
..\..\Output\app.sct(91): warning: L6314W: No section matches pattern inet.o(RW).
..\..\Output\app.sct(92): warning: L6314W: No section matches pattern inet_chksum.o(ZI).
..\..\Output\app.sct(92): warning: L6314W: No section matches pattern inet_chksum.o(RW).
..\..\Output\app.sct(94): warning: L6329W: Pattern ip_addr.o(ZI) only matches removed unused sections.
..\..\Output\app.sct(94): warning: L6314W: No section matches pattern ip_addr.o(RW).
..\..\Output\app.sct(96): warning: L6314W: No section matches pattern def.o(ZI).
..\..\Output\app.sct(96): warning: L6314W: No section matches pattern def.o(RW).
..\..\Output\app.sct(99): warning: L6314W: No section matches pattern init.o(ZI).
..\..\Output\app.sct(99): warning: L6314W: No section matches pattern init.o(RW).
..\..\Output\app.sct(105): warning: L6314W: No section matches pattern stats.o(ZI).
..\..\Output\app.sct(105): warning: L6314W: No section matches pattern stats.o(RW).
..\..\Output\app.sct(106): warning: L6314W: No section matches pattern sys.o(ZI).
..\..\Output\app.sct(106): warning: L6314W: No section matches pattern sys.o(RW).
..\..\Output\app.sct(109): warning: L6314W: No section matches pattern tcp_out.o(ZI).
..\..\Output\app.sct(109): warning: L6314W: No section matches pattern tcp_out.o(RW).
..\..\Output\app.sct(113): warning: L6314W: No section matches pattern ethernetif.o(ZI).
..\..\Output\app.sct(113): warning: L6314W: No section matches pattern ethernetif.o(RW).
..\..\Output\app.sct(117): warning: L6314W: No section matches pattern dhcpClient.o(ZI).
..\..\Output\app.sct(117): warning: L6314W: No section matches pattern dhcpClient.o(RW).
..\..\Output\app.sct(121): warning: L6314W: No section matches pattern NetConnIf.o(ZI).
..\..\Output\app.sct(121): warning: L6314W: No section matches pattern NetConnIf.o(RW).
..\..\Output\app.sct(124): warning: L6314W: No section matches pattern BtnFltr_Cfg.o(ZI).
..\..\Output\app.sct(124): warning: L6314W: No section matches pattern BtnFltr_Cfg.o(RW).
..\..\Output\app.sct(127): warning: L6314W: No section matches pattern MemIf_cfg.o(ZI).
..\..\Output\app.sct(127): warning: L6314W: No section matches pattern MemIf_cfg.o(RW).
..\..\Output\app.sct(129): warning: L6314W: No section matches pattern JsonIf.o(ZI).
..\..\Output\app.sct(129): warning: L6314W: No section matches pattern JsonIf.o(RW).
..\..\Output\app.sct(132): warning: L6314W: No section matches pattern STD_ADFliterCfg.o(ZI).
..\..\Output\app.sct(132): warning: L6314W: No section matches pattern STD_ADFliterCfg.o(RW).
..\..\Output\app.sct(134): warning: L6314W: No section matches pattern PSFltr_Cfg.o(ZI).
..\..\Output\app.sct(134): warning: L6314W: No section matches pattern PSFltr_Cfg.o(RW).
..\..\Output\app.sct(135): warning: L6329W: Pattern crc32.o(ZI) only matches removed unused sections.
..\..\Output\app.sct(135): warning: L6329W: Pattern crc32.o(RW) only matches removed unused sections.
Program Size: Code=77852 RO-data=1648 RW-data=1224 ZI-data=175472  
Finished: 0 information, 166 warning and 0 error messages.
FromELF: creating hex file...
After Build - User command #1: D:\Keil_v5\ARM\ARMCC\bin\fromelf.exe --bin -o "..\..\Output\app.bin" "..\..\Output\app.axf"
"..\..\Output\app.axf" - 0 Error(s), 221 Warning(s).

<h2>Collection of Component include folders:</h2>
  .\RTE\_ZR60
  d:\Keil_v5\ARM\PACK\Keil\STM32F4xx_DFP\2.12.0\Drivers\CMSIS\Device\ST\STM32F4xx\Include

<h2>Collection of Component Files used:</h2>
Build Time Elapsed:  00:00:45
</pre>
</body>
</html>
