<!doctype html public "-//w3c//dtd html 4.0 transitional//en">
<html><head>
<title>Static Call Graph - [..\..\Output\app.axf]</title></head>
<body><HR>
<H1>Static Call Graph for image ..\..\Output\app.axf</H1><HR>
<BR><P>#&#060CALLGRAPH&#062# ARM Linker, 5060422: Last Updated: Thu Jan 31 17:51:01 2019
<BR><P>
<H3>Maximum Stack Usage =       5272 bytes + Unknown(Cycles, Untraceable Function Pointers)</H3><H3>
Call chain for Maximum Stack Depth:</H3>
ZR60Ctrl_5msTask &rArr; TskZR60Ctrl_MainFunction &rArr; OpenDoor_Ble_MainFunction &rArr; sm3_time_PasswordAuth &rArr; get_sm3_pass &rArr; sm3 &rArr; CF &rArr; P1
<P>
<H3>
Mutually Recursive functions
</H3> <LI><a href="#[1f]">ADC_IRQHandler</a>&nbsp;&nbsp;&nbsp;&rArr;&nbsp;&nbsp;&nbsp;<a href="#[1f]">ADC_IRQHandler</a><BR>
 <LI><a href="#[7]">BusFault_Handler</a>&nbsp;&nbsp;&nbsp;&rArr;&nbsp;&nbsp;&nbsp;<a href="#[7]">BusFault_Handler</a><BR>
 <LI><a href="#[5]">HardFault_Handler</a>&nbsp;&nbsp;&nbsp;&rArr;&nbsp;&nbsp;&nbsp;<a href="#[5]">HardFault_Handler</a><BR>
 <LI><a href="#[6]">MemManage_Handler</a>&nbsp;&nbsp;&nbsp;&rArr;&nbsp;&nbsp;&nbsp;<a href="#[6]">MemManage_Handler</a><BR>
 <LI><a href="#[8]">UsageFault_Handler</a>&nbsp;&nbsp;&nbsp;&rArr;&nbsp;&nbsp;&nbsp;<a href="#[8]">UsageFault_Handler</a><BR>
 <LI><a href="#[2e0]">netconn_drain</a>&nbsp;&nbsp;&nbsp;&rArr;&nbsp;&nbsp;&nbsp;<a href="#[2e0]">netconn_drain</a><BR>
 <LI><a href="#[1b9]">cJSON_Delete</a>&nbsp;&nbsp;&nbsp;&rArr;&nbsp;&nbsp;&nbsp;<a href="#[1b9]">cJSON_Delete</a><BR>
 <LI><a href="#[3b6]">print_object</a>&nbsp;&nbsp;&nbsp;&rArr;&nbsp;&nbsp;&nbsp;<a href="#[3b0]">print_value</a><BR>
 <LI><a href="#[3b2]">print_array</a>&nbsp;&nbsp;&nbsp;&rArr;&nbsp;&nbsp;&nbsp;<a href="#[3b0]">print_value</a><BR>
 <LI><a href="#[35f]">lwip_sendto</a>&nbsp;&nbsp;&nbsp;&rArr;&nbsp;&nbsp;&nbsp;<a href="#[35e]">lwip_send</a><BR>
 <LI><a href="#[3a1]">parse_object</a>&nbsp;&nbsp;&nbsp;&rArr;&nbsp;&nbsp;&nbsp;<a href="#[285]">parse_value</a><BR>
 <LI><a href="#[39f]">parse_array</a>&nbsp;&nbsp;&nbsp;&rArr;&nbsp;&nbsp;&nbsp;<a href="#[285]">parse_value</a><BR>
 <LI><a href="#[473]">x509_get_name</a>&nbsp;&nbsp;&nbsp;&rArr;&nbsp;&nbsp;&nbsp;<a href="#[473]">x509_get_name</a><BR>
 <LI><a href="#[417]">x509parse_crt</a>&nbsp;&nbsp;&nbsp;&rArr;&nbsp;&nbsp;&nbsp;<a href="#[417]">x509parse_crt</a><BR>
</UL>
<P>
<H3>
Function Pointers
</H3><UL>
 <LI><a href="#[1f]">ADC_IRQHandler</a> from startup_stm32f40xx.o(.text) referenced from startup_stm32f40xx.o(RESET)
 <LI><a href="#[7]">BusFault_Handler</a> from stm32f4xx_it.o(i.BusFault_Handler) referenced from startup_stm32f40xx.o(RESET)
 <LI><a href="#[21]">CAN1_RX0_IRQHandler</a> from startup_stm32f40xx.o(.text) referenced from startup_stm32f40xx.o(RESET)
 <LI><a href="#[22]">CAN1_RX1_IRQHandler</a> from startup_stm32f40xx.o(.text) referenced from startup_stm32f40xx.o(RESET)
 <LI><a href="#[23]">CAN1_SCE_IRQHandler</a> from startup_stm32f40xx.o(.text) referenced from startup_stm32f40xx.o(RESET)
 <LI><a href="#[20]">CAN1_TX_IRQHandler</a> from startup_stm32f40xx.o(.text) referenced from startup_stm32f40xx.o(RESET)
 <LI><a href="#[4d]">CAN2_RX0_IRQHandler</a> from startup_stm32f40xx.o(.text) referenced from startup_stm32f40xx.o(RESET)
 <LI><a href="#[4e]">CAN2_RX1_IRQHandler</a> from startup_stm32f40xx.o(.text) referenced from startup_stm32f40xx.o(RESET)
 <LI><a href="#[4f]">CAN2_SCE_IRQHandler</a> from startup_stm32f40xx.o(.text) referenced from startup_stm32f40xx.o(RESET)
 <LI><a href="#[4c]">CAN2_TX_IRQHandler</a> from startup_stm32f40xx.o(.text) referenced from startup_stm32f40xx.o(RESET)
 <LI><a href="#[5c]">CRYP_IRQHandler</a> from startup_stm32f40xx.o(.text) referenced from startup_stm32f40xx.o(RESET)
 <LI><a href="#[5b]">DCMI_IRQHandler</a> from startup_stm32f40xx.o(.text) referenced from startup_stm32f40xx.o(RESET)
 <LI><a href="#[18]">DMA1_Stream0_IRQHandler</a> from startup_stm32f40xx.o(.text) referenced from startup_stm32f40xx.o(RESET)
 <LI><a href="#[19]">DMA1_Stream1_IRQHandler</a> from startup_stm32f40xx.o(.text) referenced from startup_stm32f40xx.o(RESET)
 <LI><a href="#[1a]">DMA1_Stream2_IRQHandler</a> from startup_stm32f40xx.o(.text) referenced from startup_stm32f40xx.o(RESET)
 <LI><a href="#[1b]">DMA1_Stream3_IRQHandler</a> from bsp_wm8978.o(i.DMA1_Stream3_IRQHandler) referenced from startup_stm32f40xx.o(RESET)
 <LI><a href="#[1c]">DMA1_Stream4_IRQHandler</a> from bsp_wm8978.o(i.DMA1_Stream4_IRQHandler) referenced from startup_stm32f40xx.o(RESET)
 <LI><a href="#[1d]">DMA1_Stream5_IRQHandler</a> from startup_stm32f40xx.o(.text) referenced from startup_stm32f40xx.o(RESET)
 <LI><a href="#[1e]">DMA1_Stream6_IRQHandler</a> from startup_stm32f40xx.o(.text) referenced from startup_stm32f40xx.o(RESET)
 <LI><a href="#[3c]">DMA1_Stream7_IRQHandler</a> from startup_stm32f40xx.o(.text) referenced from startup_stm32f40xx.o(RESET)
 <LI><a href="#[45]">DMA2_Stream0_IRQHandler</a> from startup_stm32f40xx.o(.text) referenced from startup_stm32f40xx.o(RESET)
 <LI><a href="#[46]">DMA2_Stream1_IRQHandler</a> from startup_stm32f40xx.o(.text) referenced from startup_stm32f40xx.o(RESET)
 <LI><a href="#[47]">DMA2_Stream2_IRQHandler</a> from startup_stm32f40xx.o(.text) referenced from startup_stm32f40xx.o(RESET)
 <LI><a href="#[48]">DMA2_Stream3_IRQHandler</a> from startup_stm32f40xx.o(.text) referenced from startup_stm32f40xx.o(RESET)
 <LI><a href="#[49]">DMA2_Stream4_IRQHandler</a> from startup_stm32f40xx.o(.text) referenced from startup_stm32f40xx.o(RESET)
 <LI><a href="#[51]">DMA2_Stream5_IRQHandler</a> from startup_stm32f40xx.o(.text) referenced from startup_stm32f40xx.o(RESET)
 <LI><a href="#[52]">DMA2_Stream6_IRQHandler</a> from startup_stm32f40xx.o(.text) referenced from startup_stm32f40xx.o(RESET)
 <LI><a href="#[53]">DMA2_Stream7_IRQHandler</a> from startup_stm32f40xx.o(.text) referenced from startup_stm32f40xx.o(RESET)
 <LI><a href="#[a]">DebugMon_Handler</a> from stm32f4xx_it.o(i.DebugMon_Handler) referenced from startup_stm32f40xx.o(RESET)
 <LI><a href="#[4a]">ETH_IRQHandler</a> from stm32f4xx_it.o(i.ETH_IRQHandler) referenced from startup_stm32f40xx.o(RESET)
 <LI><a href="#[4b]">ETH_WKUP_IRQHandler</a> from startup_stm32f40xx.o(.text) referenced from startup_stm32f40xx.o(RESET)
 <LI><a href="#[72]">ETH_link_callback</a> from lan8742a.o(i.ETH_link_callback) referenced from netconf.o(i.LwIP_Init)
 <LI><a href="#[13]">EXTI0_IRQHandler</a> from startup_stm32f40xx.o(.text) referenced from startup_stm32f40xx.o(RESET)
 <LI><a href="#[35]">EXTI15_10_IRQHandler</a> from startup_stm32f40xx.o(.text) referenced from startup_stm32f40xx.o(RESET)
 <LI><a href="#[14]">EXTI1_IRQHandler</a> from startup_stm32f40xx.o(.text) referenced from startup_stm32f40xx.o(RESET)
 <LI><a href="#[15]">EXTI2_IRQHandler</a> from stm32f4xx_it.o(i.EXTI2_IRQHandler) referenced from startup_stm32f40xx.o(RESET)
 <LI><a href="#[16]">EXTI3_IRQHandler</a> from startup_stm32f40xx.o(.text) referenced from startup_stm32f40xx.o(RESET)
 <LI><a href="#[17]">EXTI4_IRQHandler</a> from startup_stm32f40xx.o(.text) referenced from startup_stm32f40xx.o(RESET)
 <LI><a href="#[24]">EXTI9_5_IRQHandler</a> from startup_stm32f40xx.o(.text) referenced from startup_stm32f40xx.o(RESET)
 <LI><a href="#[11]">FLASH_IRQHandler</a> from startup_stm32f40xx.o(.text) referenced from startup_stm32f40xx.o(RESET)
 <LI><a href="#[5e]">FPU_IRQHandler</a> from startup_stm32f40xx.o(.text) referenced from startup_stm32f40xx.o(RESET)
 <LI><a href="#[3d]">FSMC_IRQHandler</a> from startup_stm32f40xx.o(.text) referenced from startup_stm32f40xx.o(RESET)
 <LI><a href="#[6d]">Fliter_Task</a> from main.o(i.Fliter_Task) referenced from main.o(i.AppTaskCreate)
 <LI><a href="#[5d]">HASH_RNG_IRQHandler</a> from startup_stm32f40xx.o(.text) referenced from startup_stm32f40xx.o(RESET)
 <LI><a href="#[5]">HardFault_Handler</a> from stm32f4xx_it.o(i.HardFault_Handler) referenced from startup_stm32f40xx.o(RESET)
 <LI><a href="#[2d]">I2C1_ER_IRQHandler</a> from startup_stm32f40xx.o(.text) referenced from startup_stm32f40xx.o(RESET)
 <LI><a href="#[2c]">I2C1_EV_IRQHandler</a> from startup_stm32f40xx.o(.text) referenced from startup_stm32f40xx.o(RESET)
 <LI><a href="#[2f]">I2C2_ER_IRQHandler</a> from startup_stm32f40xx.o(.text) referenced from startup_stm32f40xx.o(RESET)
 <LI><a href="#[2e]">I2C2_EV_IRQHandler</a> from startup_stm32f40xx.o(.text) referenced from startup_stm32f40xx.o(RESET)
 <LI><a href="#[56]">I2C3_ER_IRQHandler</a> from startup_stm32f40xx.o(.text) referenced from startup_stm32f40xx.o(RESET)
 <LI><a href="#[55]">I2C3_EV_IRQHandler</a> from startup_stm32f40xx.o(.text) referenced from startup_stm32f40xx.o(RESET)
 <LI><a href="#[66]">LowPower_Task</a> from main.o(i.LowPower_Task) referenced from main.o(i.AppTaskCreate)
 <LI><a href="#[68]">Lwip_app_100msTask</a> from main.o(i.Lwip_app_100msTask) referenced from main.o(i.AppTaskCreate)
 <LI><a href="#[6c]">Lwip_app_5msTask</a> from main.o(i.Lwip_app_5msTask) referenced from main.o(i.AppTaskCreate)
 <LI><a href="#[6]">MemManage_Handler</a> from stm32f4xx_it.o(i.MemManage_Handler) referenced from startup_stm32f40xx.o(RESET)
 <LI><a href="#[6f]">MusicPlayer_I2S_DMA_TX_Callback</a> from audioio.o(i.MusicPlayer_I2S_DMA_TX_Callback) referenced from audioio.o(i.InitAudioIO_playconfig)
 <LI><a href="#[4]">NMI_Handler</a> from stm32f4xx_it.o(i.NMI_Handler) referenced from startup_stm32f40xx.o(RESET)
 <LI><a href="#[74]">NetConnIf_Err</a> from netconnif.o(i.NetConnIf_Err) referenced from netconnif.o(i.NetConnIf_Connect)
 <LI><a href="#[73]">NetConnIf_connected</a> from netconnif.o(i.NetConnIf_connected) referenced from netconnif.o(i.NetConnIf_Connect)
 <LI><a href="#[76]">NetConnIf_poll</a> from netconnif.o(i.NetConnIf_poll) referenced from netconnif.o(i.NetConnIf_connected)
 <LI><a href="#[75]">NetConnIf_recv</a> from netconnif.o(i.NetConnIf_recv) referenced from netconnif.o(i.NetConnIf_connected)
 <LI><a href="#[50]">OTG_FS_IRQHandler</a> from startup_stm32f40xx.o(.text) referenced from startup_stm32f40xx.o(RESET)
 <LI><a href="#[37]">OTG_FS_WKUP_IRQHandler</a> from startup_stm32f40xx.o(.text) referenced from startup_stm32f40xx.o(RESET)
 <LI><a href="#[58]">OTG_HS_EP1_IN_IRQHandler</a> from startup_stm32f40xx.o(.text) referenced from startup_stm32f40xx.o(RESET)
 <LI><a href="#[57]">OTG_HS_EP1_OUT_IRQHandler</a> from startup_stm32f40xx.o(.text) referenced from startup_stm32f40xx.o(RESET)
 <LI><a href="#[5a]">OTG_HS_IRQHandler</a> from startup_stm32f40xx.o(.text) referenced from startup_stm32f40xx.o(RESET)
 <LI><a href="#[59]">OTG_HS_WKUP_IRQHandler</a> from startup_stm32f40xx.o(.text) referenced from startup_stm32f40xx.o(RESET)
 <LI><a href="#[e]">PVD_IRQHandler</a> from startup_stm32f40xx.o(.text) referenced from startup_stm32f40xx.o(RESET)
 <LI><a href="#[b]">PendSV_Handler</a> from port.o(.emb_text) referenced from startup_stm32f40xx.o(RESET)
 <LI><a href="#[12]">RCC_IRQHandler</a> from startup_stm32f40xx.o(.text) referenced from startup_stm32f40xx.o(RESET)
 <LI><a href="#[36]">RTC_Alarm_IRQHandler</a> from startup_stm32f40xx.o(.text) referenced from startup_stm32f40xx.o(RESET)
 <LI><a href="#[10]">RTC_WKUP_IRQHandler</a> from startup_stm32f40xx.o(.text) referenced from startup_stm32f40xx.o(RESET)
 <LI><a href="#[9d]">RandVal</a> from tcp_client_shortconnect.o(i.RandVal) referenced from tcp_client_shortconnect.o(i.tcp_ShortConnect_MainFunction)
 <LI><a href="#[3]">Reset_Handler</a> from startup_stm32f40xx.o(.text) referenced from startup_stm32f40xx.o(RESET)
 <LI><a href="#[3e]">SDIO_IRQHandler</a> from startup_stm32f40xx.o(.text) referenced from startup_stm32f40xx.o(RESET)
 <LI><a href="#[30]">SPI1_IRQHandler</a> from startup_stm32f40xx.o(.text) referenced from startup_stm32f40xx.o(RESET)
 <LI><a href="#[31]">SPI2_IRQHandler</a> from startup_stm32f40xx.o(.text) referenced from startup_stm32f40xx.o(RESET)
 <LI><a href="#[40]">SPI3_IRQHandler</a> from startup_stm32f40xx.o(.text) referenced from startup_stm32f40xx.o(RESET)
 <LI><a href="#[9]">SVC_Handler</a> from port.o(.emb_text) referenced from startup_stm32f40xx.o(RESET)
 <LI><a href="#[c]">SysTick_Handler</a> from port.o(i.SysTick_Handler) referenced from startup_stm32f40xx.o(RESET)
 <LI><a href="#[60]">SystemInit</a> from system_stm32f4xx.o(i.SystemInit) referenced from startup_stm32f40xx.o(.text)
 <LI><a href="#[f]">TAMP_STAMP_IRQHandler</a> from startup_stm32f40xx.o(.text) referenced from startup_stm32f40xx.o(RESET)
 <LI><a href="#[25]">TIM1_BRK_TIM9_IRQHandler</a> from startup_stm32f40xx.o(.text) referenced from startup_stm32f40xx.o(RESET)
 <LI><a href="#[28]">TIM1_CC_IRQHandler</a> from startup_stm32f40xx.o(.text) referenced from startup_stm32f40xx.o(RESET)
 <LI><a href="#[27]">TIM1_TRG_COM_TIM11_IRQHandler</a> from startup_stm32f40xx.o(.text) referenced from startup_stm32f40xx.o(RESET)
 <LI><a href="#[26]">TIM1_UP_TIM10_IRQHandler</a> from startup_stm32f40xx.o(.text) referenced from startup_stm32f40xx.o(RESET)
 <LI><a href="#[29]">TIM2_IRQHandler</a> from startup_stm32f40xx.o(.text) referenced from startup_stm32f40xx.o(RESET)
 <LI><a href="#[2a]">TIM3_IRQHandler</a> from startup_stm32f40xx.o(.text) referenced from startup_stm32f40xx.o(RESET)
 <LI><a href="#[2b]">TIM4_IRQHandler</a> from startup_stm32f40xx.o(.text) referenced from startup_stm32f40xx.o(RESET)
 <LI><a href="#[3f]">TIM5_IRQHandler</a> from startup_stm32f40xx.o(.text) referenced from startup_stm32f40xx.o(RESET)
 <LI><a href="#[43]">TIM6_DAC_IRQHandler</a> from startup_stm32f40xx.o(.text) referenced from startup_stm32f40xx.o(RESET)
 <LI><a href="#[44]">TIM7_IRQHandler</a> from startup_stm32f40xx.o(.text) referenced from startup_stm32f40xx.o(RESET)
 <LI><a href="#[38]">TIM8_BRK_TIM12_IRQHandler</a> from startup_stm32f40xx.o(.text) referenced from startup_stm32f40xx.o(RESET)
 <LI><a href="#[3b]">TIM8_CC_IRQHandler</a> from startup_stm32f40xx.o(.text) referenced from startup_stm32f40xx.o(RESET)
 <LI><a href="#[3a]">TIM8_TRG_COM_TIM14_IRQHandler</a> from startup_stm32f40xx.o(.text) referenced from startup_stm32f40xx.o(RESET)
 <LI><a href="#[39]">TIM8_UP_TIM13_IRQHandler</a> from startup_stm32f40xx.o(.text) referenced from startup_stm32f40xx.o(RESET)
 <LI><a href="#[41]">UART4_IRQHandler</a> from stm32f4xx_it.o(i.UART4_IRQHandler) referenced from startup_stm32f40xx.o(RESET)
 <LI><a href="#[42]">UART5_IRQHandler</a> from stm32f4xx_it.o(i.UART5_IRQHandler) referenced from startup_stm32f40xx.o(RESET)
 <LI><a href="#[32]">USART1_IRQHandler</a> from startup_stm32f40xx.o(.text) referenced from startup_stm32f40xx.o(RESET)
 <LI><a href="#[33]">USART2_IRQHandler</a> from startup_stm32f40xx.o(.text) referenced from startup_stm32f40xx.o(RESET)
 <LI><a href="#[34]">USART3_IRQHandler</a> from stm32f4xx_it.o(i.USART3_IRQHandler) referenced from startup_stm32f40xx.o(RESET)
 <LI><a href="#[54]">USART6_IRQHandler</a> from startup_stm32f40xx.o(.text) referenced from startup_stm32f40xx.o(RESET)
 <LI><a href="#[8]">UsageFault_Handler</a> from stm32f4xx_it.o(i.UsageFault_Handler) referenced from startup_stm32f40xx.o(RESET)
 <LI><a href="#[d]">WWDG_IRQHandler</a> from startup_stm32f40xx.o(.text) referenced from startup_stm32f40xx.o(RESET)
 <LI><a href="#[6b]">ZR60Ctrl_10msTask</a> from main.o(i.ZR60Ctrl_10msTask) referenced from main.o(i.AppTaskCreate)
 <LI><a href="#[6a]">ZR60Ctrl_5msTask</a> from main.o(i.ZR60Ctrl_5msTask) referenced from main.o(i.AppTaskCreate)
 <LI><a href="#[61]">__main</a> from entry.o(.ARM.Collect$$$$00000000) referenced from startup_stm32f40xx.o(.text)
 <LI><a href="#[63]">_sbackspace</a> from _sgetc.o(.text) referenced 2 times from __0sscanf.o(.text)
 <LI><a href="#[64]">_scanf_char_input</a> from scanf_char.o(.text) referenced from scanf_char.o(.text)
 <LI><a href="#[62]">_sgetc</a> from _sgetc.o(.text) referenced 2 times from __0sscanf.o(.text)
 <LI><a href="#[79]">_snputc</a> from printfa.o(i._snputc) referenced from printfa.o(i.__0snprintf)
 <LI><a href="#[79]">_snputc</a> from printfa.o(i._snputc) referenced from printfa.o(i.__0vsnprintf)
 <LI><a href="#[7a]">_sputc</a> from printfa.o(i._sputc) referenced from printfa.o(i.__0sprintf)
 <LI><a href="#[7b]">arp_timer</a> from timers.o(i.arp_timer) referenced from timers.o(i.arp_timer)
 <LI><a href="#[7b]">arp_timer</a> from timers.o(i.arp_timer) referenced from timers.o(i.sys_timeouts_init)
 <LI><a href="#[7c]">dhcp_recv</a> from dhcp.o(i.dhcp_recv) referenced from dhcp.o(i.dhcp_start)
 <LI><a href="#[7d]">dhcp_timer_coarse</a> from timers.o(i.dhcp_timer_coarse) referenced from timers.o(i.dhcp_timer_coarse)
 <LI><a href="#[7d]">dhcp_timer_coarse</a> from timers.o(i.dhcp_timer_coarse) referenced from timers.o(i.sys_timeouts_init)
 <LI><a href="#[7e]">dhcp_timer_fine</a> from timers.o(i.dhcp_timer_fine) referenced from timers.o(i.dhcp_timer_fine)
 <LI><a href="#[7e]">dhcp_timer_fine</a> from timers.o(i.dhcp_timer_fine) referenced from timers.o(i.sys_timeouts_init)
 <LI><a href="#[77]">dnsAnalysis_DNSfound</a> from dnsanalysis.o(i.dnsAnalysis_DNSfound) referenced from dnsanalysis.o(i.TskdnsAnalysis_MainFunction)
 <LI><a href="#[7f]">dns_recv</a> from dns.o(i.dns_recv) referenced from dns.o(i.dns_init)
 <LI><a href="#[80]">dns_timer</a> from timers.o(i.dns_timer) referenced from timers.o(i.dns_timer)
 <LI><a href="#[80]">dns_timer</a> from timers.o(i.dns_timer) referenced from timers.o(i.sys_timeouts_init)
 <LI><a href="#[8e]">do_close</a> from api_msg.o(i.do_close) referenced from api_lib.o(i.netconn_close_shutdown)
 <LI><a href="#[8f]">do_connect</a> from api_msg.o(i.do_connect) referenced from api_lib.o(i.netconn_connect)
 <LI><a href="#[84]">do_connected</a> from api_msg.o(i.do_connected) referenced from api_msg.o(i.do_connect)
 <LI><a href="#[90]">do_delconn</a> from api_msg.o(i.do_delconn) referenced from api_lib.o(i.netconn_delete)
 <LI><a href="#[91]">do_getaddr</a> from api_msg.o(i.do_getaddr) referenced from api_lib.o(i.netconn_getaddr)
 <LI><a href="#[92]">do_newconn</a> from api_msg.o(i.do_newconn) referenced from api_lib.o(i.netconn_new_with_proto_and_callback)
 <LI><a href="#[93]">do_recv</a> from api_msg.o(i.do_recv) referenced from api_lib.o(i.netconn_recv_data)
 <LI><a href="#[93]">do_recv</a> from api_msg.o(i.do_recv) referenced from api_lib.o(i.netconn_recved)
 <LI><a href="#[94]">do_send</a> from api_msg.o(i.do_send) referenced from api_lib.o(i.netconn_send)
 <LI><a href="#[95]">do_write</a> from api_msg.o(i.do_write) referenced from api_lib.o(i.netconn_write_partly)
 <LI><a href="#[83]">err_tcp</a> from api_msg.o(i.err_tcp) referenced from api_msg.o(i.do_close_internal)
 <LI><a href="#[83]">err_tcp</a> from api_msg.o(i.err_tcp) referenced from api_msg.o(i.setup_tcp)
 <LI><a href="#[85]">etharp_output</a> from etharp.o(i.etharp_output) referenced from ethernetif.o(i.ethernetif_init)
 <LI><a href="#[70]">ethernet_input</a> from etharp.o(i.ethernet_input) referenced from netconf.o(i.LwIP_Init)
 <LI><a href="#[71]">ethernetif_init</a> from ethernetif.o(i.ethernetif_init) referenced from netconf.o(i.LwIP_Init)
 <LI><a href="#[8d]">event_callback</a> from sockets.o(i.event_callback) referenced from sockets.o(i.lwip_socket)
 <LI><a href="#[78]">fputc</a> from bsp_debug_usart.o(i.fputc) referenced from printfa.o(i.__0printf)
 <LI><a href="#[1]">free</a> from mallocr.o(i.__free$realloc) referenced 2 times from cjson.o(.data)
 <LI><a href="#[8a]">http_ConnectErr</a> from http_client_iap.o(i.http_ConnectErr) referenced from http_client_iap.o(i.http_client_iap_connect)
 <LI><a href="#[89]">http_client_connected</a> from http_client_iap.o(i.http_client_connected) referenced from http_client_iap.o(i.http_client_iap_connect)
 <LI><a href="#[88]">http_client_poll</a> from http_client_iap.o(i.http_client_poll) referenced from http_client_iap.o(i.http_client_connected)
 <LI><a href="#[87]">http_client_recv</a> from http_client_iap.o(i.http_client_recv) referenced from http_client_iap.o(i.http_client_connected)
 <LI><a href="#[69]">https_Task</a> from main.o(i.https_Task) referenced from main.o(i.AppTaskCreate)
 <LI><a href="#[67]">iap_Task</a> from main.o(i.iap_Task) referenced from main.o(i.AppTaskCreate)
 <LI><a href="#[8c]">ip_reass_timer</a> from timers.o(i.ip_reass_timer) referenced from timers.o(i.ip_reass_timer)
 <LI><a href="#[8c]">ip_reass_timer</a> from timers.o(i.ip_reass_timer) referenced from timers.o(i.sys_timeouts_init)
 <LI><a href="#[8b]">ipfrag_free_pbuf_custom</a> from ip_frag.o(i.ipfrag_free_pbuf_custom) referenced from ip_frag.o(i.ip_frag)
 <LI><a href="#[65]">isspace</a> from isspace_o.o(.text) referenced 2 times from scanf_char.o(.text)
 <LI><a href="#[86]">low_level_output</a> from ethernetif.o(i.low_level_output) referenced from ethernetif.o(i.ethernetif_init)
 <LI><a href="#[5f]">main</a> from main.o(i.main) referenced from entry9a.o(.ARM.Collect$$$$0000000B)
 <LI><a href="#[0]">malloc</a> from mallocr.o(i.__malloc$realloc) referenced 2 times from cjson.o(.data)
 <LI><a href="#[a8]">md5</a> from md5.o(i.md5) referenced from md_wrap.o(.constdata)
 <LI><a href="#[af]">md5_ctx_alloc</a> from md_wrap.o(i.md5_ctx_alloc) referenced from md_wrap.o(.constdata)
 <LI><a href="#[b0]">md5_ctx_free</a> from md_wrap.o(i.md5_ctx_free) referenced from md_wrap.o(.constdata)
 <LI><a href="#[a9]">md5_file_wrap</a> from md_wrap.o(i.md5_file_wrap) referenced from md_wrap.o(.constdata)
 <LI><a href="#[a7]">md5_finish_wrap</a> from md_wrap.o(i.md5_finish_wrap) referenced from md_wrap.o(.constdata)
 <LI><a href="#[ae]">md5_hmac</a> from md5.o(i.md5_hmac) referenced from md_wrap.o(.constdata)
 <LI><a href="#[ac]">md5_hmac_finish_wrap</a> from md_wrap.o(i.md5_hmac_finish_wrap) referenced from md_wrap.o(.constdata)
 <LI><a href="#[ad]">md5_hmac_reset_wrap</a> from md_wrap.o(i.md5_hmac_reset_wrap) referenced from md_wrap.o(.constdata)
 <LI><a href="#[aa]">md5_hmac_starts_wrap</a> from md_wrap.o(i.md5_hmac_starts_wrap) referenced from md_wrap.o(.constdata)
 <LI><a href="#[ab]">md5_hmac_update_wrap</a> from md_wrap.o(i.md5_hmac_update_wrap) referenced from md_wrap.o(.constdata)
 <LI><a href="#[a5]">md5_starts_wrap</a> from md_wrap.o(i.md5_starts_wrap) referenced from md_wrap.o(.constdata)
 <LI><a href="#[a6]">md5_update_wrap</a> from md_wrap.o(i.md5_update_wrap) referenced from md_wrap.o(.constdata)
 <LI><a href="#[9e]">my_debug</a> from tcp_client_shortconnect.o(i.my_debug) referenced from tcp_client_shortconnect.o(i.tcp_ShortConnect_MainFunction)
 <LI><a href="#[a0]">net_recv</a> from net.o(i.net_recv) referenced from tcp_client_shortconnect.o(i.tcp_ShortConnect_MainFunction)
 <LI><a href="#[9f]">net_send</a> from net.o(i.net_send) referenced from tcp_client_shortconnect.o(i.tcp_ShortConnect_MainFunction)
 <LI><a href="#[96]">ntpclient_Rcv_callback</a> from ntpclient.o(i.ntpclient_Rcv_callback) referenced from ntpclient.o(i.ntpclient_connect)
 <LI><a href="#[97]">pbuf_free_ooseq_callback</a> from pbuf.o(i.pbuf_free_ooseq_callback) referenced from pbuf.o(i.pbuf_pool_is_empty)
 <LI><a href="#[82]">poll_tcp</a> from api_msg.o(i.poll_tcp) referenced from api_msg.o(i.do_close_internal)
 <LI><a href="#[82]">poll_tcp</a> from api_msg.o(i.poll_tcp) referenced from api_msg.o(i.setup_tcp)
 <LI><a href="#[a4]">prvIdleTask</a> from tasks.o(i.prvIdleTask) referenced from tasks.o(i.vTaskStartScheduler)
 <LI><a href="#[9a]">prvTaskExitError</a> from port.o(i.prvTaskExitError) referenced from port.o(i.pxPortInitialiseStack)
 <LI><a href="#[2]">realloc</a> from mallocr.o(i.realloc) referenced 2 times from cjson.o(.data)
 <LI><a href="#[98]">recv_raw</a> from api_msg.o(i.recv_raw) referenced from api_msg.o(i.pcb_new)
 <LI><a href="#[9b]">recv_tcp</a> from api_msg.o(i.recv_tcp) referenced from api_msg.o(i.setup_tcp)
 <LI><a href="#[99]">recv_udp</a> from api_msg.o(i.recv_udp) referenced from api_msg.o(i.pcb_new)
 <LI><a href="#[81]">sent_tcp</a> from api_msg.o(i.sent_tcp) referenced from api_msg.o(i.do_close_internal)
 <LI><a href="#[81]">sent_tcp</a> from api_msg.o(i.sent_tcp) referenced from api_msg.o(i.setup_tcp)
 <LI><a href="#[b4]">sha1</a> from sha1.o(i.sha1) referenced from md_wrap.o(.constdata)
 <LI><a href="#[bb]">sha1_ctx_alloc</a> from md_wrap.o(i.sha1_ctx_alloc) referenced from md_wrap.o(.constdata)
 <LI><a href="#[bc]">sha1_ctx_free</a> from md_wrap.o(i.sha1_ctx_free) referenced from md_wrap.o(.constdata)
 <LI><a href="#[b5]">sha1_file_wrap</a> from md_wrap.o(i.sha1_file_wrap) referenced from md_wrap.o(.constdata)
 <LI><a href="#[b3]">sha1_finish_wrap</a> from md_wrap.o(i.sha1_finish_wrap) referenced from md_wrap.o(.constdata)
 <LI><a href="#[ba]">sha1_hmac</a> from sha1.o(i.sha1_hmac) referenced from md_wrap.o(.constdata)
 <LI><a href="#[b8]">sha1_hmac_finish_wrap</a> from md_wrap.o(i.sha1_hmac_finish_wrap) referenced from md_wrap.o(.constdata)
 <LI><a href="#[b9]">sha1_hmac_reset_wrap</a> from md_wrap.o(i.sha1_hmac_reset_wrap) referenced from md_wrap.o(.constdata)
 <LI><a href="#[b6]">sha1_hmac_starts_wrap</a> from md_wrap.o(i.sha1_hmac_starts_wrap) referenced from md_wrap.o(.constdata)
 <LI><a href="#[b7]">sha1_hmac_update_wrap</a> from md_wrap.o(i.sha1_hmac_update_wrap) referenced from md_wrap.o(.constdata)
 <LI><a href="#[b1]">sha1_starts_wrap</a> from md_wrap.o(i.sha1_starts_wrap) referenced from md_wrap.o(.constdata)
 <LI><a href="#[b2]">sha1_update_wrap</a> from md_wrap.o(i.sha1_update_wrap) referenced from md_wrap.o(.constdata)
 <LI><a href="#[c7]">sha224_ctx_alloc</a> from md_wrap.o(i.sha224_ctx_alloc) referenced from md_wrap.o(.constdata)
 <LI><a href="#[c8]">sha224_ctx_free</a> from md_wrap.o(i.sha224_ctx_free) referenced from md_wrap.o(.constdata)
 <LI><a href="#[c1]">sha224_file_wrap</a> from md_wrap.o(i.sha224_file_wrap) referenced from md_wrap.o(.constdata)
 <LI><a href="#[bf]">sha224_finish_wrap</a> from md_wrap.o(i.sha224_finish_wrap) referenced from md_wrap.o(.constdata)
 <LI><a href="#[c4]">sha224_hmac_finish_wrap</a> from md_wrap.o(i.sha224_hmac_finish_wrap) referenced from md_wrap.o(.constdata)
 <LI><a href="#[c5]">sha224_hmac_reset_wrap</a> from md_wrap.o(i.sha224_hmac_reset_wrap) referenced from md_wrap.o(.constdata)
 <LI><a href="#[c2]">sha224_hmac_starts_wrap</a> from md_wrap.o(i.sha224_hmac_starts_wrap) referenced from md_wrap.o(.constdata)
 <LI><a href="#[c3]">sha224_hmac_update_wrap</a> from md_wrap.o(i.sha224_hmac_update_wrap) referenced from md_wrap.o(.constdata)
 <LI><a href="#[c6]">sha224_hmac_wrap</a> from md_wrap.o(i.sha224_hmac_wrap) referenced from md_wrap.o(.constdata)
 <LI><a href="#[bd]">sha224_starts_wrap</a> from md_wrap.o(i.sha224_starts_wrap) referenced from md_wrap.o(.constdata)
 <LI><a href="#[be]">sha224_update_wrap</a> from md_wrap.o(i.sha224_update_wrap) referenced from md_wrap.o(.constdata)
 <LI><a href="#[c0]">sha224_wrap</a> from md_wrap.o(i.sha224_wrap) referenced from md_wrap.o(.constdata)
 <LI><a href="#[d3]">sha256_ctx_alloc</a> from md_wrap.o(i.sha256_ctx_alloc) referenced from md_wrap.o(.constdata)
 <LI><a href="#[d4]">sha256_ctx_free</a> from md_wrap.o(i.sha256_ctx_free) referenced from md_wrap.o(.constdata)
 <LI><a href="#[cd]">sha256_file_wrap</a> from md_wrap.o(i.sha256_file_wrap) referenced from md_wrap.o(.constdata)
 <LI><a href="#[cb]">sha256_finish_wrap</a> from md_wrap.o(i.sha256_finish_wrap) referenced from md_wrap.o(.constdata)
 <LI><a href="#[d0]">sha256_hmac_finish_wrap</a> from md_wrap.o(i.sha256_hmac_finish_wrap) referenced from md_wrap.o(.constdata)
 <LI><a href="#[d1]">sha256_hmac_reset_wrap</a> from md_wrap.o(i.sha256_hmac_reset_wrap) referenced from md_wrap.o(.constdata)
 <LI><a href="#[ce]">sha256_hmac_starts_wrap</a> from md_wrap.o(i.sha256_hmac_starts_wrap) referenced from md_wrap.o(.constdata)
 <LI><a href="#[cf]">sha256_hmac_update_wrap</a> from md_wrap.o(i.sha256_hmac_update_wrap) referenced from md_wrap.o(.constdata)
 <LI><a href="#[d2]">sha256_hmac_wrap</a> from md_wrap.o(i.sha256_hmac_wrap) referenced from md_wrap.o(.constdata)
 <LI><a href="#[c9]">sha256_starts_wrap</a> from md_wrap.o(i.sha256_starts_wrap) referenced from md_wrap.o(.constdata)
 <LI><a href="#[ca]">sha256_update_wrap</a> from md_wrap.o(i.sha256_update_wrap) referenced from md_wrap.o(.constdata)
 <LI><a href="#[cc]">sha256_wrap</a> from md_wrap.o(i.sha256_wrap) referenced from md_wrap.o(.constdata)
 <LI><a href="#[df]">sha384_ctx_alloc</a> from md_wrap.o(i.sha384_ctx_alloc) referenced from md_wrap.o(.constdata)
 <LI><a href="#[e0]">sha384_ctx_free</a> from md_wrap.o(i.sha384_ctx_free) referenced from md_wrap.o(.constdata)
 <LI><a href="#[d9]">sha384_file_wrap</a> from md_wrap.o(i.sha384_file_wrap) referenced from md_wrap.o(.constdata)
 <LI><a href="#[d7]">sha384_finish_wrap</a> from md_wrap.o(i.sha384_finish_wrap) referenced from md_wrap.o(.constdata)
 <LI><a href="#[dc]">sha384_hmac_finish_wrap</a> from md_wrap.o(i.sha384_hmac_finish_wrap) referenced from md_wrap.o(.constdata)
 <LI><a href="#[dd]">sha384_hmac_reset_wrap</a> from md_wrap.o(i.sha384_hmac_reset_wrap) referenced from md_wrap.o(.constdata)
 <LI><a href="#[da]">sha384_hmac_starts_wrap</a> from md_wrap.o(i.sha384_hmac_starts_wrap) referenced from md_wrap.o(.constdata)
 <LI><a href="#[db]">sha384_hmac_update_wrap</a> from md_wrap.o(i.sha384_hmac_update_wrap) referenced from md_wrap.o(.constdata)
 <LI><a href="#[de]">sha384_hmac_wrap</a> from md_wrap.o(i.sha384_hmac_wrap) referenced from md_wrap.o(.constdata)
 <LI><a href="#[d5]">sha384_starts_wrap</a> from md_wrap.o(i.sha384_starts_wrap) referenced from md_wrap.o(.constdata)
 <LI><a href="#[d6]">sha384_update_wrap</a> from md_wrap.o(i.sha384_update_wrap) referenced from md_wrap.o(.constdata)
 <LI><a href="#[d8]">sha384_wrap</a> from md_wrap.o(i.sha384_wrap) referenced from md_wrap.o(.constdata)
 <LI><a href="#[eb]">sha512_ctx_alloc</a> from md_wrap.o(i.sha512_ctx_alloc) referenced from md_wrap.o(.constdata)
 <LI><a href="#[ec]">sha512_ctx_free</a> from md_wrap.o(i.sha512_ctx_free) referenced from md_wrap.o(.constdata)
 <LI><a href="#[e5]">sha512_file_wrap</a> from md_wrap.o(i.sha512_file_wrap) referenced from md_wrap.o(.constdata)
 <LI><a href="#[e3]">sha512_finish_wrap</a> from md_wrap.o(i.sha512_finish_wrap) referenced from md_wrap.o(.constdata)
 <LI><a href="#[e8]">sha512_hmac_finish_wrap</a> from md_wrap.o(i.sha512_hmac_finish_wrap) referenced from md_wrap.o(.constdata)
 <LI><a href="#[e9]">sha512_hmac_reset_wrap</a> from md_wrap.o(i.sha512_hmac_reset_wrap) referenced from md_wrap.o(.constdata)
 <LI><a href="#[e6]">sha512_hmac_starts_wrap</a> from md_wrap.o(i.sha512_hmac_starts_wrap) referenced from md_wrap.o(.constdata)
 <LI><a href="#[e7]">sha512_hmac_update_wrap</a> from md_wrap.o(i.sha512_hmac_update_wrap) referenced from md_wrap.o(.constdata)
 <LI><a href="#[ea]">sha512_hmac_wrap</a> from md_wrap.o(i.sha512_hmac_wrap) referenced from md_wrap.o(.constdata)
 <LI><a href="#[e1]">sha512_starts_wrap</a> from md_wrap.o(i.sha512_starts_wrap) referenced from md_wrap.o(.constdata)
 <LI><a href="#[e2]">sha512_update_wrap</a> from md_wrap.o(i.sha512_update_wrap) referenced from md_wrap.o(.constdata)
 <LI><a href="#[e4]">sha512_wrap</a> from md_wrap.o(i.sha512_wrap) referenced from md_wrap.o(.constdata)
 <LI><a href="#[9c]">tcp_client_LngConnect_callback</a> from tcp_client_lngconnect.o(i.tcp_client_LngConnect_callback) referenced from tcp_client_lngconnect.o(i.tcp_LngConnect_Parameter)
 <LI><a href="#[a1]">tcp_recv_null</a> from tcp.o(i.tcp_recv_null) referenced from tcp.o(i.tcp_alloc)
 <LI><a href="#[a2]">tcpip_tcp_timer</a> from timers.o(i.tcpip_tcp_timer) referenced from timers.o(i.tcp_timer_needed)
 <LI><a href="#[a2]">tcpip_tcp_timer</a> from timers.o(i.tcpip_tcp_timer) referenced from timers.o(i.tcpip_tcp_timer)
 <LI><a href="#[a3]">tcpip_thread</a> from tcpip.o(i.tcpip_thread) referenced from tcpip.o(i.tcpip_init)
 <LI><a href="#[6e]">vTaskFeedDog</a> from main.o(i.vTaskFeedDog) referenced from main.o(i.AppTaskCreate)
</UL>
<P>
<H3>
Global Symbols
</H3>
<P><STRONG><a name="[61]"></a>__main</STRONG> (Thumb, 0 bytes, Stack size unknown bytes, entry.o(.ARM.Collect$$$$00000000))
<BR>[Address Reference Count : 1]<UL><LI> startup_stm32f40xx.o(.text)
</UL>
<P><STRONG><a name="[490]"></a>_main_stk</STRONG> (Thumb, 0 bytes, Stack size unknown bytes, entry2.o(.ARM.Collect$$$$00000001))

<P><STRONG><a name="[ed]"></a>_main_scatterload</STRONG> (Thumb, 0 bytes, Stack size unknown bytes, entry5.o(.ARM.Collect$$$$00000004))
<BR><BR>[Calls]<UL><LI><a href="#[ee]">&gt;&gt;</a>&nbsp;&nbsp;&nbsp;__scatterload
</UL>

<P><STRONG><a name="[11b]"></a>__main_after_scatterload</STRONG> (Thumb, 0 bytes, Stack size unknown bytes, entry5.o(.ARM.Collect$$$$00000004))
<BR><BR>[Called By]<UL><LI><a href="#[ee]">&gt;&gt;</a>&nbsp;&nbsp;&nbsp;__scatterload
</UL>

<P><STRONG><a name="[491]"></a>_main_clock</STRONG> (Thumb, 0 bytes, Stack size unknown bytes, entry7b.o(.ARM.Collect$$$$00000008))

<P><STRONG><a name="[492]"></a>_main_cpp_init</STRONG> (Thumb, 0 bytes, Stack size unknown bytes, entry8b.o(.ARM.Collect$$$$0000000A))

<P><STRONG><a name="[493]"></a>_main_init</STRONG> (Thumb, 0 bytes, Stack size unknown bytes, entry9a.o(.ARM.Collect$$$$0000000B))

<P><STRONG><a name="[494]"></a>__rt_final_cpp</STRONG> (Thumb, 0 bytes, Stack size unknown bytes, entry10a.o(.ARM.Collect$$$$0000000D))

<P><STRONG><a name="[495]"></a>__rt_final_exit</STRONG> (Thumb, 0 bytes, Stack size unknown bytes, entry11a.o(.ARM.Collect$$$$0000000F))

<P><STRONG><a name="[9]"></a>SVC_Handler</STRONG> (Thumb, 28 bytes, Stack size 0 bytes, port.o(.emb_text))
<BR>[Address Reference Count : 1]<UL><LI> startup_stm32f40xx.o(RESET)
</UL>
<P><STRONG><a name="[488]"></a>__asm___6_port_c_39a90d8d__prvStartFirstTask</STRONG> (Thumb, 28 bytes, Stack size 0 bytes, port.o(.emb_text))
<BR><BR>[Called By]<UL><LI><a href="#[46b]">&gt;&gt;</a>&nbsp;&nbsp;&nbsp;xPortStartScheduler
</UL>

<P><STRONG><a name="[487]"></a>__asm___6_port_c_39a90d8d__prvEnableVFP</STRONG> (Thumb, 16 bytes, Stack size 0 bytes, port.o(.emb_text))
<BR><BR>[Called By]<UL><LI><a href="#[46b]">&gt;&gt;</a>&nbsp;&nbsp;&nbsp;xPortStartScheduler
</UL>

<P><STRONG><a name="[b]"></a>PendSV_Handler</STRONG> (Thumb, 88 bytes, Stack size 0 bytes, port.o(.emb_text))
<BR><BR>[Calls]<UL><LI><a href="#[ef]">&gt;&gt;</a>&nbsp;&nbsp;&nbsp;vTaskSwitchContext
</UL>
<BR>[Address Reference Count : 1]<UL><LI> startup_stm32f40xx.o(RESET)
</UL>
<P><STRONG><a name="[496]"></a>vPortGetIPSR</STRONG> (Thumb, 6 bytes, Stack size 0 bytes, port.o(.emb_text), UNUSED)

<P><STRONG><a name="[3]"></a>Reset_Handler</STRONG> (Thumb, 8 bytes, Stack size 0 bytes, startup_stm32f40xx.o(.text))
<BR>[Address Reference Count : 1]<UL><LI> startup_stm32f40xx.o(RESET)
</UL>
<P><STRONG><a name="[1f]"></a>ADC_IRQHandler</STRONG> (Thumb, 0 bytes, Stack size 0 bytes, startup_stm32f40xx.o(.text))
<BR><BR>[Calls]<UL><LI><a href="#[1f]">&gt;&gt;</a>&nbsp;&nbsp;&nbsp;ADC_IRQHandler
</UL>
<BR>[Called By]<UL><LI><a href="#[1f]">&gt;&gt;</a>&nbsp;&nbsp;&nbsp;ADC_IRQHandler
</UL>
<BR>[Address Reference Count : 1]<UL><LI> startup_stm32f40xx.o(RESET)
</UL>
<P><STRONG><a name="[21]"></a>CAN1_RX0_IRQHandler</STRONG> (Thumb, 0 bytes, Stack size 0 bytes, startup_stm32f40xx.o(.text))
<BR>[Address Reference Count : 1]<UL><LI> startup_stm32f40xx.o(RESET)
</UL>
<P><STRONG><a name="[22]"></a>CAN1_RX1_IRQHandler</STRONG> (Thumb, 0 bytes, Stack size 0 bytes, startup_stm32f40xx.o(.text))
<BR>[Address Reference Count : 1]<UL><LI> startup_stm32f40xx.o(RESET)
</UL>
<P><STRONG><a name="[23]"></a>CAN1_SCE_IRQHandler</STRONG> (Thumb, 0 bytes, Stack size 0 bytes, startup_stm32f40xx.o(.text))
<BR>[Address Reference Count : 1]<UL><LI> startup_stm32f40xx.o(RESET)
</UL>
<P><STRONG><a name="[20]"></a>CAN1_TX_IRQHandler</STRONG> (Thumb, 0 bytes, Stack size 0 bytes, startup_stm32f40xx.o(.text))
<BR>[Address Reference Count : 1]<UL><LI> startup_stm32f40xx.o(RESET)
</UL>
<P><STRONG><a name="[4d]"></a>CAN2_RX0_IRQHandler</STRONG> (Thumb, 0 bytes, Stack size 0 bytes, startup_stm32f40xx.o(.text))
<BR>[Address Reference Count : 1]<UL><LI> startup_stm32f40xx.o(RESET)
</UL>
<P><STRONG><a name="[4e]"></a>CAN2_RX1_IRQHandler</STRONG> (Thumb, 0 bytes, Stack size 0 bytes, startup_stm32f40xx.o(.text))
<BR>[Address Reference Count : 1]<UL><LI> startup_stm32f40xx.o(RESET)
</UL>
<P><STRONG><a name="[4f]"></a>CAN2_SCE_IRQHandler</STRONG> (Thumb, 0 bytes, Stack size 0 bytes, startup_stm32f40xx.o(.text))
<BR>[Address Reference Count : 1]<UL><LI> startup_stm32f40xx.o(RESET)
</UL>
<P><STRONG><a name="[4c]"></a>CAN2_TX_IRQHandler</STRONG> (Thumb, 0 bytes, Stack size 0 bytes, startup_stm32f40xx.o(.text))
<BR>[Address Reference Count : 1]<UL><LI> startup_stm32f40xx.o(RESET)
</UL>
<P><STRONG><a name="[5c]"></a>CRYP_IRQHandler</STRONG> (Thumb, 0 bytes, Stack size 0 bytes, startup_stm32f40xx.o(.text))
<BR>[Address Reference Count : 1]<UL><LI> startup_stm32f40xx.o(RESET)
</UL>
<P><STRONG><a name="[5b]"></a>DCMI_IRQHandler</STRONG> (Thumb, 0 bytes, Stack size 0 bytes, startup_stm32f40xx.o(.text))
<BR>[Address Reference Count : 1]<UL><LI> startup_stm32f40xx.o(RESET)
</UL>
<P><STRONG><a name="[18]"></a>DMA1_Stream0_IRQHandler</STRONG> (Thumb, 0 bytes, Stack size 0 bytes, startup_stm32f40xx.o(.text))
<BR>[Address Reference Count : 1]<UL><LI> startup_stm32f40xx.o(RESET)
</UL>
<P><STRONG><a name="[19]"></a>DMA1_Stream1_IRQHandler</STRONG> (Thumb, 0 bytes, Stack size 0 bytes, startup_stm32f40xx.o(.text))
<BR>[Address Reference Count : 1]<UL><LI> startup_stm32f40xx.o(RESET)
</UL>
<P><STRONG><a name="[1a]"></a>DMA1_Stream2_IRQHandler</STRONG> (Thumb, 0 bytes, Stack size 0 bytes, startup_stm32f40xx.o(.text))
<BR>[Address Reference Count : 1]<UL><LI> startup_stm32f40xx.o(RESET)
</UL>
<P><STRONG><a name="[1d]"></a>DMA1_Stream5_IRQHandler</STRONG> (Thumb, 0 bytes, Stack size 0 bytes, startup_stm32f40xx.o(.text))
<BR>[Address Reference Count : 1]<UL><LI> startup_stm32f40xx.o(RESET)
</UL>
<P><STRONG><a name="[1e]"></a>DMA1_Stream6_IRQHandler</STRONG> (Thumb, 0 bytes, Stack size 0 bytes, startup_stm32f40xx.o(.text))
<BR>[Address Reference Count : 1]<UL><LI> startup_stm32f40xx.o(RESET)
</UL>
<P><STRONG><a name="[3c]"></a>DMA1_Stream7_IRQHandler</STRONG> (Thumb, 0 bytes, Stack size 0 bytes, startup_stm32f40xx.o(.text))
<BR>[Address Reference Count : 1]<UL><LI> startup_stm32f40xx.o(RESET)
</UL>
<P><STRONG><a name="[45]"></a>DMA2_Stream0_IRQHandler</STRONG> (Thumb, 0 bytes, Stack size 0 bytes, startup_stm32f40xx.o(.text))
<BR>[Address Reference Count : 1]<UL><LI> startup_stm32f40xx.o(RESET)
</UL>
<P><STRONG><a name="[46]"></a>DMA2_Stream1_IRQHandler</STRONG> (Thumb, 0 bytes, Stack size 0 bytes, startup_stm32f40xx.o(.text))
<BR>[Address Reference Count : 1]<UL><LI> startup_stm32f40xx.o(RESET)
</UL>
<P><STRONG><a name="[47]"></a>DMA2_Stream2_IRQHandler</STRONG> (Thumb, 0 bytes, Stack size 0 bytes, startup_stm32f40xx.o(.text))
<BR>[Address Reference Count : 1]<UL><LI> startup_stm32f40xx.o(RESET)
</UL>
<P><STRONG><a name="[48]"></a>DMA2_Stream3_IRQHandler</STRONG> (Thumb, 0 bytes, Stack size 0 bytes, startup_stm32f40xx.o(.text))
<BR>[Address Reference Count : 1]<UL><LI> startup_stm32f40xx.o(RESET)
</UL>
<P><STRONG><a name="[49]"></a>DMA2_Stream4_IRQHandler</STRONG> (Thumb, 0 bytes, Stack size 0 bytes, startup_stm32f40xx.o(.text))
<BR>[Address Reference Count : 1]<UL><LI> startup_stm32f40xx.o(RESET)
</UL>
<P><STRONG><a name="[51]"></a>DMA2_Stream5_IRQHandler</STRONG> (Thumb, 0 bytes, Stack size 0 bytes, startup_stm32f40xx.o(.text))
<BR>[Address Reference Count : 1]<UL><LI> startup_stm32f40xx.o(RESET)
</UL>
<P><STRONG><a name="[52]"></a>DMA2_Stream6_IRQHandler</STRONG> (Thumb, 0 bytes, Stack size 0 bytes, startup_stm32f40xx.o(.text))
<BR>[Address Reference Count : 1]<UL><LI> startup_stm32f40xx.o(RESET)
</UL>
<P><STRONG><a name="[53]"></a>DMA2_Stream7_IRQHandler</STRONG> (Thumb, 0 bytes, Stack size 0 bytes, startup_stm32f40xx.o(.text))
<BR>[Address Reference Count : 1]<UL><LI> startup_stm32f40xx.o(RESET)
</UL>
<P><STRONG><a name="[4b]"></a>ETH_WKUP_IRQHandler</STRONG> (Thumb, 0 bytes, Stack size 0 bytes, startup_stm32f40xx.o(.text))
<BR>[Address Reference Count : 1]<UL><LI> startup_stm32f40xx.o(RESET)
</UL>
<P><STRONG><a name="[13]"></a>EXTI0_IRQHandler</STRONG> (Thumb, 0 bytes, Stack size 0 bytes, startup_stm32f40xx.o(.text))
<BR>[Address Reference Count : 1]<UL><LI> startup_stm32f40xx.o(RESET)
</UL>
<P><STRONG><a name="[35]"></a>EXTI15_10_IRQHandler</STRONG> (Thumb, 0 bytes, Stack size 0 bytes, startup_stm32f40xx.o(.text))
<BR>[Address Reference Count : 1]<UL><LI> startup_stm32f40xx.o(RESET)
</UL>
<P><STRONG><a name="[14]"></a>EXTI1_IRQHandler</STRONG> (Thumb, 0 bytes, Stack size 0 bytes, startup_stm32f40xx.o(.text))
<BR>[Address Reference Count : 1]<UL><LI> startup_stm32f40xx.o(RESET)
</UL>
<P><STRONG><a name="[16]"></a>EXTI3_IRQHandler</STRONG> (Thumb, 0 bytes, Stack size 0 bytes, startup_stm32f40xx.o(.text))
<BR>[Address Reference Count : 1]<UL><LI> startup_stm32f40xx.o(RESET)
</UL>
<P><STRONG><a name="[17]"></a>EXTI4_IRQHandler</STRONG> (Thumb, 0 bytes, Stack size 0 bytes, startup_stm32f40xx.o(.text))
<BR>[Address Reference Count : 1]<UL><LI> startup_stm32f40xx.o(RESET)
</UL>
<P><STRONG><a name="[24]"></a>EXTI9_5_IRQHandler</STRONG> (Thumb, 0 bytes, Stack size 0 bytes, startup_stm32f40xx.o(.text))
<BR>[Address Reference Count : 1]<UL><LI> startup_stm32f40xx.o(RESET)
</UL>
<P><STRONG><a name="[11]"></a>FLASH_IRQHandler</STRONG> (Thumb, 0 bytes, Stack size 0 bytes, startup_stm32f40xx.o(.text))
<BR>[Address Reference Count : 1]<UL><LI> startup_stm32f40xx.o(RESET)
</UL>
<P><STRONG><a name="[5e]"></a>FPU_IRQHandler</STRONG> (Thumb, 0 bytes, Stack size 0 bytes, startup_stm32f40xx.o(.text))
<BR>[Address Reference Count : 1]<UL><LI> startup_stm32f40xx.o(RESET)
</UL>
<P><STRONG><a name="[3d]"></a>FSMC_IRQHandler</STRONG> (Thumb, 0 bytes, Stack size 0 bytes, startup_stm32f40xx.o(.text))
<BR>[Address Reference Count : 1]<UL><LI> startup_stm32f40xx.o(RESET)
</UL>
<P><STRONG><a name="[5d]"></a>HASH_RNG_IRQHandler</STRONG> (Thumb, 0 bytes, Stack size 0 bytes, startup_stm32f40xx.o(.text))
<BR>[Address Reference Count : 1]<UL><LI> startup_stm32f40xx.o(RESET)
</UL>
<P><STRONG><a name="[2d]"></a>I2C1_ER_IRQHandler</STRONG> (Thumb, 0 bytes, Stack size 0 bytes, startup_stm32f40xx.o(.text))
<BR>[Address Reference Count : 1]<UL><LI> startup_stm32f40xx.o(RESET)
</UL>
<P><STRONG><a name="[2c]"></a>I2C1_EV_IRQHandler</STRONG> (Thumb, 0 bytes, Stack size 0 bytes, startup_stm32f40xx.o(.text))
<BR>[Address Reference Count : 1]<UL><LI> startup_stm32f40xx.o(RESET)
</UL>
<P><STRONG><a name="[2f]"></a>I2C2_ER_IRQHandler</STRONG> (Thumb, 0 bytes, Stack size 0 bytes, startup_stm32f40xx.o(.text))
<BR>[Address Reference Count : 1]<UL><LI> startup_stm32f40xx.o(RESET)
</UL>
<P><STRONG><a name="[2e]"></a>I2C2_EV_IRQHandler</STRONG> (Thumb, 0 bytes, Stack size 0 bytes, startup_stm32f40xx.o(.text))
<BR>[Address Reference Count : 1]<UL><LI> startup_stm32f40xx.o(RESET)
</UL>
<P><STRONG><a name="[56]"></a>I2C3_ER_IRQHandler</STRONG> (Thumb, 0 bytes, Stack size 0 bytes, startup_stm32f40xx.o(.text))
<BR>[Address Reference Count : 1]<UL><LI> startup_stm32f40xx.o(RESET)
</UL>
<P><STRONG><a name="[55]"></a>I2C3_EV_IRQHandler</STRONG> (Thumb, 0 bytes, Stack size 0 bytes, startup_stm32f40xx.o(.text))
<BR>[Address Reference Count : 1]<UL><LI> startup_stm32f40xx.o(RESET)
</UL>
<P><STRONG><a name="[50]"></a>OTG_FS_IRQHandler</STRONG> (Thumb, 0 bytes, Stack size 0 bytes, startup_stm32f40xx.o(.text))
<BR>[Address Reference Count : 1]<UL><LI> startup_stm32f40xx.o(RESET)
</UL>
<P><STRONG><a name="[37]"></a>OTG_FS_WKUP_IRQHandler</STRONG> (Thumb, 0 bytes, Stack size 0 bytes, startup_stm32f40xx.o(.text))
<BR>[Address Reference Count : 1]<UL><LI> startup_stm32f40xx.o(RESET)
</UL>
<P><STRONG><a name="[58]"></a>OTG_HS_EP1_IN_IRQHandler</STRONG> (Thumb, 0 bytes, Stack size 0 bytes, startup_stm32f40xx.o(.text))
<BR>[Address Reference Count : 1]<UL><LI> startup_stm32f40xx.o(RESET)
</UL>
<P><STRONG><a name="[57]"></a>OTG_HS_EP1_OUT_IRQHandler</STRONG> (Thumb, 0 bytes, Stack size 0 bytes, startup_stm32f40xx.o(.text))
<BR>[Address Reference Count : 1]<UL><LI> startup_stm32f40xx.o(RESET)
</UL>
<P><STRONG><a name="[5a]"></a>OTG_HS_IRQHandler</STRONG> (Thumb, 0 bytes, Stack size 0 bytes, startup_stm32f40xx.o(.text))
<BR>[Address Reference Count : 1]<UL><LI> startup_stm32f40xx.o(RESET)
</UL>
<P><STRONG><a name="[59]"></a>OTG_HS_WKUP_IRQHandler</STRONG> (Thumb, 0 bytes, Stack size 0 bytes, startup_stm32f40xx.o(.text))
<BR>[Address Reference Count : 1]<UL><LI> startup_stm32f40xx.o(RESET)
</UL>
<P><STRONG><a name="[e]"></a>PVD_IRQHandler</STRONG> (Thumb, 0 bytes, Stack size 0 bytes, startup_stm32f40xx.o(.text))
<BR>[Address Reference Count : 1]<UL><LI> startup_stm32f40xx.o(RESET)
</UL>
<P><STRONG><a name="[12]"></a>RCC_IRQHandler</STRONG> (Thumb, 0 bytes, Stack size 0 bytes, startup_stm32f40xx.o(.text))
<BR>[Address Reference Count : 1]<UL><LI> startup_stm32f40xx.o(RESET)
</UL>
<P><STRONG><a name="[36]"></a>RTC_Alarm_IRQHandler</STRONG> (Thumb, 0 bytes, Stack size 0 bytes, startup_stm32f40xx.o(.text))
<BR>[Address Reference Count : 1]<UL><LI> startup_stm32f40xx.o(RESET)
</UL>
<P><STRONG><a name="[10]"></a>RTC_WKUP_IRQHandler</STRONG> (Thumb, 0 bytes, Stack size 0 bytes, startup_stm32f40xx.o(.text))
<BR>[Address Reference Count : 1]<UL><LI> startup_stm32f40xx.o(RESET)
</UL>
<P><STRONG><a name="[3e]"></a>SDIO_IRQHandler</STRONG> (Thumb, 0 bytes, Stack size 0 bytes, startup_stm32f40xx.o(.text))
<BR>[Address Reference Count : 1]<UL><LI> startup_stm32f40xx.o(RESET)
</UL>
<P><STRONG><a name="[30]"></a>SPI1_IRQHandler</STRONG> (Thumb, 0 bytes, Stack size 0 bytes, startup_stm32f40xx.o(.text))
<BR>[Address Reference Count : 1]<UL><LI> startup_stm32f40xx.o(RESET)
</UL>
<P><STRONG><a name="[31]"></a>SPI2_IRQHandler</STRONG> (Thumb, 0 bytes, Stack size 0 bytes, startup_stm32f40xx.o(.text))
<BR>[Address Reference Count : 1]<UL><LI> startup_stm32f40xx.o(RESET)
</UL>
<P><STRONG><a name="[40]"></a>SPI3_IRQHandler</STRONG> (Thumb, 0 bytes, Stack size 0 bytes, startup_stm32f40xx.o(.text))
<BR>[Address Reference Count : 1]<UL><LI> startup_stm32f40xx.o(RESET)
</UL>
<P><STRONG><a name="[f]"></a>TAMP_STAMP_IRQHandler</STRONG> (Thumb, 0 bytes, Stack size 0 bytes, startup_stm32f40xx.o(.text))
<BR>[Address Reference Count : 1]<UL><LI> startup_stm32f40xx.o(RESET)
</UL>
<P><STRONG><a name="[25]"></a>TIM1_BRK_TIM9_IRQHandler</STRONG> (Thumb, 0 bytes, Stack size 0 bytes, startup_stm32f40xx.o(.text))
<BR>[Address Reference Count : 1]<UL><LI> startup_stm32f40xx.o(RESET)
</UL>
<P><STRONG><a name="[28]"></a>TIM1_CC_IRQHandler</STRONG> (Thumb, 0 bytes, Stack size 0 bytes, startup_stm32f40xx.o(.text))
<BR>[Address Reference Count : 1]<UL><LI> startup_stm32f40xx.o(RESET)
</UL>
<P><STRONG><a name="[27]"></a>TIM1_TRG_COM_TIM11_IRQHandler</STRONG> (Thumb, 0 bytes, Stack size 0 bytes, startup_stm32f40xx.o(.text))
<BR>[Address Reference Count : 1]<UL><LI> startup_stm32f40xx.o(RESET)
</UL>
<P><STRONG><a name="[26]"></a>TIM1_UP_TIM10_IRQHandler</STRONG> (Thumb, 0 bytes, Stack size 0 bytes, startup_stm32f40xx.o(.text))
<BR>[Address Reference Count : 1]<UL><LI> startup_stm32f40xx.o(RESET)
</UL>
<P><STRONG><a name="[29]"></a>TIM2_IRQHandler</STRONG> (Thumb, 0 bytes, Stack size 0 bytes, startup_stm32f40xx.o(.text))
<BR>[Address Reference Count : 1]<UL><LI> startup_stm32f40xx.o(RESET)
</UL>
<P><STRONG><a name="[2a]"></a>TIM3_IRQHandler</STRONG> (Thumb, 0 bytes, Stack size 0 bytes, startup_stm32f40xx.o(.text))
<BR>[Address Reference Count : 1]<UL><LI> startup_stm32f40xx.o(RESET)
</UL>
<P><STRONG><a name="[2b]"></a>TIM4_IRQHandler</STRONG> (Thumb, 0 bytes, Stack size 0 bytes, startup_stm32f40xx.o(.text))
<BR>[Address Reference Count : 1]<UL><LI> startup_stm32f40xx.o(RESET)
</UL>
<P><STRONG><a name="[3f]"></a>TIM5_IRQHandler</STRONG> (Thumb, 0 bytes, Stack size 0 bytes, startup_stm32f40xx.o(.text))
<BR>[Address Reference Count : 1]<UL><LI> startup_stm32f40xx.o(RESET)
</UL>
<P><STRONG><a name="[43]"></a>TIM6_DAC_IRQHandler</STRONG> (Thumb, 0 bytes, Stack size 0 bytes, startup_stm32f40xx.o(.text))
<BR>[Address Reference Count : 1]<UL><LI> startup_stm32f40xx.o(RESET)
</UL>
<P><STRONG><a name="[44]"></a>TIM7_IRQHandler</STRONG> (Thumb, 0 bytes, Stack size 0 bytes, startup_stm32f40xx.o(.text))
<BR>[Address Reference Count : 1]<UL><LI> startup_stm32f40xx.o(RESET)
</UL>
<P><STRONG><a name="[38]"></a>TIM8_BRK_TIM12_IRQHandler</STRONG> (Thumb, 0 bytes, Stack size 0 bytes, startup_stm32f40xx.o(.text))
<BR>[Address Reference Count : 1]<UL><LI> startup_stm32f40xx.o(RESET)
</UL>
<P><STRONG><a name="[3b]"></a>TIM8_CC_IRQHandler</STRONG> (Thumb, 0 bytes, Stack size 0 bytes, startup_stm32f40xx.o(.text))
<BR>[Address Reference Count : 1]<UL><LI> startup_stm32f40xx.o(RESET)
</UL>
<P><STRONG><a name="[3a]"></a>TIM8_TRG_COM_TIM14_IRQHandler</STRONG> (Thumb, 0 bytes, Stack size 0 bytes, startup_stm32f40xx.o(.text))
<BR>[Address Reference Count : 1]<UL><LI> startup_stm32f40xx.o(RESET)
</UL>
<P><STRONG><a name="[39]"></a>TIM8_UP_TIM13_IRQHandler</STRONG> (Thumb, 0 bytes, Stack size 0 bytes, startup_stm32f40xx.o(.text))
<BR>[Address Reference Count : 1]<UL><LI> startup_stm32f40xx.o(RESET)
</UL>
<P><STRONG><a name="[32]"></a>USART1_IRQHandler</STRONG> (Thumb, 0 bytes, Stack size 0 bytes, startup_stm32f40xx.o(.text))
<BR>[Address Reference Count : 1]<UL><LI> startup_stm32f40xx.o(RESET)
</UL>
<P><STRONG><a name="[33]"></a>USART2_IRQHandler</STRONG> (Thumb, 0 bytes, Stack size 0 bytes, startup_stm32f40xx.o(.text))
<BR>[Address Reference Count : 1]<UL><LI> startup_stm32f40xx.o(RESET)
</UL>
<P><STRONG><a name="[54]"></a>USART6_IRQHandler</STRONG> (Thumb, 0 bytes, Stack size 0 bytes, startup_stm32f40xx.o(.text))
<BR>[Address Reference Count : 1]<UL><LI> startup_stm32f40xx.o(RESET)
</UL>
<P><STRONG><a name="[d]"></a>WWDG_IRQHandler</STRONG> (Thumb, 0 bytes, Stack size 0 bytes, startup_stm32f40xx.o(.text))
<BR>[Address Reference Count : 1]<UL><LI> startup_stm32f40xx.o(RESET)
</UL>
<P><STRONG><a name="[f0]"></a>__aeabi_uldivmod</STRONG> (Thumb, 98 bytes, Stack size 40 bytes, uldiv.o(.text))
<BR><BR>[Stack]<UL><LI>Max Depth = 40<LI>Call Chain = __aeabi_uldivmod
</UL>
<BR>[Calls]<UL><LI><a href="#[f1]">&gt;&gt;</a>&nbsp;&nbsp;&nbsp;__aeabi_llsr
<LI><a href="#[f2]">&gt;&gt;</a>&nbsp;&nbsp;&nbsp;__aeabi_llsl
</UL>
<BR>[Called By]<UL><LI><a href="#[307]">&gt;&gt;</a>&nbsp;&nbsp;&nbsp;get_sm3_pass
<LI><a href="#[25d]">&gt;&gt;</a>&nbsp;&nbsp;&nbsp;_printf_core
<LI><a href="#[263]">&gt;&gt;</a>&nbsp;&nbsp;&nbsp;_fp_digits
</UL>

<P><STRONG><a name="[306]"></a>tolower</STRONG> (Thumb, 12 bytes, Stack size 0 bytes, tolower.o(.text))
<BR><BR>[Called By]<UL><LI><a href="#[280]">&gt;&gt;</a>&nbsp;&nbsp;&nbsp;get_object_item
</UL>

<P><STRONG><a name="[f3]"></a>mktime</STRONG> (Thumb, 150 bytes, Stack size 16 bytes, mktime.o(.text))
<BR><BR>[Stack]<UL><LI>Max Depth = 24<LI>Call Chain = mktime &rArr; _localtime
</UL>
<BR>[Calls]<UL><LI><a href="#[f4]">&gt;&gt;</a>&nbsp;&nbsp;&nbsp;_localtime
</UL>
<BR>[Called By]<UL><LI><a href="#[177]">&gt;&gt;</a>&nbsp;&nbsp;&nbsp;GetTick
</UL>

<P><STRONG><a name="[f7]"></a>strftime</STRONG> (Thumb, 580 bytes, Stack size 72 bytes, strftime.o(.text))
<BR><BR>[Stack]<UL><LI>Max Depth = 88<LI>Call Chain = strftime &rArr; _isoweek
</UL>
<BR>[Calls]<UL><LI><a href="#[f5]">&gt;&gt;</a>&nbsp;&nbsp;&nbsp;_isoweek
</UL>
<BR>[Called By]<UL><LI><a href="#[24d]">&gt;&gt;</a>&nbsp;&nbsp;&nbsp;timestamp_strBJtime
</UL>

<P><STRONG><a name="[497]"></a>___aeabi_memcpy8$move</STRONG> (Thumb, 0 bytes, Stack size 8 bytes, memmovea.o(.text), UNUSED)

<P><STRONG><a name="[1ff]"></a>__aeabi_memcpy</STRONG> (Thumb, 64 bytes, Stack size 8 bytes, memmovea.o(.text))
<BR><BR>[Stack]<UL><LI>Max Depth = 8<LI>Call Chain = __aeabi_memcpy
</UL>
<BR>[Called By]<UL><LI><a href="#[43c]">&gt;&gt;</a>&nbsp;&nbsp;&nbsp;tcp_ShortConnect_parseJson
<LI><a href="#[201]">&gt;&gt;</a>&nbsp;&nbsp;&nbsp;tcp_write
<LI><a href="#[2fd]">&gt;&gt;</a>&nbsp;&nbsp;&nbsp;pbuf_copy
<LI><a href="#[41b]">&gt;&gt;</a>&nbsp;&nbsp;&nbsp;ssl_write
<LI><a href="#[41a]">&gt;&gt;</a>&nbsp;&nbsp;&nbsp;ssl_read
<LI><a href="#[1ea]">&gt;&gt;</a>&nbsp;&nbsp;&nbsp;tcp_ShortConnect_parameter
<LI><a href="#[2da]">&gt;&gt;</a>&nbsp;&nbsp;&nbsp;dns_enqueue
<LI><a href="#[344]">&gt;&gt;</a>&nbsp;&nbsp;&nbsp;ip_reass_free_complete_datagram
<LI><a href="#[33b]">&gt;&gt;</a>&nbsp;&nbsp;&nbsp;ip_reass
<LI><a href="#[336]">&gt;&gt;</a>&nbsp;&nbsp;&nbsp;ip_frag
<LI><a href="#[32e]">&gt;&gt;</a>&nbsp;&nbsp;&nbsp;icmp_send_response
<LI><a href="#[2bf]">&gt;&gt;</a>&nbsp;&nbsp;&nbsp;pbuf_copy_partial
<LI><a href="#[359]">&gt;&gt;</a>&nbsp;&nbsp;&nbsp;lwip_recvfrom
<LI><a href="#[39e]">&gt;&gt;</a>&nbsp;&nbsp;&nbsp;pbuf_take
<LI><a href="#[86]">&gt;&gt;</a>&nbsp;&nbsp;&nbsp;low_level_output
<LI><a href="#[304]">&gt;&gt;</a>&nbsp;&nbsp;&nbsp;low_level_input
<LI><a href="#[75]">&gt;&gt;</a>&nbsp;&nbsp;&nbsp;NetConnIf_recv
<LI><a href="#[3b0]">&gt;&gt;</a>&nbsp;&nbsp;&nbsp;print_value
<LI><a href="#[3b7]">&gt;&gt;</a>&nbsp;&nbsp;&nbsp;print_string_ptr
<LI><a href="#[286]">&gt;&gt;</a>&nbsp;&nbsp;&nbsp;print
<LI><a href="#[2f0]">&gt;&gt;</a>&nbsp;&nbsp;&nbsp;ensure
<LI><a href="#[269]">&gt;&gt;</a>&nbsp;&nbsp;&nbsp;cJSON_strdup
<LI><a href="#[20b]">&gt;&gt;</a>&nbsp;&nbsp;&nbsp;OpenDoor_IC_MainFunction
<LI><a href="#[3c3]">&gt;&gt;</a>&nbsp;&nbsp;&nbsp;prvCopyDataToQueue
<LI><a href="#[3c2]">&gt;&gt;</a>&nbsp;&nbsp;&nbsp;prvCopyDataFromQueue
<LI><a href="#[287]">&gt;&gt;</a>&nbsp;&nbsp;&nbsp;camellia_crypt_cbc
<LI><a href="#[26b]">&gt;&gt;</a>&nbsp;&nbsp;&nbsp;aes_crypt_cbc
<LI><a href="#[3f7]">&gt;&gt;</a>&nbsp;&nbsp;&nbsp;tls1_prf
<LI><a href="#[400]">&gt;&gt;</a>&nbsp;&nbsp;&nbsp;ssl_encrypt_buf
<LI><a href="#[3f9]">&gt;&gt;</a>&nbsp;&nbsp;&nbsp;ssl_decrypt_buf
<LI><a href="#[40e]">&gt;&gt;</a>&nbsp;&nbsp;&nbsp;ssl_write_certificate
<LI><a href="#[3fd]">&gt;&gt;</a>&nbsp;&nbsp;&nbsp;ssl_derive_keys
<LI><a href="#[408]">&gt;&gt;</a>&nbsp;&nbsp;&nbsp;ssl_write_client_hello
<LI><a href="#[409]">&gt;&gt;</a>&nbsp;&nbsp;&nbsp;ssl_parse_server_hello
<LI><a href="#[3d4]">&gt;&gt;</a>&nbsp;&nbsp;&nbsp;rsa_pkcs1_sign
<LI><a href="#[3ce]">&gt;&gt;</a>&nbsp;&nbsp;&nbsp;rsa_pkcs1_encrypt
<LI><a href="#[3ab]">&gt;&gt;</a>&nbsp;&nbsp;&nbsp;pem_pbkdf1
<LI><a href="#[3f0]">&gt;&gt;</a>&nbsp;&nbsp;&nbsp;sha4_update
<LI><a href="#[3e1]">&gt;&gt;</a>&nbsp;&nbsp;&nbsp;sha2_update
<LI><a href="#[3d8]">&gt;&gt;</a>&nbsp;&nbsp;&nbsp;sha1_update
<LI><a href="#[36e]">&gt;&gt;</a>&nbsp;&nbsp;&nbsp;md5_update
<LI><a href="#[478]">&gt;&gt;</a>&nbsp;&nbsp;&nbsp;x509_get_time
<LI><a href="#[417]">&gt;&gt;</a>&nbsp;&nbsp;&nbsp;x509parse_crt
<LI><a href="#[262]">&gt;&gt;</a>&nbsp;&nbsp;&nbsp;internal_alloc
</UL>

<P><STRONG><a name="[309]"></a>__aeabi_memcpy4</STRONG> (Thumb, 0 bytes, Stack size 8 bytes, memmovea.o(.text))
<BR><BR>[Stack]<UL><LI>Max Depth = 8<LI>Call Chain = __aeabi_memcpy4
</UL>
<BR>[Called By]<UL><LI><a href="#[46d]">&gt;&gt;</a>&nbsp;&nbsp;&nbsp;wm8978_Reset
<LI><a href="#[1ea]">&gt;&gt;</a>&nbsp;&nbsp;&nbsp;tcp_ShortConnect_parameter
<LI><a href="#[210]">&gt;&gt;</a>&nbsp;&nbsp;&nbsp;handleMsg
<LI><a href="#[37f]">&gt;&gt;</a>&nbsp;&nbsp;&nbsp;mpi_grow
<LI><a href="#[37e]">&gt;&gt;</a>&nbsp;&nbsp;&nbsp;mpi_copy
<LI><a href="#[38a]">&gt;&gt;</a>&nbsp;&nbsp;&nbsp;mpi_montmul
<LI><a href="#[412]">&gt;&gt;</a>&nbsp;&nbsp;&nbsp;ssl_write_finished
<LI><a href="#[414]">&gt;&gt;</a>&nbsp;&nbsp;&nbsp;ssl_parse_finished
<LI><a href="#[3fd]">&gt;&gt;</a>&nbsp;&nbsp;&nbsp;ssl_derive_keys
<LI><a href="#[3f8]">&gt;&gt;</a>&nbsp;&nbsp;&nbsp;ssl_calc_verify
</UL>

<P><STRONG><a name="[401]"></a>__aeabi_memmove</STRONG> (Thumb, 0 bytes, Stack size 8 bytes, memmovea.o(.text))
<BR><BR>[Stack]<UL><LI>Max Depth = 8<LI>Call Chain = __aeabi_memmove
</UL>
<BR>[Called By]<UL><LI><a href="#[400]">&gt;&gt;</a>&nbsp;&nbsp;&nbsp;ssl_encrypt_buf
<LI><a href="#[416]">&gt;&gt;</a>&nbsp;&nbsp;&nbsp;ssl_read_record
</UL>

<P><STRONG><a name="[498]"></a>__aeabi_memmove4</STRONG> (Thumb, 0 bytes, Stack size 8 bytes, memmovea.o(.text), UNUSED)

<P><STRONG><a name="[499]"></a>__aeabi_memmove8</STRONG> (Thumb, 0 bytes, Stack size 8 bytes, memmovea.o(.text), UNUSED)

<P><STRONG><a name="[f9]"></a>__aeabi_memset</STRONG> (Thumb, 14 bytes, Stack size 0 bytes, memseta.o(.text))
<BR><BR>[Called By]<UL><LI><a href="#[137]">&gt;&gt;</a>&nbsp;&nbsp;&nbsp;read_init_sminfo
<LI><a href="#[43c]">&gt;&gt;</a>&nbsp;&nbsp;&nbsp;tcp_ShortConnect_parseJson
<LI><a href="#[3fb]">&gt;&gt;</a>&nbsp;&nbsp;&nbsp;ssl_mac_sha1
<LI><a href="#[3fc]">&gt;&gt;</a>&nbsp;&nbsp;&nbsp;ssl_mac_md5
<LI><a href="#[3f5]">&gt;&gt;</a>&nbsp;&nbsp;&nbsp;ssl_calc_finished
<LI><a href="#[3fd]">&gt;&gt;</a>&nbsp;&nbsp;&nbsp;ssl_derive_keys
<LI><a href="#[3f8]">&gt;&gt;</a>&nbsp;&nbsp;&nbsp;ssl_calc_verify
<LI><a href="#[3d4]">&gt;&gt;</a>&nbsp;&nbsp;&nbsp;rsa_pkcs1_sign
<LI><a href="#[3ec]">&gt;&gt;</a>&nbsp;&nbsp;&nbsp;sha4_hmac_starts
<LI><a href="#[3e5]">&gt;&gt;</a>&nbsp;&nbsp;&nbsp;sha2_hmac_starts
<LI><a href="#[3da]">&gt;&gt;</a>&nbsp;&nbsp;&nbsp;sha1_hmac_starts
<LI><a href="#[370]">&gt;&gt;</a>&nbsp;&nbsp;&nbsp;md5_hmac_starts
<LI><a href="#[fa]">&gt;&gt;</a>&nbsp;&nbsp;&nbsp;_memset$wrapper
<LI><a href="#[f8]">&gt;&gt;</a>&nbsp;&nbsp;&nbsp;__aeabi_memclr
<LI><a href="#[47b]">&gt;&gt;</a>&nbsp;&nbsp;&nbsp;x509_hash
</UL>

<P><STRONG><a name="[49a]"></a>__aeabi_memset4</STRONG> (Thumb, 0 bytes, Stack size 0 bytes, memseta.o(.text), UNUSED)

<P><STRONG><a name="[49b]"></a>__aeabi_memset8</STRONG> (Thumb, 0 bytes, Stack size 0 bytes, memseta.o(.text), UNUSED)

<P><STRONG><a name="[f8]"></a>__aeabi_memclr</STRONG> (Thumb, 4 bytes, Stack size 0 bytes, memseta.o(.text))
<BR><BR>[Calls]<UL><LI><a href="#[f9]">&gt;&gt;</a>&nbsp;&nbsp;&nbsp;__aeabi_memset
</UL>
<BR>[Called By]<UL><LI><a href="#[138]">&gt;&gt;</a>&nbsp;&nbsp;&nbsp;tcp_LngConnect_Parameter
<LI><a href="#[42c]">&gt;&gt;</a>&nbsp;&nbsp;&nbsp;tcp_LngConnect_parseJson
<LI><a href="#[415]">&gt;&gt;</a>&nbsp;&nbsp;&nbsp;ssl_init
<LI><a href="#[404]">&gt;&gt;</a>&nbsp;&nbsp;&nbsp;ssl_free
<LI><a href="#[2cc]">&gt;&gt;</a>&nbsp;&nbsp;&nbsp;mpi_write_binary
<LI><a href="#[3d4]">&gt;&gt;</a>&nbsp;&nbsp;&nbsp;rsa_pkcs1_sign
<LI><a href="#[3ce]">&gt;&gt;</a>&nbsp;&nbsp;&nbsp;rsa_pkcs1_encrypt
<LI><a href="#[3ad]">&gt;&gt;</a>&nbsp;&nbsp;&nbsp;pem_get_iv
<LI><a href="#[405]">&gt;&gt;</a>&nbsp;&nbsp;&nbsp;x509_free
</UL>

<P><STRONG><a name="[203]"></a>__aeabi_memclr4</STRONG> (Thumb, 0 bytes, Stack size 0 bytes, memseta.o(.text))
<BR><BR>[Called By]<UL><LI><a href="#[307]">&gt;&gt;</a>&nbsp;&nbsp;&nbsp;get_sm3_pass
<LI><a href="#[43b]">&gt;&gt;</a>&nbsp;&nbsp;&nbsp;tcp_ShortConnect_RcvMsg
<LI><a href="#[42c]">&gt;&gt;</a>&nbsp;&nbsp;&nbsp;tcp_LngConnect_parseJson
<LI><a href="#[2c3]">&gt;&gt;</a>&nbsp;&nbsp;&nbsp;udp_new
<LI><a href="#[3a8]">&gt;&gt;</a>&nbsp;&nbsp;&nbsp;raw_new
<LI><a href="#[1c0]">&gt;&gt;</a>&nbsp;&nbsp;&nbsp;dhcp_start
<LI><a href="#[415]">&gt;&gt;</a>&nbsp;&nbsp;&nbsp;ssl_init
<LI><a href="#[404]">&gt;&gt;</a>&nbsp;&nbsp;&nbsp;ssl_free
<LI><a href="#[319]">&gt;&gt;</a>&nbsp;&nbsp;&nbsp;tcp_ShortConnect_MainFunction
<LI><a href="#[2be]">&gt;&gt;</a>&nbsp;&nbsp;&nbsp;dhcp_parse_reply
<LI><a href="#[33b]">&gt;&gt;</a>&nbsp;&nbsp;&nbsp;ip_reass
<LI><a href="#[444]">&gt;&gt;</a>&nbsp;&nbsp;&nbsp;tcp_alloc
<LI><a href="#[30f]">&gt;&gt;</a>&nbsp;&nbsp;&nbsp;http_client_iap_MainFunction
<LI><a href="#[1d1]">&gt;&gt;</a>&nbsp;&nbsp;&nbsp;Tskntpclient_MainFunction
<LI><a href="#[282]">&gt;&gt;</a>&nbsp;&nbsp;&nbsp;cJSON_ParseWithOpts
<LI><a href="#[286]">&gt;&gt;</a>&nbsp;&nbsp;&nbsp;print
<LI><a href="#[27b]">&gt;&gt;</a>&nbsp;&nbsp;&nbsp;cJSON_New_Item
<LI><a href="#[21b]">&gt;&gt;</a>&nbsp;&nbsp;&nbsp;OpenDoor_WX_MainFunction
<LI><a href="#[214]">&gt;&gt;</a>&nbsp;&nbsp;&nbsp;OpenDoor_Net_MainFunction
<LI><a href="#[20b]">&gt;&gt;</a>&nbsp;&nbsp;&nbsp;OpenDoor_IC_MainFunction
<LI><a href="#[202]">&gt;&gt;</a>&nbsp;&nbsp;&nbsp;OpenDoor_Ble_MainFunction
<LI><a href="#[28b]">&gt;&gt;</a>&nbsp;&nbsp;&nbsp;camellia_setkey_enc
<LI><a href="#[28a]">&gt;&gt;</a>&nbsp;&nbsp;&nbsp;camellia_setkey_dec
<LI><a href="#[2ce]">&gt;&gt;</a>&nbsp;&nbsp;&nbsp;mpi_lset
<LI><a href="#[37f]">&gt;&gt;</a>&nbsp;&nbsp;&nbsp;mpi_grow
<LI><a href="#[2d1]">&gt;&gt;</a>&nbsp;&nbsp;&nbsp;mpi_free
<LI><a href="#[2c9]">&gt;&gt;</a>&nbsp;&nbsp;&nbsp;mpi_exp_mod
<LI><a href="#[37e]">&gt;&gt;</a>&nbsp;&nbsp;&nbsp;mpi_copy
<LI><a href="#[38a]">&gt;&gt;</a>&nbsp;&nbsp;&nbsp;mpi_montmul
<LI><a href="#[26d]">&gt;&gt;</a>&nbsp;&nbsp;&nbsp;aes_setkey_dec
<LI><a href="#[2d7]">&gt;&gt;</a>&nbsp;&nbsp;&nbsp;dhm_read_params
<LI><a href="#[29d]">&gt;&gt;</a>&nbsp;&nbsp;&nbsp;des3_set3key_enc
<LI><a href="#[29c]">&gt;&gt;</a>&nbsp;&nbsp;&nbsp;des3_set3key_dec
<LI><a href="#[3f7]">&gt;&gt;</a>&nbsp;&nbsp;&nbsp;tls1_prf
<LI><a href="#[3f5]">&gt;&gt;</a>&nbsp;&nbsp;&nbsp;ssl_calc_finished
<LI><a href="#[40a]">&gt;&gt;</a>&nbsp;&nbsp;&nbsp;ssl_parse_certificate
<LI><a href="#[3fd]">&gt;&gt;</a>&nbsp;&nbsp;&nbsp;ssl_derive_keys
<LI><a href="#[379]">&gt;&gt;</a>&nbsp;&nbsp;&nbsp;mgf_mask
<LI><a href="#[3ae]">&gt;&gt;</a>&nbsp;&nbsp;&nbsp;pem_read_buffer
<LI><a href="#[3ab]">&gt;&gt;</a>&nbsp;&nbsp;&nbsp;pem_pbkdf1
<LI><a href="#[3aa]">&gt;&gt;</a>&nbsp;&nbsp;&nbsp;pem_aes_decrypt
<LI><a href="#[3ec]">&gt;&gt;</a>&nbsp;&nbsp;&nbsp;sha4_hmac_starts
<LI><a href="#[3ea]">&gt;&gt;</a>&nbsp;&nbsp;&nbsp;sha4_hmac_finish
<LI><a href="#[3ee]">&gt;&gt;</a>&nbsp;&nbsp;&nbsp;sha4_hmac
<LI><a href="#[3f1]">&gt;&gt;</a>&nbsp;&nbsp;&nbsp;sha4
<LI><a href="#[3e5]">&gt;&gt;</a>&nbsp;&nbsp;&nbsp;sha2_hmac_starts
<LI><a href="#[3e3]">&gt;&gt;</a>&nbsp;&nbsp;&nbsp;sha2_hmac_finish
<LI><a href="#[3e7]">&gt;&gt;</a>&nbsp;&nbsp;&nbsp;sha2_hmac
<LI><a href="#[3df]">&gt;&gt;</a>&nbsp;&nbsp;&nbsp;sha2
<LI><a href="#[3da]">&gt;&gt;</a>&nbsp;&nbsp;&nbsp;sha1_hmac_starts
<LI><a href="#[3dc]">&gt;&gt;</a>&nbsp;&nbsp;&nbsp;sha1_hmac_finish
<LI><a href="#[ba]">&gt;&gt;</a>&nbsp;&nbsp;&nbsp;sha1_hmac
<LI><a href="#[b4]">&gt;&gt;</a>&nbsp;&nbsp;&nbsp;sha1
<LI><a href="#[ae]">&gt;&gt;</a>&nbsp;&nbsp;&nbsp;md5_hmac
<LI><a href="#[a8]">&gt;&gt;</a>&nbsp;&nbsp;&nbsp;md5
<LI><a href="#[47d]">&gt;&gt;</a>&nbsp;&nbsp;&nbsp;x509parse_dn_gets
<LI><a href="#[478]">&gt;&gt;</a>&nbsp;&nbsp;&nbsp;x509_get_time
<LI><a href="#[473]">&gt;&gt;</a>&nbsp;&nbsp;&nbsp;x509_get_name
<LI><a href="#[417]">&gt;&gt;</a>&nbsp;&nbsp;&nbsp;x509parse_crt
<LI><a href="#[405]">&gt;&gt;</a>&nbsp;&nbsp;&nbsp;x509_free
</UL>

<P><STRONG><a name="[49c]"></a>__aeabi_memclr8</STRONG> (Thumb, 0 bytes, Stack size 0 bytes, memseta.o(.text), UNUSED)

<P><STRONG><a name="[fa]"></a>_memset$wrapper</STRONG> (Thumb, 18 bytes, Stack size 8 bytes, memseta.o(.text), UNUSED)
<BR><BR>[Calls]<UL><LI><a href="#[f9]">&gt;&gt;</a>&nbsp;&nbsp;&nbsp;__aeabi_memset
</UL>

<P><STRONG><a name="[30c]"></a>strcat</STRONG> (Thumb, 24 bytes, Stack size 0 bytes, strcat.o(.text))
<BR><BR>[Called By]<UL><LI><a href="#[439]">&gt;&gt;</a>&nbsp;&nbsp;&nbsp;tcp_client_httpPostRequest
<LI><a href="#[138]">&gt;&gt;</a>&nbsp;&nbsp;&nbsp;tcp_LngConnect_Parameter
<LI><a href="#[30b]">&gt;&gt;</a>&nbsp;&nbsp;&nbsp;http_client_PostRequest
</UL>

<P><STRONG><a name="[318]"></a>strstr</STRONG> (Thumb, 36 bytes, Stack size 12 bytes, strstr.o(.text))
<BR><BR>[Stack]<UL><LI>Max Depth = 12<LI>Call Chain = strstr
</UL>
<BR>[Called By]<UL><LI><a href="#[87]">&gt;&gt;</a>&nbsp;&nbsp;&nbsp;http_client_recv
<LI><a href="#[3ae]">&gt;&gt;</a>&nbsp;&nbsp;&nbsp;pem_read_buffer
</UL>

<P><STRONG><a name="[219]"></a>strncpy</STRONG> (Thumb, 24 bytes, Stack size 8 bytes, strncpy.o(.text))
<BR><BR>[Stack]<UL><LI>Max Depth = 8<LI>Call Chain = strncpy
</UL>
<BR>[Called By]<UL><LI><a href="#[254]">&gt;&gt;</a>&nbsp;&nbsp;&nbsp;UartCmn_Rx_BleMsg
<LI><a href="#[216]">&gt;&gt;</a>&nbsp;&nbsp;&nbsp;OpenDoor_Password_MainFunction
</UL>

<P><STRONG><a name="[17a]"></a>strchr</STRONG> (Thumb, 20 bytes, Stack size 0 bytes, strchr.o(.text))
<BR><BR>[Called By]<UL><LI><a href="#[43c]">&gt;&gt;</a>&nbsp;&nbsp;&nbsp;tcp_ShortConnect_parseJson
<LI><a href="#[178]">&gt;&gt;</a>&nbsp;&nbsp;&nbsp;Gettcp_LngConnect_WXOpenInfo
<LI><a href="#[42c]">&gt;&gt;</a>&nbsp;&nbsp;&nbsp;tcp_LngConnect_parseJson
<LI><a href="#[319]">&gt;&gt;</a>&nbsp;&nbsp;&nbsp;tcp_ShortConnect_MainFunction
<LI><a href="#[87]">&gt;&gt;</a>&nbsp;&nbsp;&nbsp;http_client_recv
</UL>

<P><STRONG><a name="[179]"></a>strlen</STRONG> (Thumb, 14 bytes, Stack size 0 bytes, strlen.o(.text))
<BR><BR>[Called By]<UL><LI><a href="#[439]">&gt;&gt;</a>&nbsp;&nbsp;&nbsp;tcp_client_httpPostRequest
<LI><a href="#[43c]">&gt;&gt;</a>&nbsp;&nbsp;&nbsp;tcp_ShortConnect_parseJson
<LI><a href="#[1b1]">&gt;&gt;</a>&nbsp;&nbsp;&nbsp;Json_HexToJson
<LI><a href="#[178]">&gt;&gt;</a>&nbsp;&nbsp;&nbsp;Gettcp_LngConnect_WXOpenInfo
<LI><a href="#[42c]">&gt;&gt;</a>&nbsp;&nbsp;&nbsp;tcp_LngConnect_parseJson
<LI><a href="#[246]">&gt;&gt;</a>&nbsp;&nbsp;&nbsp;dns_gethostbyname
<LI><a href="#[2da]">&gt;&gt;</a>&nbsp;&nbsp;&nbsp;dns_enqueue
<LI><a href="#[30b]">&gt;&gt;</a>&nbsp;&nbsp;&nbsp;http_client_PostRequest
<LI><a href="#[282]">&gt;&gt;</a>&nbsp;&nbsp;&nbsp;cJSON_ParseWithOpts
<LI><a href="#[3b1]">&gt;&gt;</a>&nbsp;&nbsp;&nbsp;update_offset
<LI><a href="#[3b0]">&gt;&gt;</a>&nbsp;&nbsp;&nbsp;print_value
<LI><a href="#[269]">&gt;&gt;</a>&nbsp;&nbsp;&nbsp;cJSON_strdup
<LI><a href="#[3f7]">&gt;&gt;</a>&nbsp;&nbsp;&nbsp;tls1_prf
<LI><a href="#[3ae]">&gt;&gt;</a>&nbsp;&nbsp;&nbsp;pem_read_buffer
<LI><a href="#[418]">&gt;&gt;</a>&nbsp;&nbsp;&nbsp;x509parse_verify
</UL>

<P><STRONG><a name="[21a]"></a>strcmp</STRONG> (Thumb, 28 bytes, Stack size 8 bytes, strcmp.o(.text))
<BR><BR>[Stack]<UL><LI>Max Depth = 8<LI>Call Chain = strcmp
</UL>
<BR>[Called By]<UL><LI><a href="#[42c]">&gt;&gt;</a>&nbsp;&nbsp;&nbsp;tcp_LngConnect_parseJson
<LI><a href="#[246]">&gt;&gt;</a>&nbsp;&nbsp;&nbsp;dns_gethostbyname
<LI><a href="#[280]">&gt;&gt;</a>&nbsp;&nbsp;&nbsp;get_object_item
<LI><a href="#[216]">&gt;&gt;</a>&nbsp;&nbsp;&nbsp;OpenDoor_Password_MainFunction
</UL>

<P><STRONG><a name="[301]"></a>memcmp</STRONG> (Thumb, 26 bytes, Stack size 12 bytes, memcmp.o(.text))
<BR><BR>[Stack]<UL><LI>Max Depth = 12<LI>Call Chain = memcmp
</UL>
<BR>[Called By]<UL><LI><a href="#[70]">&gt;&gt;</a>&nbsp;&nbsp;&nbsp;ethernet_input
<LI><a href="#[3f9]">&gt;&gt;</a>&nbsp;&nbsp;&nbsp;ssl_decrypt_buf
<LI><a href="#[414]">&gt;&gt;</a>&nbsp;&nbsp;&nbsp;ssl_parse_finished
<LI><a href="#[40a]">&gt;&gt;</a>&nbsp;&nbsp;&nbsp;ssl_parse_certificate
<LI><a href="#[409]">&gt;&gt;</a>&nbsp;&nbsp;&nbsp;ssl_parse_server_hello
<LI><a href="#[3d5]">&gt;&gt;</a>&nbsp;&nbsp;&nbsp;rsa_pkcs1_verify
<LI><a href="#[3ae]">&gt;&gt;</a>&nbsp;&nbsp;&nbsp;pem_read_buffer
<LI><a href="#[47f]">&gt;&gt;</a>&nbsp;&nbsp;&nbsp;x509parse_revoked
<LI><a href="#[47d]">&gt;&gt;</a>&nbsp;&nbsp;&nbsp;x509parse_dn_gets
<LI><a href="#[481]">&gt;&gt;</a>&nbsp;&nbsp;&nbsp;x509parse_verifycrl
<LI><a href="#[477]">&gt;&gt;</a>&nbsp;&nbsp;&nbsp;x509_get_sig_alg
<LI><a href="#[474]">&gt;&gt;</a>&nbsp;&nbsp;&nbsp;x509_get_pubkey
<LI><a href="#[471]">&gt;&gt;</a>&nbsp;&nbsp;&nbsp;x509_get_crt_ext
<LI><a href="#[418]">&gt;&gt;</a>&nbsp;&nbsp;&nbsp;x509parse_verify
<LI><a href="#[417]">&gt;&gt;</a>&nbsp;&nbsp;&nbsp;x509parse_crt
</UL>

<P><STRONG><a name="[3b8]"></a>strcpy</STRONG> (Thumb, 18 bytes, Stack size 0 bytes, strcpy.o(.text))
<BR><BR>[Called By]<UL><LI><a href="#[3b0]">&gt;&gt;</a>&nbsp;&nbsp;&nbsp;print_value
<LI><a href="#[3b7]">&gt;&gt;</a>&nbsp;&nbsp;&nbsp;print_string_ptr
</UL>

<P><STRONG><a name="[283]"></a>strncmp</STRONG> (Thumb, 30 bytes, Stack size 12 bytes, strncmp.o(.text))
<BR><BR>[Stack]<UL><LI>Max Depth = 12<LI>Call Chain = strncmp
</UL>
<BR>[Called By]<UL><LI><a href="#[282]">&gt;&gt;</a>&nbsp;&nbsp;&nbsp;cJSON_ParseWithOpts
<LI><a href="#[285]">&gt;&gt;</a>&nbsp;&nbsp;&nbsp;parse_value
</UL>

<P><STRONG><a name="[3f6]"></a>strrchr</STRONG> (Thumb, 32 bytes, Stack size 0 bytes, strrchr.o(.text))
<BR><BR>[Called By]<UL><LI><a href="#[41b]">&gt;&gt;</a>&nbsp;&nbsp;&nbsp;ssl_write
<LI><a href="#[41a]">&gt;&gt;</a>&nbsp;&nbsp;&nbsp;ssl_read
<LI><a href="#[404]">&gt;&gt;</a>&nbsp;&nbsp;&nbsp;ssl_free
<LI><a href="#[400]">&gt;&gt;</a>&nbsp;&nbsp;&nbsp;ssl_encrypt_buf
<LI><a href="#[3f9]">&gt;&gt;</a>&nbsp;&nbsp;&nbsp;ssl_decrypt_buf
<LI><a href="#[3f5]">&gt;&gt;</a>&nbsp;&nbsp;&nbsp;ssl_calc_finished
<LI><a href="#[41c]">&gt;&gt;</a>&nbsp;&nbsp;&nbsp;ssl_write_record
<LI><a href="#[412]">&gt;&gt;</a>&nbsp;&nbsp;&nbsp;ssl_write_finished
<LI><a href="#[411]">&gt;&gt;</a>&nbsp;&nbsp;&nbsp;ssl_write_change_cipher_spec
<LI><a href="#[40e]">&gt;&gt;</a>&nbsp;&nbsp;&nbsp;ssl_write_certificate
<LI><a href="#[416]">&gt;&gt;</a>&nbsp;&nbsp;&nbsp;ssl_read_record
<LI><a href="#[414]">&gt;&gt;</a>&nbsp;&nbsp;&nbsp;ssl_parse_finished
<LI><a href="#[413]">&gt;&gt;</a>&nbsp;&nbsp;&nbsp;ssl_parse_change_cipher_spec
<LI><a href="#[40a]">&gt;&gt;</a>&nbsp;&nbsp;&nbsp;ssl_parse_certificate
<LI><a href="#[403]">&gt;&gt;</a>&nbsp;&nbsp;&nbsp;ssl_flush_output
<LI><a href="#[3fd]">&gt;&gt;</a>&nbsp;&nbsp;&nbsp;ssl_derive_keys
<LI><a href="#[3f8]">&gt;&gt;</a>&nbsp;&nbsp;&nbsp;ssl_calc_verify
<LI><a href="#[407]">&gt;&gt;</a>&nbsp;&nbsp;&nbsp;ssl_handshake_client
<LI><a href="#[40f]">&gt;&gt;</a>&nbsp;&nbsp;&nbsp;ssl_write_client_key_exchange
<LI><a href="#[408]">&gt;&gt;</a>&nbsp;&nbsp;&nbsp;ssl_write_client_hello
<LI><a href="#[410]">&gt;&gt;</a>&nbsp;&nbsp;&nbsp;ssl_write_certificate_verify
<LI><a href="#[40b]">&gt;&gt;</a>&nbsp;&nbsp;&nbsp;ssl_parse_server_key_exchange
<LI><a href="#[40d]">&gt;&gt;</a>&nbsp;&nbsp;&nbsp;ssl_parse_server_hello_done
<LI><a href="#[409]">&gt;&gt;</a>&nbsp;&nbsp;&nbsp;ssl_parse_server_hello
<LI><a href="#[40c]">&gt;&gt;</a>&nbsp;&nbsp;&nbsp;ssl_parse_certificate_request
<LI><a href="#[406]">&gt;&gt;</a>&nbsp;&nbsp;&nbsp;ssl_handshake
<LI><a href="#[402]">&gt;&gt;</a>&nbsp;&nbsp;&nbsp;ssl_fetch_input
</UL>

<P><STRONG><a name="[fb]"></a>__0sscanf</STRONG> (Thumb, 48 bytes, Stack size 72 bytes, __0sscanf.o(.text))
<BR><BR>[Stack]<UL><LI>Max Depth = 264<LI>Call Chain = __0sscanf &rArr; __vfscanf_char &rArr; __vfscanf &rArr; _scanf_real
</UL>
<BR>[Calls]<UL><LI><a href="#[fc]">&gt;&gt;</a>&nbsp;&nbsp;&nbsp;__vfscanf_char
</UL>
<BR>[Called By]<UL><LI><a href="#[3b3]">&gt;&gt;</a>&nbsp;&nbsp;&nbsp;print_number
<LI><a href="#[478]">&gt;&gt;</a>&nbsp;&nbsp;&nbsp;x509_get_time
</UL>

<P><STRONG><a name="[fd]"></a>_scanf_int</STRONG> (Thumb, 332 bytes, Stack size 56 bytes, _scanf_int.o(.text))
<BR><BR>[Stack]<UL><LI>Max Depth = 56<LI>Call Chain = _scanf_int
</UL>
<BR>[Calls]<UL><LI><a href="#[fe]">&gt;&gt;</a>&nbsp;&nbsp;&nbsp;_chval
</UL>
<BR>[Called By]<UL><LI><a href="#[10f]">&gt;&gt;</a>&nbsp;&nbsp;&nbsp;__vfscanf
</UL>

<P><STRONG><a name="[111]"></a>_scanf_real</STRONG> (Thumb, 0 bytes, Stack size 104 bytes, scanf_fp.o(.text))
<BR><BR>[Stack]<UL><LI>Max Depth = 104<LI>Call Chain = _scanf_real
</UL>
<BR>[Called By]<UL><LI><a href="#[10f]">&gt;&gt;</a>&nbsp;&nbsp;&nbsp;__vfscanf
<LI><a href="#[110]">&gt;&gt;</a>&nbsp;&nbsp;&nbsp;_local_sscanf
</UL>

<P><STRONG><a name="[103]"></a>_scanf_really_real</STRONG> (Thumb, 556 bytes, Stack size 104 bytes, scanf_fp.o(.text), UNUSED)
<BR><BR>[Calls]<UL><LI><a href="#[105]">&gt;&gt;</a>&nbsp;&nbsp;&nbsp;__aeabi_d2f
<LI><a href="#[104]">&gt;&gt;</a>&nbsp;&nbsp;&nbsp;_is_digit
<LI><a href="#[ff]">&gt;&gt;</a>&nbsp;&nbsp;&nbsp;_fp_value
</UL>

<P><STRONG><a name="[106]"></a>atoi</STRONG> (Thumb, 26 bytes, Stack size 16 bytes, atoi.o(.text))
<BR><BR>[Stack]<UL><LI>Max Depth = 88<LI>Call Chain = atoi &rArr; strtol &rArr; _strtoul
</UL>
<BR>[Calls]<UL><LI><a href="#[108]">&gt;&gt;</a>&nbsp;&nbsp;&nbsp;strtol
<LI><a href="#[107]">&gt;&gt;</a>&nbsp;&nbsp;&nbsp;__aeabi_errno_addr
</UL>
<BR>[Called By]<UL><LI><a href="#[206]">&gt;&gt;</a>&nbsp;&nbsp;&nbsp;sm3_time_PasswordAuth
<LI><a href="#[87]">&gt;&gt;</a>&nbsp;&nbsp;&nbsp;http_client_recv
</UL>

<P><STRONG><a name="[101]"></a>__aeabi_dmul</STRONG> (Thumb, 228 bytes, Stack size 48 bytes, dmul.o(.text))
<BR><BR>[Stack]<UL><LI>Max Depth = 88<LI>Call Chain = __aeabi_dmul &rArr; _double_epilogue &rArr; _double_round
</UL>
<BR>[Calls]<UL><LI><a href="#[109]">&gt;&gt;</a>&nbsp;&nbsp;&nbsp;_double_epilogue
</UL>
<BR>[Called By]<UL><LI><a href="#[178]">&gt;&gt;</a>&nbsp;&nbsp;&nbsp;Gettcp_LngConnect_WXOpenInfo
<LI><a href="#[ff]">&gt;&gt;</a>&nbsp;&nbsp;&nbsp;_fp_value
<LI><a href="#[263]">&gt;&gt;</a>&nbsp;&nbsp;&nbsp;_fp_digits
</UL>

<P><STRONG><a name="[10a]"></a>__aeabi_ui2d</STRONG> (Thumb, 26 bytes, Stack size 16 bytes, dfltui.o(.text))
<BR><BR>[Stack]<UL><LI>Max Depth = 56<LI>Call Chain = __aeabi_ui2d &rArr; _double_epilogue &rArr; _double_round
</UL>
<BR>[Calls]<UL><LI><a href="#[109]">&gt;&gt;</a>&nbsp;&nbsp;&nbsp;_double_epilogue
</UL>
<BR>[Called By]<UL><LI><a href="#[1b1]">&gt;&gt;</a>&nbsp;&nbsp;&nbsp;Json_HexToJson
<LI><a href="#[178]">&gt;&gt;</a>&nbsp;&nbsp;&nbsp;Gettcp_LngConnect_WXOpenInfo
</UL>

<P><STRONG><a name="[100]"></a>__aeabi_ul2d</STRONG> (Thumb, 24 bytes, Stack size 16 bytes, dfltul.o(.text))
<BR><BR>[Stack]<UL><LI>Max Depth = 56<LI>Call Chain = __aeabi_ul2d &rArr; _double_epilogue &rArr; _double_round
</UL>
<BR>[Calls]<UL><LI><a href="#[109]">&gt;&gt;</a>&nbsp;&nbsp;&nbsp;_double_epilogue
</UL>
<BR>[Called By]<UL><LI><a href="#[1b1]">&gt;&gt;</a>&nbsp;&nbsp;&nbsp;Json_HexToJson
<LI><a href="#[ff]">&gt;&gt;</a>&nbsp;&nbsp;&nbsp;_fp_value
</UL>

<P><STRONG><a name="[10b]"></a>__aeabi_d2iz</STRONG> (Thumb, 62 bytes, Stack size 16 bytes, dfixi.o(.text))
<BR><BR>[Stack]<UL><LI>Max Depth = 16<LI>Call Chain = __aeabi_d2iz
</UL>
<BR>[Calls]<UL><LI><a href="#[f1]">&gt;&gt;</a>&nbsp;&nbsp;&nbsp;__aeabi_llsr
</UL>
<BR>[Called By]<UL><LI><a href="#[279]">&gt;&gt;</a>&nbsp;&nbsp;&nbsp;cJSON_CreateNumber
<LI><a href="#[3a0]">&gt;&gt;</a>&nbsp;&nbsp;&nbsp;parse_number
</UL>

<P><STRONG><a name="[10c]"></a>__aeabi_d2uiz</STRONG> (Thumb, 50 bytes, Stack size 8 bytes, dfixui.o(.text))
<BR><BR>[Stack]<UL><LI>Max Depth = 8<LI>Call Chain = __aeabi_d2uiz
</UL>
<BR>[Calls]<UL><LI><a href="#[f1]">&gt;&gt;</a>&nbsp;&nbsp;&nbsp;__aeabi_llsr
</UL>
<BR>[Called By]<UL><LI><a href="#[178]">&gt;&gt;</a>&nbsp;&nbsp;&nbsp;Gettcp_LngConnect_WXOpenInfo
</UL>

<P><STRONG><a name="[10d]"></a>__aeabi_d2ulz</STRONG> (Thumb, 48 bytes, Stack size 0 bytes, dfixul.o(.text))
<BR><BR>[Calls]<UL><LI><a href="#[f1]">&gt;&gt;</a>&nbsp;&nbsp;&nbsp;__aeabi_llsr
<LI><a href="#[f2]">&gt;&gt;</a>&nbsp;&nbsp;&nbsp;__aeabi_llsl
</UL>
<BR>[Called By]<UL><LI><a href="#[43c]">&gt;&gt;</a>&nbsp;&nbsp;&nbsp;tcp_ShortConnect_parseJson
<LI><a href="#[263]">&gt;&gt;</a>&nbsp;&nbsp;&nbsp;_fp_digits
</UL>

<P><STRONG><a name="[3b5]"></a>__aeabi_cdcmpeq</STRONG> (Thumb, 0 bytes, Stack size 0 bytes, cdcmple.o(.text))
<BR><BR>[Called By]<UL><LI><a href="#[3b3]">&gt;&gt;</a>&nbsp;&nbsp;&nbsp;print_number
</UL>

<P><STRONG><a name="[27c]"></a>__aeabi_cdcmple</STRONG> (Thumb, 48 bytes, Stack size 0 bytes, cdcmple.o(.text))
<BR><BR>[Called By]<UL><LI><a href="#[279]">&gt;&gt;</a>&nbsp;&nbsp;&nbsp;cJSON_CreateNumber
<LI><a href="#[3a0]">&gt;&gt;</a>&nbsp;&nbsp;&nbsp;parse_number
</UL>

<P><STRONG><a name="[264]"></a>__aeabi_cdrcmple</STRONG> (Thumb, 48 bytes, Stack size 0 bytes, cdrcmple.o(.text))
<BR><BR>[Called By]<UL><LI><a href="#[279]">&gt;&gt;</a>&nbsp;&nbsp;&nbsp;cJSON_CreateNumber
<LI><a href="#[3a0]">&gt;&gt;</a>&nbsp;&nbsp;&nbsp;parse_number
<LI><a href="#[263]">&gt;&gt;</a>&nbsp;&nbsp;&nbsp;_fp_digits
</UL>

<P><STRONG><a name="[49d]"></a>__aeabi_uidiv</STRONG> (Thumb, 0 bytes, Stack size 12 bytes, uidiv.o(.text), UNUSED)

<P><STRONG><a name="[267]"></a>__aeabi_uidivmod</STRONG> (Thumb, 44 bytes, Stack size 12 bytes, uidiv.o(.text), UNUSED)
<BR><BR>[Called By]<UL><LI><a href="#[25d]">&gt;&gt;</a>&nbsp;&nbsp;&nbsp;_printf_core
</UL>

<P><STRONG><a name="[f2]"></a>__aeabi_llsl</STRONG> (Thumb, 30 bytes, Stack size 0 bytes, llshl.o(.text))
<BR><BR>[Called By]<UL><LI><a href="#[10d]">&gt;&gt;</a>&nbsp;&nbsp;&nbsp;__aeabi_d2ulz
<LI><a href="#[f0]">&gt;&gt;</a>&nbsp;&nbsp;&nbsp;__aeabi_uldivmod
<LI><a href="#[109]">&gt;&gt;</a>&nbsp;&nbsp;&nbsp;_double_epilogue
<LI><a href="#[116]">&gt;&gt;</a>&nbsp;&nbsp;&nbsp;__aeabi_dadd
</UL>

<P><STRONG><a name="[49e]"></a>_ll_shift_l</STRONG> (Thumb, 0 bytes, Stack size 0 bytes, llshl.o(.text), UNUSED)

<P><STRONG><a name="[f1]"></a>__aeabi_llsr</STRONG> (Thumb, 32 bytes, Stack size 0 bytes, llushr.o(.text))
<BR><BR>[Called By]<UL><LI><a href="#[10c]">&gt;&gt;</a>&nbsp;&nbsp;&nbsp;__aeabi_d2uiz
<LI><a href="#[10d]">&gt;&gt;</a>&nbsp;&nbsp;&nbsp;__aeabi_d2ulz
<LI><a href="#[10b]">&gt;&gt;</a>&nbsp;&nbsp;&nbsp;__aeabi_d2iz
<LI><a href="#[f0]">&gt;&gt;</a>&nbsp;&nbsp;&nbsp;__aeabi_uldivmod
<LI><a href="#[109]">&gt;&gt;</a>&nbsp;&nbsp;&nbsp;_double_epilogue
</UL>

<P><STRONG><a name="[49f]"></a>_ll_ushift_r</STRONG> (Thumb, 0 bytes, Stack size 0 bytes, llushr.o(.text), UNUSED)

<P><STRONG><a name="[10e]"></a>localtime</STRONG> (Thumb, 6 bytes, Stack size 0 bytes, localtime_w.o(.text))
<BR><BR>[Stack]<UL><LI>Max Depth = 8<LI>Call Chain = localtime &rArr; _localtime
</UL>
<BR>[Calls]<UL><LI><a href="#[f4]">&gt;&gt;</a>&nbsp;&nbsp;&nbsp;_localtime
</UL>
<BR>[Called By]<UL><LI><a href="#[24d]">&gt;&gt;</a>&nbsp;&nbsp;&nbsp;timestamp_strBJtime
<LI><a href="#[480]">&gt;&gt;</a>&nbsp;&nbsp;&nbsp;x509parse_time_expired
</UL>

<P><STRONG><a name="[f4]"></a>_localtime</STRONG> (Thumb, 134 bytes, Stack size 8 bytes, localtime_i.o(.text))
<BR><BR>[Stack]<UL><LI>Max Depth = 8<LI>Call Chain = _localtime
</UL>
<BR>[Called By]<UL><LI><a href="#[f3]">&gt;&gt;</a>&nbsp;&nbsp;&nbsp;mktime
<LI><a href="#[10e]">&gt;&gt;</a>&nbsp;&nbsp;&nbsp;localtime
</UL>

<P><STRONG><a name="[fe]"></a>_chval</STRONG> (Thumb, 28 bytes, Stack size 0 bytes, _chval.o(.text))
<BR><BR>[Called By]<UL><LI><a href="#[114]">&gt;&gt;</a>&nbsp;&nbsp;&nbsp;_strtoul
<LI><a href="#[fd]">&gt;&gt;</a>&nbsp;&nbsp;&nbsp;_scanf_int
</UL>

<P><STRONG><a name="[fc]"></a>__vfscanf_char</STRONG> (Thumb, 20 bytes, Stack size 0 bytes, scanf_char.o(.text))
<BR><BR>[Stack]<UL><LI>Max Depth = 192<LI>Call Chain = __vfscanf_char &rArr; __vfscanf &rArr; _scanf_real
</UL>
<BR>[Calls]<UL><LI><a href="#[10f]">&gt;&gt;</a>&nbsp;&nbsp;&nbsp;__vfscanf
</UL>
<BR>[Called By]<UL><LI><a href="#[fb]">&gt;&gt;</a>&nbsp;&nbsp;&nbsp;__0sscanf
</UL>

<P><STRONG><a name="[62]"></a>_sgetc</STRONG> (Thumb, 30 bytes, Stack size 0 bytes, _sgetc.o(.text))
<BR>[Address Reference Count : 2]<UL><LI> __0sscanf.o(.text)
<LI> strtod.o(.text)
</UL>
<P><STRONG><a name="[63]"></a>_sbackspace</STRONG> (Thumb, 34 bytes, Stack size 0 bytes, _sgetc.o(.text))
<BR>[Address Reference Count : 2]<UL><LI> __0sscanf.o(.text)
<LI> strtod.o(.text)
</UL>
<P><STRONG><a name="[112]"></a>__strtod_int</STRONG> (Thumb, 90 bytes, Stack size 40 bytes, strtod.o(.text))
<BR><BR>[Stack]<UL><LI>Max Depth = 200<LI>Call Chain = __strtod_int &rArr; _local_sscanf &rArr; _scanf_real
</UL>
<BR>[Calls]<UL><LI><a href="#[110]">&gt;&gt;</a>&nbsp;&nbsp;&nbsp;_local_sscanf
</UL>
<BR>[Called By]<UL><LI><a href="#[261]">&gt;&gt;</a>&nbsp;&nbsp;&nbsp;__hardfp_strtod
</UL>

<P><STRONG><a name="[108]"></a>strtol</STRONG> (Thumb, 112 bytes, Stack size 32 bytes, strtol.o(.text))
<BR><BR>[Stack]<UL><LI>Max Depth = 72<LI>Call Chain = strtol &rArr; _strtoul
</UL>
<BR>[Calls]<UL><LI><a href="#[114]">&gt;&gt;</a>&nbsp;&nbsp;&nbsp;_strtoul
<LI><a href="#[113]">&gt;&gt;</a>&nbsp;&nbsp;&nbsp;__rt_ctype_table
<LI><a href="#[107]">&gt;&gt;</a>&nbsp;&nbsp;&nbsp;__aeabi_errno_addr
</UL>
<BR>[Called By]<UL><LI><a href="#[106]">&gt;&gt;</a>&nbsp;&nbsp;&nbsp;atoi
</UL>

<P><STRONG><a name="[4a0]"></a>__I$use$fp</STRONG> (Thumb, 0 bytes, Stack size 8 bytes, iusefp.o(.text), UNUSED)

<P><STRONG><a name="[115]"></a>_double_round</STRONG> (Thumb, 30 bytes, Stack size 8 bytes, depilogue.o(.text))
<BR><BR>[Stack]<UL><LI>Max Depth = 8<LI>Call Chain = _double_round
</UL>
<BR>[Called By]<UL><LI><a href="#[109]">&gt;&gt;</a>&nbsp;&nbsp;&nbsp;_double_epilogue
<LI><a href="#[102]">&gt;&gt;</a>&nbsp;&nbsp;&nbsp;__aeabi_ddiv
<LI><a href="#[116]">&gt;&gt;</a>&nbsp;&nbsp;&nbsp;__aeabi_dadd
</UL>

<P><STRONG><a name="[109]"></a>_double_epilogue</STRONG> (Thumb, 156 bytes, Stack size 32 bytes, depilogue.o(.text))
[...]
<LI><a href="#[ae]">&gt;&gt;</a>&nbsp;&nbsp;&nbsp;md5_hmac
<LI><a href="#[3f6]">&gt;&gt;</a>&nbsp;&nbsp;&nbsp;strrchr
<LI><a href="#[401]">&gt;&gt;</a>&nbsp;&nbsp;&nbsp;__aeabi_memmove
<LI><a href="#[1ff]">&gt;&gt;</a>&nbsp;&nbsp;&nbsp;__aeabi_memcpy
</UL>
<BR>[Called By]<UL><LI><a href="#[41c]">&gt;&gt;</a>&nbsp;&nbsp;&nbsp;ssl_write_record
</UL>

<P><STRONG><a name="[3fc]"></a>ssl_mac_md5</STRONG> (Thumb, 158 bytes, Stack size 296 bytes, ssl_tls.o(i.ssl_mac_md5))
<BR><BR>[Stack]<UL><LI>Max Depth = 432<LI>Call Chain = ssl_mac_md5 &rArr; md5_finish &rArr; md5_update &rArr; md5_process
</UL>
<BR>[Calls]<UL><LI><a href="#[36e]">&gt;&gt;</a>&nbsp;&nbsp;&nbsp;md5_update
<LI><a href="#[36d]">&gt;&gt;</a>&nbsp;&nbsp;&nbsp;md5_starts
<LI><a href="#[36f]">&gt;&gt;</a>&nbsp;&nbsp;&nbsp;md5_finish
<LI><a href="#[f9]">&gt;&gt;</a>&nbsp;&nbsp;&nbsp;__aeabi_memset
</UL>
<BR>[Called By]<UL><LI><a href="#[400]">&gt;&gt;</a>&nbsp;&nbsp;&nbsp;ssl_encrypt_buf
<LI><a href="#[3f9]">&gt;&gt;</a>&nbsp;&nbsp;&nbsp;ssl_decrypt_buf
</UL>

<P><STRONG><a name="[3fb]"></a>ssl_mac_sha1</STRONG> (Thumb, 158 bytes, Stack size 288 bytes, ssl_tls.o(i.ssl_mac_sha1))
<BR><BR>[Stack]<UL><LI>Max Depth = 480<LI>Call Chain = ssl_mac_sha1 &rArr; sha1_finish &rArr; sha1_update &rArr; sha1_process
</UL>
<BR>[Calls]<UL><LI><a href="#[3d8]">&gt;&gt;</a>&nbsp;&nbsp;&nbsp;sha1_update
<LI><a href="#[3d7]">&gt;&gt;</a>&nbsp;&nbsp;&nbsp;sha1_starts
<LI><a href="#[3d9]">&gt;&gt;</a>&nbsp;&nbsp;&nbsp;sha1_finish
<LI><a href="#[f9]">&gt;&gt;</a>&nbsp;&nbsp;&nbsp;__aeabi_memset
</UL>
<BR>[Called By]<UL><LI><a href="#[400]">&gt;&gt;</a>&nbsp;&nbsp;&nbsp;ssl_encrypt_buf
<LI><a href="#[3f9]">&gt;&gt;</a>&nbsp;&nbsp;&nbsp;ssl_decrypt_buf
</UL>

<P><STRONG><a name="[3f7]"></a>tls1_prf</STRONG> (Thumb, 348 bytes, Stack size 208 bytes, ssl_tls.o(i.tls1_prf))
<BR><BR>[Stack]<UL><LI>Max Depth = 912<LI>Call Chain = tls1_prf &rArr; sha1_hmac &rArr; sha1_hmac_starts &rArr; sha1 &rArr; sha1_finish &rArr; sha1_update &rArr; sha1_process
</UL>
<BR>[Calls]<UL><LI><a href="#[ba]">&gt;&gt;</a>&nbsp;&nbsp;&nbsp;sha1_hmac
<LI><a href="#[ae]">&gt;&gt;</a>&nbsp;&nbsp;&nbsp;md5_hmac
<LI><a href="#[179]">&gt;&gt;</a>&nbsp;&nbsp;&nbsp;strlen
<LI><a href="#[203]">&gt;&gt;</a>&nbsp;&nbsp;&nbsp;__aeabi_memclr4
<LI><a href="#[1ff]">&gt;&gt;</a>&nbsp;&nbsp;&nbsp;__aeabi_memcpy
</UL>
<BR>[Called By]<UL><LI><a href="#[3f5]">&gt;&gt;</a>&nbsp;&nbsp;&nbsp;ssl_calc_finished
<LI><a href="#[3fd]">&gt;&gt;</a>&nbsp;&nbsp;&nbsp;ssl_derive_keys
</UL>

<P><STRONG><a name="[271]"></a>asn1_get_bitstring</STRONG> (Thumb, 78 bytes, Stack size 16 bytes, x509parse.o(i.asn1_get_bitstring))
<BR><BR>[Stack]<UL><LI>Max Depth = 44<LI>Call Chain = asn1_get_bitstring &rArr; asn1_get_tag &rArr; asn1_get_len
</UL>
<BR>[Calls]<UL><LI><a href="#[272]">&gt;&gt;</a>&nbsp;&nbsp;&nbsp;asn1_get_tag
</UL>
<BR>[Called By]<UL><LI><a href="#[471]">&gt;&gt;</a>&nbsp;&nbsp;&nbsp;x509_get_crt_ext
</UL>

<P><STRONG><a name="[273]"></a>asn1_get_bool</STRONG> (Thumb, 50 bytes, Stack size 16 bytes, x509parse.o(i.asn1_get_bool))
<BR><BR>[Stack]<UL><LI>Max Depth = 44<LI>Call Chain = asn1_get_bool &rArr; asn1_get_tag &rArr; asn1_get_len
</UL>
<BR>[Calls]<UL><LI><a href="#[272]">&gt;&gt;</a>&nbsp;&nbsp;&nbsp;asn1_get_tag
</UL>
<BR>[Called By]<UL><LI><a href="#[471]">&gt;&gt;</a>&nbsp;&nbsp;&nbsp;x509_get_crt_ext
<LI><a href="#[470]">&gt;&gt;</a>&nbsp;&nbsp;&nbsp;x509_get_basic_constraints
</UL>

<P><STRONG><a name="[274]"></a>asn1_get_int</STRONG> (Thumb, 74 bytes, Stack size 16 bytes, x509parse.o(i.asn1_get_int))
<BR><BR>[Stack]<UL><LI>Max Depth = 44<LI>Call Chain = asn1_get_int &rArr; asn1_get_tag &rArr; asn1_get_len
</UL>
<BR>[Calls]<UL><LI><a href="#[272]">&gt;&gt;</a>&nbsp;&nbsp;&nbsp;asn1_get_tag
</UL>
<BR>[Called By]<UL><LI><a href="#[47a]">&gt;&gt;</a>&nbsp;&nbsp;&nbsp;x509_get_version
<LI><a href="#[470]">&gt;&gt;</a>&nbsp;&nbsp;&nbsp;x509_get_basic_constraints
</UL>

<P><STRONG><a name="[278]"></a>asn1_get_len</STRONG> (Thumb, 98 bytes, Stack size 20 bytes, x509parse.o(i.asn1_get_len))
<BR><BR>[Stack]<UL><LI>Max Depth = 20<LI>Call Chain = asn1_get_len
</UL>
<BR>[Called By]<UL><LI><a href="#[478]">&gt;&gt;</a>&nbsp;&nbsp;&nbsp;x509_get_time
<LI><a href="#[475]">&gt;&gt;</a>&nbsp;&nbsp;&nbsp;x509_get_serial
<LI><a href="#[46f]">&gt;&gt;</a>&nbsp;&nbsp;&nbsp;x509_get_attr_type_value
<LI><a href="#[272]">&gt;&gt;</a>&nbsp;&nbsp;&nbsp;asn1_get_tag
</UL>

<P><STRONG><a name="[275]"></a>asn1_get_mpi</STRONG> (Thumb, 38 bytes, Stack size 16 bytes, x509parse.o(i.asn1_get_mpi))
<BR><BR>[Stack]<UL><LI>Max Depth = 152<LI>Call Chain = asn1_get_mpi &rArr; mpi_read_binary &rArr; mpi_lset &rArr; mpi_grow &rArr; malloc &rArr; internal_alloc &rArr; __aeabi_memcpy
</UL>
<BR>[Calls]<UL><LI><a href="#[276]">&gt;&gt;</a>&nbsp;&nbsp;&nbsp;mpi_read_binary
<LI><a href="#[272]">&gt;&gt;</a>&nbsp;&nbsp;&nbsp;asn1_get_tag
</UL>
<BR>[Called By]<UL><LI><a href="#[474]">&gt;&gt;</a>&nbsp;&nbsp;&nbsp;x509_get_pubkey
</UL>

<P><STRONG><a name="[277]"></a>asn1_get_sequence_of</STRONG> (Thumb, 118 bytes, Stack size 32 bytes, x509parse.o(i.asn1_get_sequence_of))
<BR><BR>[Stack]<UL><LI>Max Depth = 96<LI>Call Chain = asn1_get_sequence_of &rArr; malloc &rArr; internal_alloc &rArr; __aeabi_memcpy
</UL>
<BR>[Calls]<UL><LI><a href="#[272]">&gt;&gt;</a>&nbsp;&nbsp;&nbsp;asn1_get_tag
<LI><a href="#[0]">&gt;&gt;</a>&nbsp;&nbsp;&nbsp;malloc
</UL>
<BR>[Called By]<UL><LI><a href="#[471]">&gt;&gt;</a>&nbsp;&nbsp;&nbsp;x509_get_crt_ext
</UL>

<P><STRONG><a name="[272]"></a>asn1_get_tag</STRONG> (Thumb, 40 bytes, Stack size 8 bytes, x509parse.o(i.asn1_get_tag))
<BR><BR>[Stack]<UL><LI>Max Depth = 28<LI>Call Chain = asn1_get_tag &rArr; asn1_get_len
</UL>
<BR>[Calls]<UL><LI><a href="#[278]">&gt;&gt;</a>&nbsp;&nbsp;&nbsp;asn1_get_len
</UL>
<BR>[Called By]<UL><LI><a href="#[47a]">&gt;&gt;</a>&nbsp;&nbsp;&nbsp;x509_get_version
<LI><a href="#[479]">&gt;&gt;</a>&nbsp;&nbsp;&nbsp;x509_get_uid
<LI><a href="#[476]">&gt;&gt;</a>&nbsp;&nbsp;&nbsp;x509_get_sig
<LI><a href="#[474]">&gt;&gt;</a>&nbsp;&nbsp;&nbsp;x509_get_pubkey
<LI><a href="#[473]">&gt;&gt;</a>&nbsp;&nbsp;&nbsp;x509_get_name
<LI><a href="#[472]">&gt;&gt;</a>&nbsp;&nbsp;&nbsp;x509_get_ext
<LI><a href="#[471]">&gt;&gt;</a>&nbsp;&nbsp;&nbsp;x509_get_crt_ext
<LI><a href="#[470]">&gt;&gt;</a>&nbsp;&nbsp;&nbsp;x509_get_basic_constraints
<LI><a href="#[46f]">&gt;&gt;</a>&nbsp;&nbsp;&nbsp;x509_get_attr_type_value
<LI><a href="#[46e]">&gt;&gt;</a>&nbsp;&nbsp;&nbsp;x509_get_alg
<LI><a href="#[277]">&gt;&gt;</a>&nbsp;&nbsp;&nbsp;asn1_get_sequence_of
<LI><a href="#[275]">&gt;&gt;</a>&nbsp;&nbsp;&nbsp;asn1_get_mpi
<LI><a href="#[274]">&gt;&gt;</a>&nbsp;&nbsp;&nbsp;asn1_get_int
<LI><a href="#[273]">&gt;&gt;</a>&nbsp;&nbsp;&nbsp;asn1_get_bool
<LI><a href="#[271]">&gt;&gt;</a>&nbsp;&nbsp;&nbsp;asn1_get_bitstring
<LI><a href="#[417]">&gt;&gt;</a>&nbsp;&nbsp;&nbsp;x509parse_crt
</UL>

<P><STRONG><a name="[46e]"></a>x509_get_alg</STRONG> (Thumb, 90 bytes, Stack size 24 bytes, x509parse.o(i.x509_get_alg))
<BR><BR>[Stack]<UL><LI>Max Depth = 52<LI>Call Chain = x509_get_alg &rArr; asn1_get_tag &rArr; asn1_get_len
</UL>
<BR>[Calls]<UL><LI><a href="#[272]">&gt;&gt;</a>&nbsp;&nbsp;&nbsp;asn1_get_tag
</UL>
<BR>[Called By]<UL><LI><a href="#[474]">&gt;&gt;</a>&nbsp;&nbsp;&nbsp;x509_get_pubkey
<LI><a href="#[417]">&gt;&gt;</a>&nbsp;&nbsp;&nbsp;x509parse_crt
</UL>

<P><STRONG><a name="[46f]"></a>x509_get_attr_type_value</STRONG> (Thumb, 140 bytes, Stack size 24 bytes, x509parse.o(i.x509_get_attr_type_value))
<BR><BR>[Stack]<UL><LI>Max Depth = 52<LI>Call Chain = x509_get_attr_type_value &rArr; asn1_get_tag &rArr; asn1_get_len
</UL>
<BR>[Calls]<UL><LI><a href="#[272]">&gt;&gt;</a>&nbsp;&nbsp;&nbsp;asn1_get_tag
<LI><a href="#[278]">&gt;&gt;</a>&nbsp;&nbsp;&nbsp;asn1_get_len
</UL>
<BR>[Called By]<UL><LI><a href="#[473]">&gt;&gt;</a>&nbsp;&nbsp;&nbsp;x509_get_name
</UL>

<P><STRONG><a name="[470]"></a>x509_get_basic_constraints</STRONG> (Thumb, 118 bytes, Stack size 24 bytes, x509parse.o(i.x509_get_basic_constraints))
<BR><BR>[Stack]<UL><LI>Max Depth = 68<LI>Call Chain = x509_get_basic_constraints &rArr; asn1_get_int &rArr; asn1_get_tag &rArr; asn1_get_len
</UL>
<BR>[Calls]<UL><LI><a href="#[272]">&gt;&gt;</a>&nbsp;&nbsp;&nbsp;asn1_get_tag
<LI><a href="#[274]">&gt;&gt;</a>&nbsp;&nbsp;&nbsp;asn1_get_int
<LI><a href="#[273]">&gt;&gt;</a>&nbsp;&nbsp;&nbsp;asn1_get_bool
</UL>
<BR>[Called By]<UL><LI><a href="#[471]">&gt;&gt;</a>&nbsp;&nbsp;&nbsp;x509_get_crt_ext
</UL>

<P><STRONG><a name="[471]"></a>x509_get_crt_ext</STRONG> (Thumb, 486 bytes, Stack size 72 bytes, x509parse.o(i.x509_get_crt_ext))
<BR><BR>[Stack]<UL><LI>Max Depth = 168<LI>Call Chain = x509_get_crt_ext &rArr; asn1_get_sequence_of &rArr; malloc &rArr; internal_alloc &rArr; __aeabi_memcpy
</UL>
<BR>[Calls]<UL><LI><a href="#[301]">&gt;&gt;</a>&nbsp;&nbsp;&nbsp;memcmp
<LI><a href="#[472]">&gt;&gt;</a>&nbsp;&nbsp;&nbsp;x509_get_ext
<LI><a href="#[470]">&gt;&gt;</a>&nbsp;&nbsp;&nbsp;x509_get_basic_constraints
<LI><a href="#[272]">&gt;&gt;</a>&nbsp;&nbsp;&nbsp;asn1_get_tag
<LI><a href="#[277]">&gt;&gt;</a>&nbsp;&nbsp;&nbsp;asn1_get_sequence_of
<LI><a href="#[273]">&gt;&gt;</a>&nbsp;&nbsp;&nbsp;asn1_get_bool
<LI><a href="#[271]">&gt;&gt;</a>&nbsp;&nbsp;&nbsp;asn1_get_bitstring
</UL>
<BR>[Called By]<UL><LI><a href="#[417]">&gt;&gt;</a>&nbsp;&nbsp;&nbsp;x509parse_crt
</UL>

<P><STRONG><a name="[472]"></a>x509_get_ext</STRONG> (Thumb, 78 bytes, Stack size 16 bytes, x509parse.o(i.x509_get_ext))
<BR><BR>[Stack]<UL><LI>Max Depth = 44<LI>Call Chain = x509_get_ext &rArr; asn1_get_tag &rArr; asn1_get_len
</UL>
<BR>[Calls]<UL><LI><a href="#[272]">&gt;&gt;</a>&nbsp;&nbsp;&nbsp;asn1_get_tag
</UL>
<BR>[Called By]<UL><LI><a href="#[471]">&gt;&gt;</a>&nbsp;&nbsp;&nbsp;x509_get_crt_ext
</UL>

<P><STRONG><a name="[473]"></a>x509_get_name</STRONG> (Thumb, 116 bytes, Stack size 32 bytes, x509parse.o(i.x509_get_name))
<BR><BR>[Stack]<UL><LI>Max Depth = 96 + In Cycle
<LI>Call Chain = x509_get_name &rArr;  x509_get_name (Cycle)
</UL>
<BR>[Calls]<UL><LI><a href="#[203]">&gt;&gt;</a>&nbsp;&nbsp;&nbsp;__aeabi_memclr4
<LI><a href="#[473]">&gt;&gt;</a>&nbsp;&nbsp;&nbsp;x509_get_name
<LI><a href="#[46f]">&gt;&gt;</a>&nbsp;&nbsp;&nbsp;x509_get_attr_type_value
<LI><a href="#[272]">&gt;&gt;</a>&nbsp;&nbsp;&nbsp;asn1_get_tag
<LI><a href="#[0]">&gt;&gt;</a>&nbsp;&nbsp;&nbsp;malloc
</UL>
<BR>[Called By]<UL><LI><a href="#[473]">&gt;&gt;</a>&nbsp;&nbsp;&nbsp;x509_get_name
<LI><a href="#[417]">&gt;&gt;</a>&nbsp;&nbsp;&nbsp;x509parse_crt
</UL>

<P><STRONG><a name="[474]"></a>x509_get_pubkey</STRONG> (Thumb, 228 bytes, Stack size 32 bytes, x509parse.o(i.x509_get_pubkey))
<BR><BR>[Stack]<UL><LI>Max Depth = 184<LI>Call Chain = x509_get_pubkey &rArr; asn1_get_mpi &rArr; mpi_read_binary &rArr; mpi_lset &rArr; mpi_grow &rArr; malloc &rArr; internal_alloc &rArr; __aeabi_memcpy
</UL>
<BR>[Calls]<UL><LI><a href="#[301]">&gt;&gt;</a>&nbsp;&nbsp;&nbsp;memcmp
<LI><a href="#[46e]">&gt;&gt;</a>&nbsp;&nbsp;&nbsp;x509_get_alg
<LI><a href="#[272]">&gt;&gt;</a>&nbsp;&nbsp;&nbsp;asn1_get_tag
<LI><a href="#[275]">&gt;&gt;</a>&nbsp;&nbsp;&nbsp;asn1_get_mpi
</UL>
<BR>[Called By]<UL><LI><a href="#[417]">&gt;&gt;</a>&nbsp;&nbsp;&nbsp;x509parse_crt
</UL>

<P><STRONG><a name="[475]"></a>x509_get_serial</STRONG> (Thumb, 74 bytes, Stack size 16 bytes, x509parse.o(i.x509_get_serial))
<BR><BR>[Stack]<UL><LI>Max Depth = 36<LI>Call Chain = x509_get_serial &rArr; asn1_get_len
</UL>
<BR>[Calls]<UL><LI><a href="#[278]">&gt;&gt;</a>&nbsp;&nbsp;&nbsp;asn1_get_len
</UL>
<BR>[Called By]<UL><LI><a href="#[417]">&gt;&gt;</a>&nbsp;&nbsp;&nbsp;x509parse_crt
</UL>

<P><STRONG><a name="[476]"></a>x509_get_sig</STRONG> (Thumb, 70 bytes, Stack size 16 bytes, x509parse.o(i.x509_get_sig))
<BR><BR>[Stack]<UL><LI>Max Depth = 44<LI>Call Chain = x509_get_sig &rArr; asn1_get_tag &rArr; asn1_get_len
</UL>
<BR>[Calls]<UL><LI><a href="#[272]">&gt;&gt;</a>&nbsp;&nbsp;&nbsp;asn1_get_tag
</UL>
<BR>[Called By]<UL><LI><a href="#[417]">&gt;&gt;</a>&nbsp;&nbsp;&nbsp;x509parse_crt
</UL>

<P><STRONG><a name="[477]"></a>x509_get_sig_alg</STRONG> (Thumb, 76 bytes, Stack size 16 bytes, x509parse.o(i.x509_get_sig_alg))
<BR><BR>[Stack]<UL><LI>Max Depth = 28<LI>Call Chain = x509_get_sig_alg &rArr; memcmp
</UL>
<BR>[Calls]<UL><LI><a href="#[301]">&gt;&gt;</a>&nbsp;&nbsp;&nbsp;memcmp
</UL>
<BR>[Called By]<UL><LI><a href="#[417]">&gt;&gt;</a>&nbsp;&nbsp;&nbsp;x509parse_crt
</UL>

<P><STRONG><a name="[478]"></a>x509_get_time</STRONG> (Thumb, 234 bytes, Stack size 120 bytes, x509parse.o(i.x509_get_time))
<BR><BR>[Stack]<UL><LI>Max Depth = 384<LI>Call Chain = x509_get_time &rArr; __0sscanf &rArr; __vfscanf_char &rArr; __vfscanf &rArr; _scanf_real
</UL>
<BR>[Calls]<UL><LI><a href="#[203]">&gt;&gt;</a>&nbsp;&nbsp;&nbsp;__aeabi_memclr4
<LI><a href="#[1ff]">&gt;&gt;</a>&nbsp;&nbsp;&nbsp;__aeabi_memcpy
<LI><a href="#[278]">&gt;&gt;</a>&nbsp;&nbsp;&nbsp;asn1_get_len
<LI><a href="#[fb]">&gt;&gt;</a>&nbsp;&nbsp;&nbsp;__0sscanf
</UL>
<BR>[Called By]<UL><LI><a href="#[417]">&gt;&gt;</a>&nbsp;&nbsp;&nbsp;x509parse_crt
</UL>

<P><STRONG><a name="[479]"></a>x509_get_uid</STRONG> (Thumb, 54 bytes, Stack size 16 bytes, x509parse.o(i.x509_get_uid))
<BR><BR>[Stack]<UL><LI>Max Depth = 44<LI>Call Chain = x509_get_uid &rArr; asn1_get_tag &rArr; asn1_get_len
</UL>
<BR>[Calls]<UL><LI><a href="#[272]">&gt;&gt;</a>&nbsp;&nbsp;&nbsp;asn1_get_tag
</UL>
<BR>[Called By]<UL><LI><a href="#[417]">&gt;&gt;</a>&nbsp;&nbsp;&nbsp;x509parse_crt
</UL>

<P><STRONG><a name="[47a]"></a>x509_get_version</STRONG> (Thumb, 66 bytes, Stack size 24 bytes, x509parse.o(i.x509_get_version))
<BR><BR>[Stack]<UL><LI>Max Depth = 68<LI>Call Chain = x509_get_version &rArr; asn1_get_int &rArr; asn1_get_tag &rArr; asn1_get_len
</UL>
<BR>[Calls]<UL><LI><a href="#[272]">&gt;&gt;</a>&nbsp;&nbsp;&nbsp;asn1_get_tag
<LI><a href="#[274]">&gt;&gt;</a>&nbsp;&nbsp;&nbsp;asn1_get_int
</UL>
<BR>[Called By]<UL><LI><a href="#[417]">&gt;&gt;</a>&nbsp;&nbsp;&nbsp;x509parse_crt
</UL>

<P><STRONG><a name="[47b]"></a>x509_hash</STRONG> (Thumb, 82 bytes, Stack size 8 bytes, x509parse.o(i.x509_hash))
<BR><BR>[Stack]<UL><LI>Max Depth = 1376<LI>Call Chain = x509_hash &rArr; sha4 &rArr; sha4_finish &rArr; sha4_update &rArr; sha4_process
</UL>
<BR>[Calls]<UL><LI><a href="#[3f1]">&gt;&gt;</a>&nbsp;&nbsp;&nbsp;sha4
<LI><a href="#[3df]">&gt;&gt;</a>&nbsp;&nbsp;&nbsp;sha2
<LI><a href="#[b4]">&gt;&gt;</a>&nbsp;&nbsp;&nbsp;sha1
<LI><a href="#[a8]">&gt;&gt;</a>&nbsp;&nbsp;&nbsp;md5
<LI><a href="#[f9]">&gt;&gt;</a>&nbsp;&nbsp;&nbsp;__aeabi_memset
</UL>
<BR>[Called By]<UL><LI><a href="#[481]">&gt;&gt;</a>&nbsp;&nbsp;&nbsp;x509parse_verifycrl
<LI><a href="#[418]">&gt;&gt;</a>&nbsp;&nbsp;&nbsp;x509parse_verify
</UL>

<P><STRONG><a name="[481]"></a>x509parse_verifycrl</STRONG> (Thumb, 134 bytes, Stack size 96 bytes, x509parse.o(i.x509parse_verifycrl))
<BR><BR>[Stack]<UL><LI>Max Depth = 2424<LI>Call Chain = x509parse_verifycrl &rArr; rsa_pkcs1_verify &rArr; rsa_private &rArr; mpi_exp_mod &rArr; mpi_mod_mpi &rArr; mpi_div_mpi &rArr; mpi_mul_int &rArr; mpi_mul_mpi &rArr; mpi_copy &rArr; mpi_grow &rArr; malloc &rArr; internal_alloc &rArr; __aeabi_memcpy
</UL>
<BR>[Calls]<UL><LI><a href="#[3d5]">&gt;&gt;</a>&nbsp;&nbsp;&nbsp;rsa_pkcs1_verify
<LI><a href="#[301]">&gt;&gt;</a>&nbsp;&nbsp;&nbsp;memcmp
<LI><a href="#[480]">&gt;&gt;</a>&nbsp;&nbsp;&nbsp;x509parse_time_expired
<LI><a href="#[47f]">&gt;&gt;</a>&nbsp;&nbsp;&nbsp;x509parse_revoked
<LI><a href="#[47b]">&gt;&gt;</a>&nbsp;&nbsp;&nbsp;x509_hash
</UL>
<BR>[Called By]<UL><LI><a href="#[418]">&gt;&gt;</a>&nbsp;&nbsp;&nbsp;x509parse_verify
</UL>

<P><STRONG><a name="[f5]"></a>_isoweek</STRONG> (Thumb, 64 bytes, Stack size 16 bytes, strftime.o(.text))
<BR><BR>[Stack]<UL><LI>Max Depth = 16<LI>Call Chain = _isoweek
</UL>
<BR>[Calls]<UL><LI><a href="#[f6]">&gt;&gt;</a>&nbsp;&nbsp;&nbsp;_yeardays
</UL>
<BR>[Called By]<UL><LI><a href="#[f7]">&gt;&gt;</a>&nbsp;&nbsp;&nbsp;strftime
</UL>

<P><STRONG><a name="[f6]"></a>_yeardays</STRONG> (Thumb, 42 bytes, Stack size 0 bytes, strftime.o(.text))
<BR><BR>[Called By]<UL><LI><a href="#[f5]">&gt;&gt;</a>&nbsp;&nbsp;&nbsp;_isoweek
</UL>

<P><STRONG><a name="[263]"></a>_fp_digits</STRONG> (Thumb, 366 bytes, Stack size 64 bytes, printfa.o(i._fp_digits), UNUSED)
<BR><BR>[Calls]<UL><LI><a href="#[101]">&gt;&gt;</a>&nbsp;&nbsp;&nbsp;__aeabi_dmul
<LI><a href="#[10d]">&gt;&gt;</a>&nbsp;&nbsp;&nbsp;__aeabi_d2ulz
<LI><a href="#[264]">&gt;&gt;</a>&nbsp;&nbsp;&nbsp;__aeabi_cdrcmple
<LI><a href="#[f0]">&gt;&gt;</a>&nbsp;&nbsp;&nbsp;__aeabi_uldivmod
<LI><a href="#[102]">&gt;&gt;</a>&nbsp;&nbsp;&nbsp;__aeabi_ddiv
<LI><a href="#[116]">&gt;&gt;</a>&nbsp;&nbsp;&nbsp;__aeabi_dadd
</UL>
<BR>[Called By]<UL><LI><a href="#[25d]">&gt;&gt;</a>&nbsp;&nbsp;&nbsp;_printf_core
</UL>

<P><STRONG><a name="[25d]"></a>_printf_core</STRONG> (Thumb, 1744 bytes, Stack size 136 bytes, printfa.o(i._printf_core), UNUSED)
<BR><BR>[Calls]<UL><LI><a href="#[f0]">&gt;&gt;</a>&nbsp;&nbsp;&nbsp;__aeabi_uldivmod
<LI><a href="#[267]">&gt;&gt;</a>&nbsp;&nbsp;&nbsp;__aeabi_uidivmod
<LI><a href="#[265]">&gt;&gt;</a>&nbsp;&nbsp;&nbsp;_printf_pre_padding
<LI><a href="#[266]">&gt;&gt;</a>&nbsp;&nbsp;&nbsp;_printf_post_padding
<LI><a href="#[263]">&gt;&gt;</a>&nbsp;&nbsp;&nbsp;_fp_digits
</UL>
<BR>[Called By]<UL><LI><a href="#[260]">&gt;&gt;</a>&nbsp;&nbsp;&nbsp;__0vsnprintf
<LI><a href="#[25f]">&gt;&gt;</a>&nbsp;&nbsp;&nbsp;__0sprintf
<LI><a href="#[25e]">&gt;&gt;</a>&nbsp;&nbsp;&nbsp;__0snprintf
<LI><a href="#[25c]">&gt;&gt;</a>&nbsp;&nbsp;&nbsp;__0printf
</UL>

<P><STRONG><a name="[266]"></a>_printf_post_padding</STRONG> (Thumb, 36 bytes, Stack size 24 bytes, printfa.o(i._printf_post_padding), UNUSED)
<BR><BR>[Called By]<UL><LI><a href="#[25d]">&gt;&gt;</a>&nbsp;&nbsp;&nbsp;_printf_core
</UL>

<P><STRONG><a name="[265]"></a>_printf_pre_padding</STRONG> (Thumb, 46 bytes, Stack size 24 bytes, printfa.o(i._printf_pre_padding), UNUSED)
<BR><BR>[Called By]<UL><LI><a href="#[25d]">&gt;&gt;</a>&nbsp;&nbsp;&nbsp;_printf_core
</UL>

<P><STRONG><a name="[79]"></a>_snputc</STRONG> (Thumb, 22 bytes, Stack size 0 bytes, printfa.o(i._snputc))
<BR>[Address Reference Count : 2]<UL><LI> printfa.o(i.__0vsnprintf)
<LI> printfa.o(i.__0snprintf)
</UL>
<P><STRONG><a name="[7a]"></a>_sputc</STRONG> (Thumb, 10 bytes, Stack size 0 bytes, printfa.o(i._sputc))
<BR><BR>[Called By]<UL><LI><a href="#[25f]">&gt;&gt;</a>&nbsp;&nbsp;&nbsp;__0sprintf
</UL>
<BR>[Address Reference Count : 1]<UL><LI> printfa.o(i.__0sprintf)
</UL>
<P><STRONG><a name="[262]"></a>internal_alloc</STRONG> (Thumb, 76 bytes, Stack size 24 bytes, mallocr.o(i.internal_alloc))
<BR><BR>[Stack]<UL><LI>Max Depth = 32<LI>Call Chain = internal_alloc &rArr; __aeabi_memcpy
</UL>
<BR>[Calls]<UL><LI><a href="#[1ff]">&gt;&gt;</a>&nbsp;&nbsp;&nbsp;__aeabi_memcpy
</UL>
<BR>[Called By]<UL><LI><a href="#[2]">&gt;&gt;</a>&nbsp;&nbsp;&nbsp;realloc
<LI><a href="#[0]">&gt;&gt;</a>&nbsp;&nbsp;&nbsp;malloc
</UL>

<P><STRONG><a name="[ff]"></a>_fp_value</STRONG> (Thumb, 256 bytes, Stack size 56 bytes, scanf_fp.o(.text), UNUSED)
<BR><BR>[Calls]<UL><LI><a href="#[101]">&gt;&gt;</a>&nbsp;&nbsp;&nbsp;__aeabi_dmul
<LI><a href="#[100]">&gt;&gt;</a>&nbsp;&nbsp;&nbsp;__aeabi_ul2d
<LI><a href="#[102]">&gt;&gt;</a>&nbsp;&nbsp;&nbsp;__aeabi_ddiv
</UL>
<BR>[Called By]<UL><LI><a href="#[103]">&gt;&gt;</a>&nbsp;&nbsp;&nbsp;_scanf_really_real
</UL>

<P><STRONG><a name="[64]"></a>_scanf_char_input</STRONG> (Thumb, 12 bytes, Stack size 0 bytes, scanf_char.o(.text))
<BR>[Address Reference Count : 1]<UL><LI> scanf_char.o(.text)
</UL>
<P><STRONG><a name="[110]"></a>_local_sscanf</STRONG> (Thumb, 54 bytes, Stack size 56 bytes, strtod.o(.text))
<BR><BR>[Stack]<UL><LI>Max Depth = 160<LI>Call Chain = _local_sscanf &rArr; _scanf_real
</UL>
<BR>[Calls]<UL><LI><a href="#[111]">&gt;&gt;</a>&nbsp;&nbsp;&nbsp;_scanf_real
</UL>
<BR>[Called By]<UL><LI><a href="#[112]">&gt;&gt;</a>&nbsp;&nbsp;&nbsp;__strtod_int
</UL>
<P>
<H3>
Undefined Global Symbols
</H3><HR></body></html>
